2026-09-17 08:37:10.733 INFO   Freerouting v2.4.1 (build-date: 2026-09-03)
2026-09-17 08:37:12.313 INFO   Opening 'v8_fr.dsn'...
2026-09-17 08:37:15.545 INFO   [F226D6\F5351F] Loading board file 'v8_fr.dsn'...
2026-09-17 08:37:15.846 INFO   Layer 'In1.Cu' has been automatically configured as a dedicated power plane because it contains a large conduction area covering >50% of the board.
2026-09-17 08:37:15.846 INFO   Layer 'In2.Cu' has been automatically configured as a dedicated power plane because it contains a large conduction area covering >50% of the board.
2026-09-17 08:37:22.481 INFO   [F226D6\F5351F] Starting routing of 'v8_fr' on 4 threads...
2026-09-17 08:37:23.082 INFO   [F226D6\F5351F] Fanout stage started on board '977360feaef3a45e0434d1c41808e3c6' with 73 of 90 SMD pins needing fanout (0 already connected, 17 netless).
2026-09-17 08:37:37.739 INFO   [F226D6\F5351F] Fanout pass #1 on board '969a19724900064a18822b63a91918f6' completed in 14.47 seconds with 73 SMD pins fanouted, 0 not routed, 0 insert errors, +47 extra vias (0 SMD pins still to check in pass, ripup costs=100).
2026-09-17 08:37:39.578 INFO   [F226D6\F5351F] Fanout pass #2 on board '29ed26b47074c17dccafa31f9d86c922' completed in 1.72 seconds with 3 SMD pins fanouted, 0 not routed, 0 insert errors, +3 extra vias (0 SMD pins still to check in pass, ripup costs=200).
2026-09-17 08:37:41.112 INFO   [F226D6\F5351F] Fanout pass #3 on board '29ed26b47074c17dccafa31f9d86c922' completed in 1.48 seconds with 0 SMD pins fanouted, 0 not routed, 0 insert errors, +0 extra vias (0 SMD pins still to check in pass, ripup costs=300).
2026-09-17 08:37:41.446 INFO   [F226D6\F5351F] Fanout stage completed: started with 73 total SMD pins, completed in 18.29 seconds, escaped pins: 73/73 (100.0%), using 5.61 total CPU seconds, 8.38 GB total allocated, and 200.0 MB peak heap usage.
2026-09-17 08:37:41.514 INFO   [F226D6\F5351F] Auto-routing stage started on board '29ed26b47074c17dccafa31f9d86c922' for 21 unrouted items.
2026-09-17 08:37:51.237 ERROR  Cannot invoke "app.freerouting.board.searchtree.SearchTreeObject.shapeLayer(int)" because "currentObject" is null
java.lang.NullPointerException: Cannot invoke "app.freerouting.board.searchtree.SearchTreeObject.shapeLayer(int)" because "currentObject" is null
	at app.freerouting.board.searchtree.ShapeSearchTree.overlappingTreeEntries(ShapeSearchTree.java:410)
	at app.freerouting.board.searchtree.ShapeSearchTree.overlappingObjects(ShapeSearchTree.java:358)
	at app.freerouting.board.searchtree.ShapeSearchTree.overlappingObjects(ShapeSearchTree.java:372)
	at app.freerouting.board.facade.BasicBoard.overlappingObjects(BasicBoard.java:919)
	at app.freerouting.board.model.items.ConductionArea.ensureDetailedFillCache(ConductionArea.java:135)
	at app.freerouting.board.model.items.ConductionArea.getDetailedFillArea(ConductionArea.java:108)
	at app.freerouting.gui.rendering.BoardRenderer.renderConductionArea(BoardRenderer.java:600)
	at app.freerouting.gui.rendering.BoardRenderer.renderItem(BoardRenderer.java:329)
	at app.freerouting.gui.rendering.BoardRenderer.draw(BoardRenderer.java:76)
	at app.freerouting.gui.workspace.controllers.GuiBoardPresentationController.draw(GuiBoardPresentationController.java:117)
	at app.freerouting.gui.workspace.GuiBoardManager.draw(GuiBoardManager.java:537)
	at app.freerouting.gui.board.BoardPanel.paintComponent(BoardPanel.java:615)
	at java.desktop/javax.swing.JComponent.paint(JComponent.java:1128)
	at java.desktop/javax.swing.JComponent.paintToOffscreen(JComponent.java:5324)
	at java.desktop/javax.swing.BufferStrategyPaintManager.paint(BufferStrategyPaintManager.java:255)
	at java.desktop/javax.swing.RepaintManager.paint(RepaintManager.java:1279)
	at java.desktop/javax.swing.JComponent._paintImmediately(JComponent.java:5272)
	at java.desktop/javax.swing.JComponent.paintImmediately(JComponent.java:5082)
	at java.desktop/javax.swing.RepaintManager.paintDirtyRegions(RepaintManager.java:825)
	at java.desktop/javax.swing.RepaintManager.paintDirtyRegions(RepaintManager.java:788)
	at java.desktop/javax.swing.RepaintManager.prePaintDirtyRegions(RepaintManager.java:738)
	at java.desktop/javax.swing.RepaintManager$ProcessingRunnable.run(RepaintManager.java:1840)
	at java.desktop/java.awt.event.InvocationEvent.dispatch(InvocationEvent.java:323)
	at java.desktop/java.awt.EventQueue.dispatchEventImpl(EventQueue.java:723)
	at java.desktop/java.awt.EventQueue.dispatchEvent(EventQueue.java:702)
	at java.desktop/java.awt.EventDispatchThread.pumpOneEventForFilters(EventDispatchThread.java:203)
	at java.desktop/java.awt.EventDispatchThread.pumpEventsForFilter(EventDispatchThread.java:124)
	at java.desktop/java.awt.EventDispatchThread.pumpEventsForHierarchy(EventDispatchThread.java:113)
	at java.desktop/java.awt.EventDispatchThread.pumpEvents(EventDispatchThread.java:109)
	at java.desktop/java.awt.EventDispatchThread.pumpEvents(EventDispatchThread.java:101)
	at java.desktop/java.awt.EventDispatchThread.run(EventDispatchThread.java:90)
2026-09-17 08:37:51.237 ERROR  Cannot invoke "app.freerouting.board.searchtree.SearchTreeObject.shapeLayer(int)" because "currentObject" is null
java.lang.NullPointerException: Cannot invoke "app.freerouting.board.searchtree.SearchTreeObject.shapeLayer(int)" because "currentObject" is null
	at app.freerouting.board.searchtree.ShapeSearchTree.overlappingTreeEntries(ShapeSearchTree.java:410)
	at app.freerouting.board.searchtree.ShapeSearchTree.overlappingObjects(ShapeSearchTree.java:358)
	at app.freerouting.board.searchtree.ShapeSearchTree.overlappingObjects(ShapeSearchTree.java:372)
	at app.freerouting.board.facade.BasicBoard.overlappingObjects(BasicBoard.java:919)
	at app.freerouting.board.model.items.ConductionArea.ensureDetailedFillCache(ConductionArea.java:135)
	at app.freerouting.board.model.items.ConductionArea.getDetailedFillArea(ConductionArea.java:108)
	at app.freerouting.gui.rendering.BoardRenderer.renderConductionArea(BoardRenderer.java:600)
	at app.freerouting.gui.rendering.BoardRenderer.renderItem(BoardRenderer.java:329)
	at app.freerouting.gui.rendering.BoardRenderer.draw(BoardRenderer.java:76)
	at app.freerouting.gui.workspace.controllers.GuiBoardPresentationController.draw(GuiBoardPresentationController.java:117)
	at app.freerouting.gui.workspace.GuiBoardManager.draw(GuiBoardManager.java:537)
	at app.freerouting.gui.board.BoardPanel.paintComponent(BoardPanel.java:615)
	at java.desktop/javax.swing.JComponent.paint(JComponent.java:1128)
	at java.desktop/javax.swing.JComponent.paintToOffscreen(JComponent.java:5324)
	at java.desktop/javax.swing.BufferStrategyPaintManager.paint(BufferStrategyPaintManager.java:255)
	at java.desktop/javax.swing.RepaintManager.paint(RepaintManager.java:1279)
	at java.desktop/javax.swing.JComponent._paintImmediately(JComponent.java:5272)
	at java.desktop/javax.swing.JComponent.paintImmediately(JComponent.java:5082)
	at java.desktop/javax.swing.RepaintManager.paintDirtyRegions(RepaintManager.java:825)
	at java.desktop/javax.swing.RepaintManager.paintDirtyRegions(RepaintManager.java:788)
	at java.desktop/javax.swing.RepaintManager.prePaintDirtyRegions(RepaintManager.java:738)
	at java.desktop/javax.swing.RepaintManager$ProcessingRunnable.run(RepaintManager.java:1840)
	at java.desktop/java.awt.event.InvocationEvent.dispatch(InvocationEvent.java:323)
	at java.desktop/java.awt.EventQueue.dispatchEventImpl(EventQueue.java:723)
	at java.desktop/java.awt.EventQueue.dispatchEvent(EventQueue.java:702)
	at java.desktop/java.awt.EventDispatchThread.pumpOneEventForFilters(EventDispatchThread.java:203)
	at java.desktop/java.awt.EventDispatchThread.pumpEventsForFilter(EventDispatchThread.java:124)
	at java.desktop/java.awt.EventDispatchThread.pumpEventsForHierarchy(EventDispatchThread.java:113)
	at java.desktop/java.awt.EventDispatchThread.pumpEvents(EventDispatchThread.java:109)
	at java.desktop/java.awt.EventDispatchThread.pumpEvents(EventDispatchThread.java:101)
	at java.desktop/java.awt.EventDispatchThread.run(EventDispatchThread.java:90)
2026-09-17 08:37:52.632 INFO   [F226D6\F5351F] Auto-routing pass #1 on board '29ed26b47074c17dccafa31f9d86c922' was completed in 10.36 seconds with score 779.48 (2 unrouted and 76 violations), using 9.46 CPU seconds and the job allocated 15.50 GB of memory so far.
2026-09-17 08:37:55.019 INFO   [F226D6\F5351F] Auto-routing pass #2 on board 'e8e1eeb065d52d0c8edb78a532078b6a' was completed in 2.01 seconds with score 805.12 (0 unrouted and 76 violations), using 11.19 CPU seconds and the job allocated 19.55 GB of memory so far.
2026-09-17 08:37:56.527 INFO   [F226D6\F5351F] Auto-routing pass #3 on board 'aa32b7aa08858227f70f933438447cbb' was completed in 0.43 seconds with score 805.12 (0 unrouted and 76 violations), using 11.49 CPU seconds and the job allocated 20.26 GB of memory so far.
2026-09-17 08:37:57.503 INFO   [F226D6\F5351F] Auto-routing stage completed: started with 60 unrouted nets, completed in 35.02 seconds, final score: 805.12 (0 unrouted and 76 violations), using 11.85 total CPU seconds, 21.13 GB total allocated, and 215.1 MB peak heap usage.
2026-09-17 08:37:57.622 INFO   [F226D6\F5351F] Starting optimization on 4 threads...
2026-09-17 08:37:57.623 WARN   [F226D6\F5351F] Multi-threaded route optimization is broken and it is known to generate clearance violations. It is highly recommended to use the single-threaded route optimization instead by setting the number of threads to 1 with the '-mt 1' command line argument.
2026-09-17 08:37:58.086 INFO   [F226D6\F5351F] Optimization stage started on board '54fb110030ee6b5cc24d78c174f2f331' with score 805.12 (0 unrouted and 76 violations).
2026-09-17 08:40:50.979 INFO   [F226D6\F5351F] Optimizer pass #1 on board '3390f8927af0b94dba3f2da7cc82a575' was completed in 171.93 seconds with the score of 805.12 (0 unrouted and 76 violations).
2026-09-17 08:40:51.518 INFO   [F226D6\F5351F] Stopping optimizer because the improvement in this pass (0.0001%) is below the threshold (1.00%).
2026-09-17 08:40:52.029 INFO   [F226D6\F5351F] Optimization stage completed: started with score 805.12 (0 unrouted and 76 violations), completed in 173.46 seconds, final score: 805.12 (0 unrouted and 76 violations), using 76.53 total CPU seconds, 195.36 GB total allocated, and 121.7 MB peak heap usage.
2026-09-17 08:40:52.372 INFO   [F226D6\F5351F] Optimization was completed in 2 minutes 54.75 seconds with the score of 805.12 (0 unrouted and 76 violations) and an improvement of +0.00%.
2026-09-17 08:40:53.246 INFO   Saving 'v8_fr.ses'...
