CMD: python py_router/route.py /home/c03rad0r/worktrees/t_157df236/tracker/hardware/output/v_c3_flight_4layer_placed_netfix.kicad_pcb /home/c03rad0r/worktrees/t_157df236/tracker/hardware/output/v8e_krt_novip.kicad_pcb "*" --track-width 0.2 --clearance 0.2 --via-size 0.6 --via-drill 0.3 --same-net-pad-clearance 0.2 --power-nets GND +3V3 --power-nets-widths 0.3 0.3 --fab-tier standard --strict-sizes --no-fix-drc-settings --write-fill --stats
ENV KNOBS: none
--clearance 0.2: the Default net class routes at it this run; other classes are honoured (pass --clearance-ceiling to cap every class).
--hole-to-hole-clearance not given; using 0.25mm [board constraint].
--board-edge-clearance not given; using 0.5mm [board constraint].
Loading /home/c03rad0r/worktrees/t_157df236/tracker/hardware/output/v_c3_flight_4layer_placed_netfix.kicad_pcb to expand net patterns...
Using all 4 copper layers: F.Cu In1.Cu In2.Cu B.Cu (override with --layers)
Pattern '*' matched 22 nets
Routing 22 nets: ['+3V3', 'EN', 'GND', 'GPS_RX', 'GPS_TX']...
Loading /home/c03rad0r/worktrees/t_157df236/tracker/hardware/output/v_c3_flight_4layer_placed_netfix.kicad_pcb...
Using 4 routing layers: ['F.Cu', 'In1.Cu', 'In2.Cu', 'B.Cu']
  Layer costs: F.Cu=1.0x, In1.Cu=1.0x, In2.Cu=1.0x, B.Cu=1.0x
Auto-detected 1 BGA exclusion zone(s):
  U5: (21.8, 34.7) to (24.2, 37.3), edge_tol=0.72mm
Same-net pad via clearance 0.2mm (from flag, #581): vias stay off same-net pads

Power net width assignments (2 nets):
  0.3mm: +3V3, GND

Using MPS ordering strategy...
MPS: 22 nets with 21 crossing conflicts detected
MPS Round 1: 13 units: I2C_SDA, I2C_SCL, LED_A, RF_OUT, SPI_MISO, VDIV_MID, VCAP, GPS_RX, SPI_SCK, UART0_RX, SPI_MOSI, +3V3, EN
MPS Round 2: 6 units: SPI_NSS, LED_DRIVE, GPS_TX, LR_DIO0, UART0_TX, SOLAR_IN
MPS Round 3: 2 units: LR_RST, GND
MPS Round 4: 1 units: LR_BUSY
Direct-first ordering (#472): 4 bare-ball net(s) moved to the front: I2C_SDA, I2C_SCL, +3V3, GND

Routing 22 single-ended net(s)...
============================================================
Building base obstacle map...
Per-layer clearance rules from the board's .kicad_dru (#498, replace net/class values on their layers): B.Cu:0.2, F.Cu:0.2, In1.Cu:0.2, In2.Cu:0.2
Copper-to-hole clearance 0.25mm (from the board's own min_hole_clearance, above the 0.2mm fab floor)
Base obstacle map built in 0.07s
Found 22 unrouted nets in PCB for stub proximity
Pre-computing net obstacle cache...
Net obstacle cache built in 0.23s (22 nets)
Plane fragility: exact-fill geometry (2 filled island(s) from KiCad refill)
Plane fragility field: 101436 cells near the edges of 2 pour(s) (KICAD_PLANE_FRAGILITY_COST=2.0mm-equiv, DYNAMIC #466 (=0 via KICAD_PLANE_FRAGILITY_DYNAMIC reverts))
History congestion (#590) armed: +0.1mm-equiv per contest, cap 0.5, escalate 0.0, rip weight 1.0 (radius +0.25mm), frontier weight 0.25

[1/22] Routing I2C_SDA (id=16)
  Detected multi-point net with 4 pads (Phase 1: main route only)
  Multi-point net Phase 1: routing longest MST edge (pads 0 and 1, length=30.24mm)
  Phase 1 routed in 209 iterations, 6 segments
  SUCCESS: 6 segments, 0 vias, 209 iterations, length=24.80mm (stubs=0.00mm) (0.05s)

[2/22] Routing I2C_SCL (id=17)
  Detected multi-point net with 3 pads (Phase 1: main route only)
  Multi-point net Phase 1: routing longest MST edge (pads 0 and 1, length=38.20mm)
  Phase 1 edge (pads 0,1) failed after 5001 iterations - trying next MST edge
  Multi-point net Phase 1: retrying with next MST edge (2/2) (pads 1 and 2, length=30.67mm)
  Phase 1 routed in 5238 iterations, 5 segments
  SUCCESS: 5 segments, 0 vias, 5238 iterations, length=26.55mm (stubs=0.00mm) (0.31s)

[3/22] Routing +3V3 (id=1)
  Detected multi-point net with 17 pads (Phase 1: main route only)
  POUR-LAUNCH v3: +129 region-laddered target(s) across 1 component(s) (phase 1)
  Existing copper joins 17 terminals into 16 group(s)
  Multi-point net Phase 1: routing longest MST edge (pads 0 and 9, length=22.98mm)
  Phase 1 routed in 31052 iterations, 7 segments
  SUCCESS: 7 segments, 2 vias, 31052 iterations, length=21.32mm (stubs=0.00mm) (0.25s)

[4/22] Routing GND (id=2)
  Detected multi-point net with 37 pads (Phase 1: main route only)
  POUR-LAUNCH v3: +175 region-laddered target(s) across 1 component(s) (phase 1)
  Existing copper joins 37 terminals into 21 group(s)
  Multi-point net Phase 1: routing longest MST edge (pads 12 and 24, length=13.36mm)
  Phase 1 routed in 354 iterations, 4 segments
  SUCCESS: 4 segments, 1 vias, 354 iterations, length=1.96mm (stubs=0.00mm) (0.11s)

[5/22] Routing LED_A (id=19)
  A* Search Statistics:
    Cells expanded:  73 (popped from open set)
    Cells pushed:    460 (added to open set)
    Cells revisited: 0 (path improvements)
    Duplicate skips: 0 (already in closed)
    Path length:     73 grid steps
    Path cost:       96,967
    Via count:       0
    Initial h:       245,295
    Final g:         96,967
    Open set size:   387 (at termination)
    Closed set size: 72 (unique visited)
    Heuristic ratio: 2.530 (h/g, weighted A* (h_weight ~2.5))
    Expansion ratio: 1.0x path length (excellent)
    Revisit ratio:   0.000 (path improvements / expanded)
    Skip ratio:      0.000 (duplicates / total pops)
  SUCCESS: 4 segments, 0 vias, 73 iterations, length=8.67mm (stubs=0.00mm) (0.01s)

[6/22] Routing RF_OUT (id=22)
  A* Search Statistics:
    Cells expanded:  370 (popped from open set)
    Cells pushed:    1,428 (added to open set)
    Cells revisited: 389 (path improvements)
    Duplicate skips: 303 (already in closed)
    Path length:     97 grid steps
    Path cost:       129,826
    Via count:       0
    Initial h:       224,871
    Final g:         129,826
    Open set size:   755 (at termination)
    Closed set size: 369 (unique visited)
    Heuristic ratio: 1.732 (h/g, weighted A* (h_weight ~1.7))
    Expansion ratio: 3.8x path length (good)
    Revisit ratio:   1.051 (path improvements / expanded)
    Skip ratio:      0.450 (duplicates / total pops)
  SUCCESS: 4 segments, 0 vias, 673 iterations, length=11.03mm (stubs=0.00mm) (0.01s)

[7/22] Routing SPI_MISO (id=9)
  A* Search Statistics:
    Cells expanded:  89 (popped from open set)
    Cells pushed:    472 (added to open set)
    Cells revisited: 0 (path improvements)
    Duplicate skips: 0 (already in closed)
    Path length:     88 grid steps
    Path cost:       125,028
    Via count:       0
    Initial h:       247,710
    Final g:         125,028
    Open set size:   383 (at termination)
    Closed set size: 88 (unique visited)
    Heuristic ratio: 1.981 (h/g, weighted A* (h_weight ~2.0))
    Expansion ratio: 1.0x path length (excellent)
    Revisit ratio:   0.000 (path improvements / expanded)
    Skip ratio:      0.000 (duplicates / total pops)
  SUCCESS: 10 segments, 0 vias, 89 iterations, length=10.93mm (stubs=0.00mm) (0.01s)

[8/22] Routing VDIV_MID (id=5)
  Detected multi-point net with 3 pads (Phase 1: main route only)
  Multi-point net Phase 1: routing longest MST edge (pads 0 and 1, length=26.26mm)
  Phase 1 routed in 490 iterations, 28 segments
  SUCCESS: 28 segments, 0 vias, 490 iterations, length=27.29mm (stubs=0.00mm) (0.01s)

[9/22] Routing VCAP (id=3)
  Detected multi-point net with 5 pads (Phase 1: main route only)
  Multi-point net Phase 1: routing longest MST edge (pads 1 and 2, length=12.81mm)
  Phase 1 routed in 32801 iterations, 23 segments
  SUCCESS: 23 segments, 0 vias, 32801 iterations, length=22.53mm (stubs=0.00mm) (0.05s)

[10/22] Routing GPS_RX (id=8)
  A* Search Statistics:
    Cells expanded:  1,292 (popped from open set)
    Cells pushed:    4,597 (added to open set)
    Cells revisited: 819 (path improvements)
    Duplicate skips: 717 (already in closed)
    Path length:     259 grid steps
    Path cost:       330,840
    Via count:       0
    Initial h:       490,672
    Final g:         330,840
    Open set size:   2,588 (at termination)
    Closed set size: 1,291 (unique visited)
    Heuristic ratio: 1.483 (h/g, weighted A* (h_weight ~1.5))
    Expansion ratio: 5.0x path length (good)
    Revisit ratio:   0.634 (path improvements / expanded)
    Skip ratio:      0.357 (duplicates / total pops)
  SUCCESS: 15 segments, 0 vias, 2009 iterations, length=28.39mm (stubs=0.00mm) (0.02s)

[11/22] Routing SPI_SCK (id=10)
  A* Search Statistics:
    Cells expanded:  11,586 (popped from open set)
    Cells pushed:    56,583 (added to open set)
    Cells revisited: 16,469 (path improvements)
    Duplicate skips: 16,136 (already in closed)
    Path length:     271 grid steps
    Path cost:       476,988
    Via count:       2
    Initial h:       642,988
    Final g:         476,988
    Open set size:   28,861 (at termination)
    Closed set size: 11,585 (unique visited)
    Heuristic ratio: 1.348 (h/g, weighted A* (h_weight ~1.3))
    Expansion ratio: 42.8x path length (very poor)
    Revisit ratio:   1.421 (path improvements / expanded)
    Skip ratio:      0.582 (duplicates / total pops)
  SUCCESS: 16 segments, 2 vias, 37722 iterations, length=29.65mm (stubs=0.00mm) (0.07s)

[12/22] Routing UART0_RX (id=21)
  A* Search Statistics:
    Cells expanded:  5,610 (popped from open set)
    Cells pushed:    27,051 (added to open set)
    Cells revisited: 7,015 (path improvements)
    Duplicate skips: 6,308 (already in closed)
    Path length:     260 grid steps
    Path cost:       488,510
    Via count:       2
    Initial h:       830,704
    Final g:         488,510
    Open set size:   15,133 (at termination)
    Closed set size: 5,609 (unique visited)
    Heuristic ratio: 1.700 (h/g, weighted A* (h_weight ~1.7))
    Expansion ratio: 21.6x path length (very poor)
    Revisit ratio:   1.250 (path improvements / expanded)
    Skip ratio:      0.529 (duplicates / total pops)
  SUCCESS: 8 segments, 2 vias, 21918 iterations, length=29.19mm (stubs=0.00mm) (0.05s)

[13/22] Routing SPI_MOSI (id=11)
  A* Search Statistics:
    Cells expanded:  20,242 (popped from open set)
    Cells pushed:    92,477 (added to open set)
    Cells revisited: 23,922 (path improvements)
    Duplicate skips: 23,415 (already in closed)
    Path length:     269 grid steps
    Path cost:       474,698
    Via count:       2
    Initial h:       676,315
    Final g:         474,698
    Open set size:   48,820 (at termination)
    Closed set size: 20,241 (unique visited)
    Heuristic ratio: 1.425 (h/g, weighted A* (h_weight ~1.4))
    Expansion ratio: 75.2x path length (very poor)
    Revisit ratio:   1.182 (path improvements / expanded)
    Skip ratio:      0.536 (duplicates / total pops)
  SUCCESS: 12 segments, 2 vias, 53657 iterations, length=30.07mm (stubs=0.00mm) (0.17s)

[14/22] Routing EN (id=6)
  A* Search Statistics:
    Cells expanded:  9,745 (popped from open set)
    Cells pushed:    44,841 (added to open set)
    Cells revisited: 9,521 (path improvements)
    Duplicate skips: 9,015 (already in closed)
    Path length:     442 grid steps
    Path cost:       806,691
    Via count:       2
    Initial h:       1,214,689
    Final g:         806,691
    Open set size:   26,081 (at termination)
    Closed set size: 9,744 (unique visited)
    Heuristic ratio: 1.506 (h/g, weighted A* (h_weight ~1.5))
    Expansion ratio: 22.0x path length (very poor)
    Revisit ratio:   0.977 (path improvements / expanded)
    Skip ratio:      0.481 (duplicates / total pops)
  SUCCESS: 12 segments, 2 vias, 28760 iterations, length=48.73mm (stubs=0.00mm) (0.08s)

[15/22] Routing SPI_NSS (id=12)
  A* Search Statistics:
    Cells expanded:  1,403 (popped from open set)
    Cells pushed:    4,719 (added to open set)
    Cells revisited: 909 (path improvements)
    Duplicate skips: 906 (already in closed)
    Path length:     106 grid steps
    Path cost:       314,292
    Via count:       2
    Initial h:       276,276
    Final g:         314,292
    Open set size:   2,410 (at termination)
    Closed set size: 1,402 (unique visited)
    Heuristic ratio: 0.879 (h/g, admissible (underestimate))
    Expansion ratio: 13.2x path length (poor)
    Revisit ratio:   0.648 (path improvements / expanded)
    Skip ratio:      0.392 (duplicates / total pops)
  SUCCESS: 18 segments, 2 vias, 7309 iterations, length=13.61mm (stubs=0.00mm) (0.03s)

[16/22] Routing LED_DRIVE (id=18)
  A* Search Statistics:
    Cells expanded:  14,591 (popped from open set)
    Cells pushed:    66,798 (added to open set)
    Cells revisited: 17,641 (path improvements)
    Duplicate skips: 17,076 (already in closed)
    Path length:     225 grid steps
    Path cost:       487,863
    Via count:       2
    Initial h:       652,160
    Final g:         487,863
    Open set size:   35,131 (at termination)
    Closed set size: 14,590 (unique visited)
    Heuristic ratio: 1.337 (h/g, weighted A* (h_weight ~1.3))
    Expansion ratio: 64.8x path length (very poor)
    Revisit ratio:   1.209 (path improvements / expanded)
    Skip ratio:      0.539 (duplicates / total pops)
  SUCCESS: 19 segments, 2 vias, 41667 iterations, length=27.35mm (stubs=0.00mm) (0.10s)

[17/22] Routing GPS_TX (id=7)
  A* Search Statistics:
    Cells expanded:  3,418 (popped from open set)
    Cells pushed:    11,032 (added to open set)
    Cells revisited: 3,077 (path improvements)
    Duplicate skips: 2,567 (already in closed)
    Path length:     229 grid steps
    Path cost:       480,868
    Via count:       2
    Initial h:       550,472
    Final g:         480,868
    Open set size:   5,047 (at termination)
    Closed set size: 3,417 (unique visited)
    Heuristic ratio: 1.145 (h/g, weighted A* (h_weight ~1.1))
    Expansion ratio: 14.9x path length (poor)
    Revisit ratio:   0.900 (path improvements / expanded)
    Skip ratio:      0.429 (duplicates / total pops)
  SUCCESS: 20 segments, 2 vias, 15985 iterations, length=27.34mm (stubs=0.00mm) (0.04s)

[18/22] Routing LR_DIO0 (id=15)
  A* Search Statistics:
    Cells expanded:  2,507 (popped from open set)
    Cells pushed:    10,681 (added to open set)
    Cells revisited: 2,483 (path improvements)
    Duplicate skips: 2,482 (already in closed)
    Path length:     243 grid steps
    Path cost:       451,526
    Via count:       2
    Initial h:       616,515
    Final g:         451,526
    Open set size:   5,692 (at termination)
    Closed set size: 2,506 (unique visited)
    Heuristic ratio: 1.365 (h/g, weighted A* (h_weight ~1.4))
    Expansion ratio: 10.3x path length (poor)
    Revisit ratio:   0.990 (path improvements / expanded)
    Skip ratio:      0.497 (duplicates / total pops)
  SUCCESS: 15 segments, 2 vias, 9989 iterations, length=27.55mm (stubs=0.00mm) (0.04s)

[19/22] Routing UART0_TX (id=20)
  A* Search Statistics:
    Cells expanded:  1,217 (popped from open set)
    Cells pushed:    4,327 (added to open set)
    Cells revisited: 628 (path improvements)
    Duplicate skips: 628 (already in closed)
    Path length:     279 grid steps
    Path cost:       492,275
    Via count:       1
    Initial h:       850,107
    Final g:         492,275
    Open set size:   2,482 (at termination)
    Closed set size: 1,216 (unique visited)
    Heuristic ratio: 1.727 (h/g, weighted A* (h_weight ~1.7))
    Expansion ratio: 4.4x path length (good)
    Revisit ratio:   0.516 (path improvements / expanded)
    Skip ratio:      0.340 (duplicates / total pops)
  SUCCESS: 10 segments, 1 vias, 1845 iterations, length=29.88mm (stubs=0.00mm) (0.03s)

[20/22] Routing SOLAR_IN (id=4)
  A* Search Statistics:
    Cells expanded:  15,723 (popped from open set)
    Cells pushed:    63,968 (added to open set)
    Cells revisited: 13,762 (path improvements)
    Duplicate skips: 12,727 (already in closed)
    Path length:     229 grid steps
    Path cost:       667,612
    Via count:       4
    Initial h:       677,718
    Final g:         667,612
    Open set size:   35,518 (at termination)
    Closed set size: 15,722 (unique visited)
    Heuristic ratio: 1.015 (h/g, weighted A* (h_weight ~1.0))
    Expansion ratio: 68.7x path length (very poor)
    Revisit ratio:   0.875 (path improvements / expanded)
    Skip ratio:      0.447 (duplicates / total pops)
  SUCCESS: 11 segments, 4 vias, 38450 iterations, length=31.07mm (stubs=0.00mm) (0.12s)

[21/22] Routing LR_RST (id=13)
  A* Search Statistics:
    Cells expanded:  9,701 (popped from open set)
    Cells pushed:    37,197 (added to open set)
    Cells revisited: 6,943 (path improvements)
    Duplicate skips: 6,008 (already in closed)
    Path length:     126 grid steps
    Path cost:       356,559
    Via count:       2
    Initial h:       214,383
    Final g:         356,559
    Open set size:   21,488 (at termination)
    Closed set size: 9,700 (unique visited)
    Heuristic ratio: 0.601 (h/g, admissible (underestimate))
    Expansion ratio: 77.0x path length (very poor)
    Revisit ratio:   0.716 (path improvements / expanded)
    Skip ratio:      0.382 (duplicates / total pops)
  SUCCESS: 15 segments, 2 vias, 25709 iterations, length=13.91mm (stubs=0.00mm) (0.11s)

[22/22] Routing LR_BUSY (id=14)
  A* Search Statistics:
    Cells expanded:  14,706 (popped from open set)
    Cells pushed:    75,264 (added to open set)
    Cells revisited: 23,227 (path improvements)
    Duplicate skips: 22,896 (already in closed)
    Path length:     465 grid steps
    Path cost:       685,582
    Via count:       2
    Initial h:       959,422
    Final g:         685,582
    Open set size:   37,662 (at termination)
    Closed set size: 14,705 (unique visited)
    Heuristic ratio: 1.399 (h/g, weighted A* (h_weight ~1.4))
    Expansion ratio: 31.6x path length (very poor)
    Revisit ratio:   1.579 (path improvements / expanded)
    Skip ratio:      0.609 (duplicates / total pops)
  SUCCESS: 31 segments, 2 vias, 47602 iterations, length=48.88mm (stubs=0.00mm) (0.17s)

Sync pcb_data: 290 -> 0 (kept stubs) -> 290 (after adding 290)

============================================================
Multi-point Phase 3: Routing 40 tap connections
============================================================
Phase 3 order (boxed-in risk first): I2C_SDA, +3V3, GND, VCAP, I2C_SCL, VDIV_MID

I2C_SDA (net 16):
  Multi-point net Phase 3: routing 2 remaining MST edges (longest first)
    [1/40] Routing MST edge: pad 1 -> pad 2 (length=9.84mm) target=(23.32, 34.98)
      Routed in 19839 iterations (0.02s)
    [2/40] Routing MST edge: pad 2 -> pad 3 (length=28.78mm) target=(45.08, 42.00)
      Routed in 2662 iterations (0.00s)
  Phase 3 routing complete: 2 edges, 21 total segments, 1 total vias
  Added 16 tap segments, 1 tap vias
  Net total time: 0.07s, 22710 iterations

+3V3 (net 1):
  POUR-LAUNCH v3: +111 region-laddered target(s) across 1 component(s) (phase 3)
  Multi-point net Phase 3: routing 14 remaining MST edges (longest first)
    [3/40] Routing MST edge: pad 9 -> pad 15 (length=22.30mm) target=(45.52, 8.00)
      Routed in 1314 iterations (0.01s)
    [4/40] Routing MST edge: pad 9 -> pad 3 (length=21.71mm) target=(19.00, 25.48)
      Routed in 781 iterations (0.01s)
    [5/40] Routing MST edge: pad 15 -> pad 16 (length=8.00mm) target=(51.00, 10.52)
      Routed in 35 iterations (0.00s)
    [6/40] Routing MST edge: pad 3 -> pad 2 (length=7.26mm) target=(14.22, 23.00)
      Routed in 49 iterations (0.00s)
    [7/40] Routing MST edge: pad 3 -> pad 4 (length=4.71mm) target=(20.14, 29.05)
      Routed in 3357 iterations (0.02s)
    [8/40] Routing MST edge: pad 4 -> pad 11 (length=14.26mm) target=(34.25, 29.20)
      Routed in 1019 iterations (0.01s)
    [9/40] Routing MST edge: pad 4 -> pad 7 (length=8.46mm) target=(22.68, 34.98)
      Routed in 170 iterations (0.00s)
    [10/40] Routing MST edge: pad 7 -> pad 8 (length=2.70mm) target=(23.32, 37.02)
      Routed in 1939 iterations (0.01s)
    [11/40] Routing MST edge: pad 8 -> pad 5 (length=1.30mm) target=(22.02, 37.02)
      Routed in 5 iterations (0.00s)
    [12/40] Routing MST edge: pad 5 -> pad 1 (length=8.54mm) target=(14.00, 36.51)
      Routed in 282 iterations (0.00s)
    [13/40] Routing MST edge: pad 5 -> pad 6 (length=5.49mm) target=(22.54, 42.00)
      Routed in 1 iterations (0.00s)
    [14/40] Routing MST edge: pad 11 -> pad 12 (length=1.10mm) target=(34.25, 30.30)
      Routed in 12 iterations (0.00s)
    [15/40] Routing MST edge: pad 11 -> pad 10 (length=1.10mm) target=(34.25, 28.10)
      Routed in 12 iterations (0.00s)
    [16/40] Routing MST edge: pad 12 -> pad 13 (length=1.10mm) target=(34.25, 31.40)
      Routed in 12 iterations (0.00s)
  Phase 3 routing complete: 14 edges, 68 total segments, 7 total vias
  Added 61 tap segments, 5 tap vias
  Net total time: 0.42s, 40040 iterations

GND (net 2):
  POUR-LAUNCH v3: +165 region-laddered target(s) across 1 component(s) (phase 3)
  Multi-point net Phase 3: routing 19 remaining MST edges (longest first)
    [17/40] Routing MST edge: pad 24 -> pad 25 (length=11.70mm) target=(30.48, 2.00)
      Routed in 1949 iterations (0.02s)
    [18/40] Routing MST edge: pad 24 -> pad 26 (length=11.70mm) target=(30.48, 16.00)
      Routed in 477 iterations (0.00s)
    [19/40] Routing MST edge: pad 26 -> pad 27 (length=10.38mm) target=(34.25, 22.60)
      Routed in 173 iterations (0.00s)
    [20/40] Routing MST edge: pad 1 -> pad 0 (length=8.75mm) target=(4.25, 18.00)
      Routed in 368 iterations (0.01s)
    [21/40] Routing MST edge: pad 20 -> pad 22 (length=7.65mm) target=(22.68, 37.02)
      Via-in-pad unblock: dropped 1 fab-floor via(s) to reach a boxed endpoint (1 off-pad escape stub(s), #535)
      Routed in 7 iterations (0.17s)
    [22/40] Routing MST edge: pad 29 -> pad 28 (length=7.21mm) target=(38.79, 36.00)
      Routed in 1162 iterations (0.01s)
    [23/40] Routing MST edge: pad 28 -> pad 31 (length=9.56mm) target=(43.75, 31.40)
      Routed in 48 iterations (0.00s)
    [24/40] Routing MST edge: pad 2 -> pad 3 (length=6.97mm) target=(9.51, 38.00)
      Routed in 41 iterations (0.00s)
    [25/40] Routing MST edge: pad 22 -> pad 21 (length=2.70mm) target=(22.02, 34.98)
      Via-in-pad unblock: dropped 1 fab-floor via(s) to reach a boxed endpoint (1 off-pad escape stub(s), #535)
      Routed in 7 iterations (0.14s)
    [26/40] Routing MST edge: pad 21 -> pad 18 (length=9.14mm) target=(17.86, 30.00)
      Routed in 910 iterations (0.01s)
    [27/40] Routing MST edge: pad 18 -> pad 19 (length=6.62mm) target=(19.00, 24.52)
      Routed in 1944 iterations (0.02s)
    [28/40] Routing MST edge: pad 19 -> pad 17 (length=4.74mm) target=(15.78, 23.00)
      Routed in 33 iterations (0.00s)
    [29/40] Routing MST edge: pad 31 -> pad 30 (length=2.20mm) target=(43.75, 29.20)
      Routed in 164 iterations (0.00s)
    [30/40] Routing MST edge: pad 30 -> pad 33 (length=12.97mm) target=(49.52, 22.00)
      Routed in 428 iterations (0.00s)
    [31/40] Routing MST edge: pad 33 -> pad 35 (length=2.98mm) target=(51.00, 20.50)
      Routed in 16 iterations (0.00s)
    [32/40] Routing MST edge: pad 35 -> pad 34 (length=9.02mm) target=(51.00, 11.48)
      Routed in 276 iterations (0.00s)
    [33/40] Routing MST edge: pad 34 -> pad 32 (length=8.00mm) target=(45.52, 14.00)
      Routed in 63 iterations (0.00s)
    [34/40] Routing MST edge: pad 33 -> pad 36 (length=2.95mm) target=(52.48, 22.00)
      Routed in 16 iterations (0.00s)
    [35/40] Routing MST edge: pad 22 -> pad 23 (length=1.30mm) target=(23.98, 37.02)
      Routed in 317 iterations (0.00s)
  Phase 3 routing complete: 19 edges, 123 total segments, 11 total vias
  Added 119 tap segments, 10 tap vias
  Net total time: 0.90s, 8753 iterations

VCAP (net 3):
  Multi-point net Phase 3: routing 3 remaining MST edges (longest first)
    [36/40] Routing MST edge: pad 2 -> pad 4 (length=10.54mm) target=(22.35, 23.00)
      Routed in 18120 iterations (0.02s)
    [37/40] Routing MST edge: pad 1 -> pad 0 (length=7.49mm) target=(4.51, 36.00)
      Routed in 38 iterations (0.00s)
    [38/40] Routing MST edge: pad 2 -> pad 3 (length=1.90mm) target=(17.86, 30.95)
      Routed in 4 iterations (0.00s)
  Phase 3 routing complete: 3 edges, 48 total segments, 2 total vias
  Added 25 tap segments, 2 tap vias
  #444 seam re-ask: VCAP tree is 1.37x its MST bound -- re-asking whole

  Re-routing VCAP (net 3)...
  Multi-point net Phase 1: routing longest MST edge (pads 1 and 2, length=12.81mm)
  Phase 1 routed in 7102 iterations, 9 segments
    Re-routed main path: 9 segments, 1 vias
  Multi-point net Phase 3: routing 3 remaining MST edges (longest first)
    [1/0] Routing MST edge: pad 2 -> pad 4 (length=10.54mm) target=(22.35, 23.00)
      Routed in 17505 iterations (0.02s)
    [2/0] Routing MST edge: pad 1 -> pad 0 (length=7.49mm) target=(4.51, 36.00)
      Routed in 61 iterations (0.00s)
    [3/0] Routing MST edge: pad 2 -> pad 3 (length=1.90mm) target=(17.86, 30.95)
      Routed in 29 iterations (0.00s)
  Phase 3 routing complete: 3 edges, 39 total segments, 3 total vias
    Re-routed 30 tap segments, 2 tap vias
  #444 seam re-ask: VCAP tree replaced (41.8 -> 37.9 score)
  Net total time: 0.40s, 50963 iterations

I2C_SCL (net 17):
  Multi-point net Phase 3: routing 1 remaining MST edges (longest first)
    [39/40] Routing MST edge: pad 1 -> pad 0 (length=38.20mm) target=(4.25, 16.50)
      Routed in 32897 iterations (0.04s)
  Phase 3 routing complete: 1 edges, 19 total segments, 2 total vias
  Added 14 tap segments, 2 tap vias
  Net total time: 0.11s, 38135 iterations

VDIV_MID (net 5):
  Multi-point net Phase 3: routing 1 remaining MST edges (longest first)
    [40/40] Routing MST edge: pad 0 -> pad 2 (length=7.00mm) target=(8.49, 38.00)
      Routed in 80 iterations (0.00s)
  Phase 3 routing complete: 1 edges, 34 total segments, 0 total vias
  Added 7 tap segments, 0 tap vias
  Net total time: 0.04s, 570 iterations
Closed 7 stub gap(s) to same-net copper
Cycle prune: removed 13 redundant loop segment(s) across 9 net(s)
Octolinear smoothing: collapsed 42 staircase span(s) on 18 net(s), -4.63 mm of copper (#536)
Merged 31 collinear joint(s) on 12 net(s): -31 redundant segment(s) (#811)

============================================================
Routing complete
============================================================
  Single-ended:  22/22 routed
  Multi-point:   69/69 pads connected (6 nets)
  Total vias:    49
  Total time:    1.84s
  Iterations:    403,601
  Fragility refresh (#466): 15 windows, 0.93s total

Power trace ampacity (bottleneck segment, IPC-2152):
  +3V3: 1.00A max (0.300mm on F.Cu (1 oz copper, 10°C rise), IPC-2221: 1.00A)
  GND: 0.74A max (0.200mm on F.Cu (1 oz copper, 10°C rise), IPC-2221: 0.74A)
JSON_SUMMARY: {"routed_single": ["I2C_SDA", "I2C_SCL", "+3V3", "GND", "LED_A", "RF_OUT", "SPI_MISO", "VDIV_MID", "VCAP", "GPS_RX", "SPI_SCK", "UART0_RX", "SPI_MOSI", "EN", "SPI_NSS", "LED_DRIVE", "GPS_TX", "LR_DIO0", "UART0_TX", "SOLAR_IN", "LR_RST", "LR_BUSY"], "failed_single": [], "open_single": [], "failed_multipoint": [], "multipoint_nets": 6, "multipoint_pads_connected": 69, "multipoint_pads_total": 69, "multipoint_edges_routed": 46, "multipoint_edges_failed": 0, "ripup_success_pairs": [], "rerouted_pairs": [], "single_ended_target_swaps": [], "layer_swaps": 0, "successful": 22, "failed": 0, "total_time": 1.84, "total_iterations": 403601, "total_vias": 49, "cleanup_disconnected": [], "min_clearance_used": 0.175, "design_rules": {"escalation_policy": "fab", "fab_tier": "standard", "board_floors": {"via_diameter": 0.5, "via_drill": 0.2, "hole_to_hole": 0.25, "annular": 0.1, "board_edge": 0.5}, "count": 9, "nets": [2, 3, 17], "narrowed": [{"net": 17, "net_name": null, "kind": "via_diameter", "requested": 0.6, "delivered": 0.45, "site": "via-in-pad clamp (floor)", "count": 1}, {"net": 2, "net_name": null, "kind": "via_diameter", "requested": 0.6, "delivered": 0.45, "site": "via-in-pad clamp (floor)", "count": 1}, {"net": 2, "net_name": null, "kind": "track_width", "requested": 0.3, "delivered": 0.2, "site": "fine-pitch tap", "count": 1}, {"net": 2, "net_name": null, "kind": "via_diameter", "requested": 0.6, "delivered": 0.45, "site": "via-in-pad clamp (floor)", "count": 1}, {"net": 2, "net_name": null, "kind": "track_width", "requested": 0.3, "delivered": 0.2, "site": "fine-pitch tap", "count": 1}, {"net": 3, "net_name": null, "kind": "track_width", "requested": 0.2, "delivered": 0.1998, "site": "terminal neck", "count": 1}, {"net": 3, "net_name": null, "kind": "track_width", "requested": 0.2, "delivered": 0.1998, "site": "terminal neck", "count": 1}, {"net": 3, "net_name": null, "kind": "track_width", "requested": 0.2, "delivered": 0.1998, "site": "terminal neck", "count": 1}, {"net": 3, "net_name": null, "kind": "track_width", "requested": 0.2, "delivered": 0.1998, "site": "terminal neck", "count": 1}], "min_delivered": {"via_diameter": 0.45, "track_width": 0.1998}, "fab_tier_escalations": 0, "fab_tier_contexts": [], "fab_tier_target": "advanced", "unsupported_rules": []}, "plane_fragility": {"source": "kicad_refill", "islands": 2, "refill_status": "ok", "why": "the KiCad refill succeeded", "machine_dependent": false}, "oracle_check": "disabled", "pad_pairs_connected": 79, "pad_pairs_total": 79, "power_trace_ampacity": [{"net": "+3V3", "bottleneck_width_mm": 0.3, "bottleneck_layer": "F.Cu", "copper_oz": 1.0, "max_current_a": 1.0, "max_current_ipc2152_a": 1.0, "temp_rise_c": 10.0, "trace_length_mm": 62.5}, {"net": "GND", "bottleneck_width_mm": 0.2, "bottleneck_layer": "F.Cu", "copper_oz": 1.0, "max_current_a": 0.74, "max_current_ipc2152_a": 0.74, "temp_rise_c": 10.0, "trace_length_mm": 75.9}], "scope": "run", "env_knobs": {}}

Writing output to /home/c03rad0r/worktrees/t_157df236/tracker/hardware/output/v8e_krt_novip.kicad_pcb...
Successfully wrote /home/c03rad0r/worktrees/t_157df236/tracker/hardware/output/v8e_krt_novip.kicad_pcb

Plane finalize (#562): all zone nets complete (fill-aware) -- skipping engine/cleanup legs, oracle verifies
  KiCad-oracle recheck: deterministic exact-fill link source (pcbnew refill)
  KiCad-oracle recheck: KiCad reports all processed nets complete
  [finalize timing] oracle leg: 1.8s
JSON_ORACLE: {"available": true, "reason": "ok", "why": "the oracle ran", "rounds": 0, "links_routed": 0, "links_failed": 0, "remaining": 0, "collapsed_duplicate_links": 0, "remaining_links": [], "cross_board": 0, "removed_segments": [], "removed_vias": []}
  Strict collapse (#1063, end of run): removed 52 redundant segment(s) on 19 net(s)
VIA_IN_PAD_JSON: {"count": 0, "sites": [], "stamped": 0, "restored": 0, "protected": 0, "unstampable": 0, "site_created": 0, "unprotected": [], "note": "via-in-pad requires IPC-4761 Type VII (filled + capped + plated); state it on the fab drawing or solder wicks into the barrel"}
Power widths: GND 1.5/75.9 mm under the requested 0.3 (min 0.2) -- JSON_SUMMARY power_widths
JSON_REGRADE: {"board": "file", "graded_nets": 22, "seconds": 0.32, "routed_single": ["I2C_SDA", "I2C_SCL", "+3V3", "GND", "LED_A", "RF_OUT", "SPI_MISO", "VDIV_MID", "VCAP", "GPS_RX", "SPI_SCK", "UART0_RX", "SPI_MOSI", "EN", "SPI_NSS", "LED_DRIVE", "GPS_TX", "LR_DIO0", "UART0_TX", "SOLAR_IN", "LR_RST", "LR_BUSY"], "failed_single": [], "open_single": [], "failed_multipoint": [], "multipoint_pads_total": 69, "multipoint_pads_connected": 69, "successful": 22, "failed": 0, "unowned_broken": [], "recovered": []}

============================================================
Run complete -- whole run, re-graded on the written board (22 net(s), 0.3s)
============================================================
  Single-ended:  22/22 routed
  Multi-point:   69/69 pads connected
  Design rules [--escalation fab, --fab-tier standard]: 8 feature(s) on 3 net(s) delivered below the requested size (smallest track width 0.1998 mm, smallest via diameter 0.45 mm). Details: JSON_SUMMARY design_rules.
JSON_SUMMARY_MIN: {"escalations": 8, "failed": 0, "failed_single": [], "main_loop_time_s": 1.84, "min_clearance_used": 0.175, "multipoint_deficit": 0, "open_single": [], "pad_pairs_open": {"count": 0, "nets": []}, "regraded_nets": 22, "routed": 22, "scope": "merged", "terminal_restores_broken": [], "vias": 49}
  --write-fill: wrote 2 filled_polygon block(s); the deliverable no longer reads phantom plane opens until refilled
  --strict-sizes: Design rules [--escalation fab, --fab-tier standard]: 8 feature(s) on 3 net(s) delivered below the requested size (smallest track width 0.1998 mm, smallest via diameter 0.45 mm). Details: JSON_SUMMARY design_rules.
EXIT=3
