ERC report (2026-10-07T16:55:18+0200, Encoding UTF8)
Report includes: Errors, Warnings

***** Sheet /
[pin_not_connected]: Pin not connected
    ; error
    @(15.24 mm, 58.42 mm): Symbol U5 Pin 18 [~{SAFEBOOT}, Input, Line]
[pin_not_connected]: Pin not connected
    ; error
    @(15.24 mm, 63.50 mm): Symbol U5 Pin 15 [VIO_SEL, Input, Line]
[pin_not_connected]: Pin not connected
    ; error
    @(91.44 mm, 27.94 mm): Symbol U1 Pin 3 [EN, Input, Line]
[pin_not_connected]: Pin not connected
    ; error
    @(91.44 mm, 63.50 mm): Symbol U1 Pin 20 [IO12, Bidirectional, Line]
[pin_not_connected]: Pin not connected
    ; error
    @(121.92 mm, 38.10 mm): Symbol U1 Pin 13 [USB_D-, Bidirectional, Line]
[pin_not_connected]: Pin not connected
    ; error
    @(121.92 mm, 40.64 mm): Symbol U1 Pin 14 [USB_D+, Bidirectional, Line]
[pin_not_connected]: Pin not connected
    ; error
    @(121.92 mm, 71.12 mm): Symbol U1 Pin 24 [IO47, Bidirectional, Line]
[pin_not_connected]: Pin not connected
    ; error
    @(121.92 mm, 73.66 mm): Symbol U1 Pin 25 [IO48, Bidirectional, Line]
[pin_not_connected]: Pin not connected
    ; error
    @(45.72 mm, 154.94 mm): Symbol U7 Pin 4 [NC, Passive, Line]
[pin_not_connected]: Pin not connected
    ; error
    @(243.84 mm, 53.34 mm): Symbol U3 Pin 6 [NSS, Input, Line]
[pin_not_connected]: Pin not connected
    ; error
    @(243.84 mm, 55.88 mm): Symbol U3 Pin 7 [BUSY, Output, Line]
[pin_not_connected]: Pin not connected
    ; error
    @(243.84 mm, 60.96 mm): Symbol U3 Pin 9 [ANT, Passive, Line]
[pin_not_connected]: Pin not connected
    ; error
    @(274.32 mm, 50.80 mm): Symbol U3 Pin 14 [RESET, Input, Line]
[pin_not_connected]: Pin not connected
    ; error
    @(274.32 mm, 53.34 mm): Symbol U3 Pin 15 [IRQ_DIO9, Output, Line]
[pin_not_connected]: Pin not connected
    ; error
    @(274.32 mm, 55.88 mm): Symbol U3 Pin 16 [DIO8, Passive, Line]
[pin_not_connected]: Pin not connected
    ; error
    @(274.32 mm, 58.42 mm): Symbol U3 Pin 17 [DIO7, Passive, Line]
[pin_not_connected]: Pin not connected
    ; error
    @(320.04 mm, 35.56 mm): Symbol U4 Pin 1 [VDD_IN, Power input, Line]
[pin_not_connected]: Pin not connected
    ; error
    @(320.04 mm, 38.10 mm): Symbol U4 Pin 2 [VDD_IO, Power input, Line]
[pin_not_connected]: Pin not connected
    ; error
    @(350.52 mm, 35.56 mm): Symbol U4 Pin 14 [RFIO, Passive, Line]

 ** ERC messages: 19  Errors 19  Warnings 0
