===== b_103_4L_16
 dims_readback: ['103', '103']
 steps: [{"heading": "Layers", "want": "4", "got": "4", "took": true, "attempts": 1}, {"heading": "PCB Thickness", "want": "1.6mm", "got": "1.6mm", "took": true, "attempts": 1}]
 final(sel): {"Layers": "4", "PCB Qty": "5", "Different Design": "1", "Delivery Format": "Single PCB", "PCB Thickness": "1.6mm", "Surface Finish": "HASL(with lead)", "Via Covering": "Plugged"}
 quote: {"engineering_fee": "$25.00", "board": "$6.60", "via_covering": "$0.00", "surface_finish": "$0.00", "deburring_edge_rounding": null, "panel": null, "pcb_build_time_2days": null, "calculated_price": "$31.60", "shipping": "$23.21", "weight": "0.30kg", "build_time_lines": {}}
===== b_89_4L_16
 dims_readback: ['89', '89']
 steps: [{"heading": "Layers", "want": "4", "got": "4", "took": true, "attempts": 1}, {"heading": "PCB Thickness", "want": "1.6mm", "got": "1.6mm", "took": true, "attempts": 1}]
 final(sel): {"Layers": "4", "PCB Qty": "5", "Different Design": "1", "Delivery Format": "Single PCB", "PCB Thickness": "1.6mm", "Surface Finish": "HASL(with lead)", "Via Covering": "Plugged"}
 quote: {"engineering_fee": null, "board": null, "via_covering": "$0.00", "surface_finish": "$0.00", "deburring_edge_rounding": null, "panel": null, "pcb_build_time_2days": null, "calculated_price": "$8.00", "shipping": "$23.21", "weight": "0.26kg", "build_time_lines": {}}
===== b_103_4L_08
 dims_readback: ['103', '103']
 steps: [{"heading": "Layers", "want": "4", "got": "4", "took": true, "attempts": 1}, {"heading": "PCB Thickness", "want": "0.8mm", "got": "0.8mm", "took": true, "attempts": 1}]
 final(sel): {"Layers": "4", "PCB Qty": "5", "Different Design": "1", "Delivery Format": "Single PCB", "PCB Thickness": "0.8mm", "Surface Finish": "LeadFree HASL", "Via Covering": "Plugged"}
 quote: {"engineering_fee": "$25.00", "board": "$6.60", "via_covering": "$0.00", "surface_finish": "$5.30", "deburring_edge_rounding": null, "panel": null, "pcb_build_time_2days": null, "calculated_price": "$36.90", "shipping": "$23.21", "weight": "0.22kg", "build_time_lines": {}}
===== b_89_4L_08
 dims_readback: ['89', '89']
 steps: [{"heading": "Layers", "want": "4", "got": "4", "took": true, "attempts": 1}, {"heading": "PCB Thickness", "want": "0.8mm", "got": "0.8mm", "took": true, "attempts": 1}]
 final(sel): {"Layers": "4", "PCB Qty": "5", "Different Design": "1", "Delivery Format": "Single PCB", "PCB Thickness": "0.8mm", "Surface Finish": "LeadFree HASL", "Via Covering": "Plugged"}
 quote: {"engineering_fee": null, "board": null, "via_covering": "$0.00", "surface_finish": "$5.20", "deburring_edge_rounding": null, "panel": null, "pcb_build_time_2days": null, "calculated_price": "$13.20", "shipping": "$23.21", "weight": "0.20kg", "build_time_lines": {}}
===== b_100_4L_08
 dims_readback: ['100', '100']
 steps: [{"heading": "Layers", "want": "4", "got": "4", "took": true, "attempts": 1}, {"heading": "PCB Thickness", "want": "0.8mm", "got": "0.8mm", "took": true, "attempts": 1}]
 final(sel): {"Layers": "4", "PCB Qty": "5", "Different Design": "1", "Delivery Format": "Single PCB", "PCB Thickness": "0.8mm", "Surface Finish": "LeadFree HASL", "Via Covering": "Plugged"}
 quote: {"engineering_fee": null, "board": null, "via_covering": "$0.00", "surface_finish": "$5.30", "deburring_edge_rounding": null, "panel": null, "pcb_build_time_2days": null, "calculated_price": "$13.30", "shipping": "$23.21", "weight": "0.22kg", "build_time_lines": {}}
