===== b_100_4L_16
 dims_readback: ['100', '100']
 steps: [{"heading": "Layers", "want": "4", "got": "4", "took": true, "attempts": 1}, {"heading": "PCB Thickness", "want": "1.6mm", "got": "1.6mm", "took": true, "attempts": 1}]
 final(sel): {"Layers": "4", "PCB Qty": "5", "Different Design": "1", "Delivery Format": "Single PCB", "PCB Thickness": "1.6mm", "Surface Finish": "HASL(with lead)", "Via Covering": "Plugged"}
 quote: {"engineering_fee": null, "board": null, "via_covering": "$0.00", "surface_finish": "$0.00", "deburring_edge_rounding": null, "panel": null, "pcb_build_time_2days": null, "calculated_price": "$8.00", "shipping": "$23.21", "weight": "0.29kg", "build_time_lines": {}}
===== b_101_4L_16
 dims_readback: ['101', '101']
 steps: [{"heading": "Layers", "want": "4", "got": "4", "took": true, "attempts": 1}, {"heading": "PCB Thickness", "want": "1.6mm", "got": "1.6mm", "took": true, "attempts": 1}]
 final(sel): {"Layers": "4", "PCB Qty": "5", "Different Design": "1", "Delivery Format": "Single PCB", "PCB Thickness": "1.6mm", "Surface Finish": "HASL(with lead)", "Via Covering": "Plugged"}
 quote: {"engineering_fee": null, "board": null, "via_covering": "$0.00", "surface_finish": "$0.00", "deburring_edge_rounding": null, "panel": null, "pcb_build_time_2days": null, "calculated_price": "$8.00", "shipping": "$23.21", "weight": "0.29kg", "build_time_lines": {}}
===== c_103_2L_06
 dims_readback: ['103', '103']
 steps: [{"heading": "Surface Finish", "want": "LeadFree HASL", "got": "LeadFree HASL", "took": true, "attempts": 1}, {"heading": "Layers", "want": "2", "got": "2", "took": true, "attempts": 1}, {"heading": "PCB Thickness", "want": "0.6mm", "err": "DISABLED", "option": "0.6mm", "tip": "The thickness of finished board. Board thickness tolerance is +/-10%. Note: 1. For boards with a 0.40 mm thickness, we only accept an ENIG finish. These cannot be made with a panel and are not available for 1-layer PCBs. 2. For boards with a 0.60 mm thickness, the maximum PCB size is 100 mm x 100 mm. This thickness is not available for 1-layer, 4-layer, or 6-layer PCBs. 3. For boards with a 0.8 mm to 1.0 mm thickness, the maximum PCB size is 300 mm x 300 mm.  ", "took": false}]
 final(sel): {"Layers": "2", "PCB Qty": "5", "Different Design": "1", "Delivery Format": "Single PCB", "PCB Thickness": "1.6mm", "Surface Finish": "HASL(with lead)", "Via Covering": "Tented"}
 quote: {"engineering_fee": "$4.00", "board": "$5.20", "via_covering": "$0.00", "surface_finish": "$0.00", "deburring_edge_rounding": null, "panel": null, "pcb_build_time_2days": "$0.00", "calculated_price": "$9.20", "shipping": "$23.21", "weight": "0.30kg", "build_time_lines": {"2 days": "$0.00", "24 hours": "$7.60", "24 hours PCBA Only": "$0.00"}}
===== c_100_2L_06
 dims_readback: ['100', '100']
 steps: [{"heading": "Surface Finish", "want": "LeadFree HASL", "got": "LeadFree HASL", "took": true, "attempts": 1}, {"heading": "Layers", "want": "2", "got": "2", "took": true, "attempts": 1}, {"heading": "PCB Thickness", "want": "0.6mm", "err": "DISABLED", "option": "0.6mm", "tip": "The thickness of finished board. Board thickness tolerance is +/-10%. Note: 1. For boards with a 0.40 mm thickness, we only accept an ENIG finish. These cannot be made with a panel and are not available for 1-layer PCBs. 2. For boards with a 0.60 mm thickness, the maximum PCB size is 100 mm x 100 mm. This thickness is not available for 1-layer, 4-layer, or 6-layer PCBs. 3. For boards with a 0.8 mm to 1.0 mm thickness, the maximum PCB size is 300 mm x 300 mm.  ", "took": false}]
 final(sel): {"Layers": "2", "PCB Qty": "5", "Different Design": "1", "Delivery Format": "Single PCB", "PCB Thickness": "1.6mm", "Surface Finish": "HASL(with lead)", "Via Covering": "Tented"}
 quote: {"engineering_fee": null, "board": null, "via_covering": "$0.00", "surface_finish": "$0.00", "deburring_edge_rounding": null, "panel": null, "pcb_build_time_2days": "$0.00", "calculated_price": "", "shipping": "$23.21", "weight": "0.29kg", "build_time_lines": {"2 days": "$0.00", "24 hours": "$7.60", "24 hours PCBA Only": "$0.00"}}
===== c_89_2L_06
 dims_readback: ['89', '89']
 steps: [{"heading": "Surface Finish", "want": "LeadFree HASL", "got": "LeadFree HASL", "took": true, "attempts": 1}, {"heading": "Layers", "want": "2", "got": "2", "took": true, "attempts": 1}, {"heading": "PCB Thickness", "want": "0.6mm", "err": "DISABLED", "option": "0.6mm", "tip": "The thickness of finished board. Board thickness tolerance is +/-10%. Note: 1. For boards with a 0.40 mm thickness, we only accept an ENIG finish. These cannot be made with a panel and are not available for 1-layer PCBs. 2. For boards with a 0.60 mm thickness, the maximum PCB size is 100 mm x 100 mm. This thickness is not available for 1-layer, 4-layer, or 6-layer PCBs. 3. For boards with a 0.8 mm to 1.0 mm thickness, the maximum PCB size is 300 mm x 300 mm.  ", "took": false}]
 final(sel): {"Layers": "2", "PCB Qty": "5", "Different Design": "1", "Delivery Format": "Single PCB", "PCB Thickness": "1.6mm", "Surface Finish": "HASL(with lead)", "Via Covering": "Tented"}
 quote: {"engineering_fee": null, "board": null, "via_covering": "$0.00", "surface_finish": "$0.00", "deburring_edge_rounding": null, "panel": null, "pcb_build_time_2days": "$0.00", "calculated_price": "", "shipping": "$23.21", "weight": "0.26kg", "build_time_lines": {"2 days": "$0.00", "24 hours": "$7.60", "24 hours PCBA Only": "$0.00"}}
