=== AUTONOMY CAPTURE START Sun Jul 26 02:14:16 AM UTC 2026 ===
RX port: /dev/ttyACM1
PHASE_START 55 LF-FLRC-325-255 pktSize=255
TIME_SYNCED utc=1785032056 offset=1785031600
SYNC_NOT_FOUND first4=DFB44AEA
TIME_SYNCED utc=1785032065 offset=1785031600
TIME_SYNCED utc=1785032066 offset=1785031600
TIME_SYNCED utc=1785032075 offset=1785031600
TIME_SYNCED utc=1785032076 offset=1785031600
TIME_SYNCED utc=1785032085 offset=1785031600
TIME_SYNCED utc=1785032086 offset=1785031600
TIME_SYNCED utc=1785032095 offset=1785031600
SYNC_NOT_FOUND first4=C02A46B6
TIME_SYNCED utc=1785032096 offset=1785031600
TIME_STATS min=-1000ms max=0ms avg=-226ms corrections=0
PHASE_RESULT 55 LF-FLRC-325-255 pktSize=255 rx=0 unique=0 lost=100 per=100.0 rssi_avg=0 rssi_min=0 crc_err=0 garbage=2 tx_lat=0.00000 tx_lon=0.00000 sats=0 fix=0 utc=0 tx_fw=none rx_fw=unknown
PHASE_GUARD 500
LORA_CFG path=1 bw=0x0F sf=7
PHASE_START 0 HF-LoRa-SF7-32 pktSize=32
PHASE_RESULT 0 HF-LoRa-SF7-32 pktSize=32 rx=0 unique=0 lost=20 per=100.0 rssi_avg=0 rssi_min=0 crc_err=0 garbage=0 tx_lat=0.00000 tx_lon=0.00000 sats=0 fix=0 utc=0 tx_fw=none rx_fw=unknown
PHASE_GUARD 500
LORA_CFG path=1 bw=0x0F sf=7
PHASE_START 1 HF-LoRa-SF7-64 pktSize=64
PHASE_RESULT 1 HF-LoRa-SF7-64 pktSize=64 rx=0 unique=0 lost=20 per=100.0 rssi_avg=0 rssi_min=0 crc_err=0 garbage=0 tx_lat=0.00000 tx_lon=0.00000 sats=0 fix=0 utc=0 tx_fw=none rx_fw=unknown
PHASE_GUARD 500
LORA_CFG path=1 bw=0x0F sf=7
PHASE_START 2 HF-LoRa-SF7-128 pktSize=128
TIME_SYNCED utc=1785032105 offset=1785031600
PHASE_RESULT 2 HF-LoRa-SF7-128 pktSize=128 rx=0 unique=0 lost=20 per=100.0 rssi_avg=0 rssi_min=0 crc_err=0 garbage=0 tx_lat=0.00000 tx_lon=0.00000 sats=0 fix=0 utc=0 tx_fw=none rx_fw=unknown
PHASE_GUARD 500
LORA_CFG path=1 bw=0x0F sf=7
PHASE_START 3 HF-LoRa-SF7-255 pktSize=255
TIME_SYNCED utc=1785032106 offset=1785031600
PHASE_RESULT 3 HF-LoRa-SF7-255 pktSize=255 rx=0 unique=0 lost=20 per=100.0 rssi_avg=0 rssi_min=0 crc_err=0 garbage=0 tx_lat=0.00000 tx_lon=0.00000 sats=0 fix=0 utc=0 tx_fw=none rx_fw=unknown
PHASE_GUARD 500
LORA_CFG path=1 bw=0x0F sf=9
PHASE_START 4 HF-LoRa-SF9-32 pktSize=32
PHASE_RESULT 4 HF-LoRa-SF9-32 pktSize=32 rx=0 unique=0 lost=20 per=100.0 rssi_avg=0 rssi_min=0 crc_err=0 garbage=0 tx_lat=0.00000 tx_lon=0.00000 sats=0 fix=0 utc=0 tx_fw=none rx_fw=unknown
PHASE_GUARD 500
LORA_CFG path=1 bw=0x0F sf=9
PHASE_START 5 HF-LoRa-SF9-64 pktSize=64
PHASE_RESULT 5 HF-LoRa-SF9-64 pktSize=64 rx=0 unique=0 lost=20 per=100.0 rssi_avg=0 rssi_min=0 crc_err=0 garbage=0 tx_lat=0.00000 tx_lon=0.00000 sats=0 fix=0 utc=0 tx_fw=none rx_fw=unknown
PHASE_GUARD 500
LORA_CFG path=1 bw=0x0F sf=9
PHASE_START 6 HF-LoRa-SF9-128 pktSize=128
TIME_SYNCED utc=1785032115 offset=1785031600
TIME_SYNCED utc=1785032116 offset=1785031600
PHASE_RESULT 6 HF-LoRa-SF9-128 pktSize=128 rx=0 unique=0 lost=13 per=100.0 rssi_avg=0 rssi_min=0 crc_err=0 garbage=0 tx_lat=0.00000 tx_lon=0.00000 sats=0 fix=0 utc=0 tx_fw=none rx_fw=unknown
PHASE_GUARD 500
LORA_CFG path=1 bw=0x0F sf=9
PHASE_START 7 HF-LoRa-SF9-255 pktSize=255
PHASE_RESULT 7 HF-LoRa-SF9-255 pktSize=255 rx=0 unique=0 lost=6 per=100.0 rssi_avg=0 rssi_min=0 crc_err=0 garbage=0 tx_lat=0.00000 tx_lon=0.00000 sats=0 fix=0 utc=0 tx_fw=none rx_fw=unknown
PHASE_GUARD 500
LORA_CFG path=1 bw=0x0F sf=12
PHASE_START 8 HF-LoRa-SF12-32 pktSize=32
SYNC_OFFSET phase=8 off=0 prev=-1
TIME_DIFF gps_utc=1785032121 laptop_utc=1785032121 offset=0
LORA_RAW: 165 90 66 36 0 0 0 0 0 0 0 0 0 0 0 185 109 101
PKT rx=1 seq=0 rssi=-23 phase=8 rx_ms=521737 tx_lat=0.00000 tx_lon=0.00000 sats=0 fix=0 utc=1785032121 tx_fw=unknown
TIME_DIFF gps_utc=1785032122 laptop_utc=1785032123 offset=-1
PKT rx=2 seq=1 rssi=-23 phase=8 rx_ms=523140 tx_lat=0.00000 tx_lon=0.00000 sats=0 fix=0 utc=1785032122 tx_fw=unknown
PHASE_RESULT 8 HF-LoRa-SF12-32 pktSize=32 rx=2 unique=2 lost=0 per=0.0 rssi_avg=-24 rssi_min=-24 crc_err=0 garbage=0 tx_lat=0.00000 tx_lon=0.00000 sats=0 fix=0 utc=1785032122 tx_fw=unknown rx_fw=unknown
PHASE_GUARD 500
LORA_CFG path=1 bw=0x0F sf=12
PHASE_START 9 HF-LoRa-SF12-64 pktSize=64
SYNC_OFFSET phase=9 off=0 prev=-1
TIME_DIFF gps_utc=1785032124 laptop_utc=1785032124 offset=0
LORA_RAW: 165 90 66 36 0 0 0 0 0 0 0 0 0 0 0 188 109 101
PKT rx=1 seq=0 rssi=-23 phase=9 rx_ms=524969 tx_lat=0.00000 tx_lon=0.00000 sats=0 fix=0 utc=1785032124 tx_fw=unknown
TIME_SYNCED utc=1785032125 offset=1785031600
TIME_SYNCED utc=1785032126 offset=1785031600
PHASE_RESULT 9 HF-LoRa-SF12-64 pktSize=64 rx=1 unique=1 lost=0 per=0.0 rssi_avg=-24 rssi_min=-24 crc_err=0 garbage=0 tx_lat=0.00000 tx_lon=0.00000 sats=0 fix=0 utc=1785032124 tx_fw=unknown rx_fw=unknown
PHASE_GUARD 500
LORA_CFG path=1 bw=0x0F sf=12
PHASE_START 10 HF-LoRa-SF12-128 pktSize=128
SYNC_OFFSET phase=10 off=0 prev=-1
TIME_DIFF gps_utc=1785032127 laptop_utc=1785032128 offset=-1
LORA_RAW: 165 90 66 36 0 0 0 0 0 0 0 0 0 0 0 191 109 101
PKT rx=1 seq=0 rssi=-22 phase=10 rx_ms=528339 tx_lat=0.00000 tx_lon=0.00000 sats=0 fix=0 utc=1785032127 tx_fw=unknown
PHASE_RESULT 10 HF-LoRa-SF12-128 pktSize=128 rx=1 unique=1 lost=0 per=0.0 rssi_avg=-22 rssi_min=-22 crc_err=0 garbage=0 tx_lat=0.00000 tx_lon=0.00000 sats=0 fix=0 utc=1785032127 tx_fw=unknown rx_fw=unknown
PHASE_GUARD 500
LORA_CFG path=1 bw=0x0F sf=12
PHASE_START 11 HF-LoRa-SF12-255 pktSize=255
SYNC_OFFSET phase=11 off=0 prev=-1
TIME_DIFF gps_utc=1785032133 laptop_utc=1785032134 offset=-1
LORA_RAW: 165 90 66 36 0 0 0 0 0 0 0 0 0 0 0 197 109 101
PKT rx=1 seq=0 rssi=-22 phase=11 rx_ms=534536 tx_lat=0.00000 tx_lon=0.00000 sats=0 fix=0 utc=1785032133 tx_fw=unknown
TIME_SYNCED utc=1785032135 offset=1785031600
TIME_SYNCED utc=1785032136 offset=1785031600
PHASE_RESULT 11 HF-LoRa-SF12-255 pktSize=255 rx=1 unique=1 lost=0 per=0.0 rssi_avg=-22 rssi_min=-22 crc_err=0 garbage=0 tx_lat=0.00000 tx_lon=0.00000 sats=0 fix=0 utc=1785032133 tx_fw=unknown rx_fw=unknown
PHASE_GUARD 500
PHASE_START 12 HF-FLRC-2600-32 pktSize=32
SYNC_NOT_FOUND first4=869D01DC
SYNC_NOT_FOUND first4=106CFE6F
SYNC_NOT_FOUND first4=7B9BD4D8
SYNC_NOT_FOUND first4=172769C7
SYNC_NOT_FOUND first4=C212EA7A
SYNC_NOT_FOUND first4=E9408765
SYNC_NOT_FOUND first4=E7C41EB5
SYNC_NOT_FOUND first4=178837C7
PHASE_RESULT 12 HF-FLRC-2600-32 pktSize=32 rx=0 unique=0 lost=100 per=100.0 rssi_avg=0 rssi_min=0 crc_err=0 garbage=8 tx_lat=0.00000 tx_lon=0.00000 sats=0 fix=0 utc=0 tx_fw=none rx_fw=unknown
PHASE_GUARD 500
PHASE_START 13 HF-FLRC-2600-64 pktSize=64
SYNC_OFFSET phase=13 off=0 prev=-1
APP_CRC_FAIL exp=D0D0 got=BBB7 seq=0 syncOff=0
APP_CRC_FAIL exp=D0D0 got=BBB7 seq=1 syncOff=0
APP_CRC_FAIL exp=D0D0 got=29F2 seq=2 syncOff=0
APP_CRC_FAIL exp=D0D0 got=BBB7 seq=3 syncOff=0
APP_CRC_FAIL exp=D0D0 got=BBB7 seq=4 syncOff=0
APP_CRC_FAIL exp=D0D0 got=BBB7 seq=5 syncOff=0
APP_CRC_FAIL exp=D0D0 got=BBB7 seq=9 syncOff=0
APP_CRC_FAIL exp=D0D0 got=BBB7 seq=10 syncOff=0
APP_CRC_FAIL exp=D0D0 got=BBB7 seq=11 syncOff=0
APP_CRC_FAIL exp=D0D0 got=BBB7 seq=12 syncOff=0
APP_CRC_FAIL exp=D0D0 got=BBB7 seq=13 syncOff=0
APP_CRC_FAIL exp=D0D0 got=BBB7 seq=14 syncOff=0
APP_CRC_FAIL exp=D0D0 got=8BFD seq=15 syncOff=0
SYNC_NOT_FOUND first4=0D867F0D
APP_CRC_FAIL exp=A535 got=0CB5 seq=0 syncOff=0
TIME_DIFF gps_utc=1785032144 laptop_utc=1785032144 offset=0
FLRC_RAW32: 165 90 66 36 0 0 0 0 0 0 0 0 0 0 0 208 109 101 106 13 0 1 117 110 107 110 111 119 110 29 30 31
PKT rx=1 seq=1 rssi=-40 phase=13 rx_ms=544505 tx_lat=0.00000 tx_lon=0.00000 sats=0 fix=0 utc=1785032144 tx_fw=unknown
APP_CRC_FAIL exp=7C34 got=5962 seq=3 syncOff=0
TIME_DIFF gps_utc=1785032144 laptop_utc=1785032144 offset=0
PKT rx=2 seq=6 rssi=-40 phase=13 rx_ms=544556 tx_lat=0.00000 tx_lon=0.00000 sats=0 fix=0 utc=1785032144 tx_fw=unknown
TIME_DIFF gps_utc=1785032144 laptop_utc=1785032144 offset=0
PKT rx=3 seq=8 rssi=-40 phase=13 rx_ms=544576 tx_lat=0.00000 tx_lon=0.00000 sats=0 fix=0 utc=1785032144 tx_fw=unknown
TIME_DIFF gps_utc=1785032144 laptop_utc=1785032144 offset=0
TIME_DIFF gps_utc=1785032144 laptop_utc=1785032144 offset=0
TIME_DIFF gps_utc=1785032144 laptop_utc=1785032144 offset=0
TIME_DIFF gps_utc=1785032144 laptop_utc=1785032144 offset=0
TIME_DIFF gps_utc=1785032144 laptop_utc=1785032144 offset=0
TIME_DIFF gps_utc=1785032144 laptop_utc=1785032144 offset=0
TIME_DIFF gps_utc=1785032144 laptop_utc=1785032144 offset=0
SYNC_NOT_FOUND first4=B5EFB6A8
TIME_DIFF gps_utc=1785032144 laptop_utc=1785032144 offset=0
TIME_DIFF gps_utc=1785032144 laptop_utc=1785032144 offset=0
TIME_DIFF gps_utc=1785032144 laptop_utc=1785032144 offset=0
TIME_DIFF gps_utc=1785032144 laptop_utc=1785032144 offset=0
TIME_DIFF gps_utc=1785032144 laptop_utc=1785032144 offset=0
TIME_DIFF gps_utc=1785032144 laptop_utc=1785032144 offset=0
TIME_DIFF gps_utc=1785032144 laptop_utc=1785032144 offset=0
TIME_DIFF gps_utc=1785032144 laptop_utc=1785032144 offset=0
TIME_DIFF gps_utc=1785032144 laptop_utc=1785032144 offset=0
TIME_DIFF gps_utc=1785032144 laptop_utc=1785032144 offset=0
TIME_DIFF gps_utc=1785032144 laptop_utc=1785032144 offset=0
TIME_DIFF gps_utc=1785032144 laptop_utc=1785032144 offset=0
TIME_DIFF gps_utc=1785032144 laptop_utc=1785032144 offset=0
TIME_DIFF gps_utc=1785032144 laptop_utc=1785032144 offset=0
SYNC_NOT_FOUND first4=797BA036
TIME_DIFF gps_utc=1785032144 laptop_utc=1785032145 offset=-1
TIME_DIFF gps_utc=1785032144 laptop_utc=1785032145 offset=-1
TIME_DIFF gps_utc=1785032144 laptop_utc=1785032145 offset=-1
TIME_DIFF gps_utc=1785032144 laptop_utc=1785032145 offset=-1
TIME_DIFF gps_utc=1785032144 laptop_utc=1785032145 offset=-1
TIME_DIFF gps_utc=1785032144 laptop_utc=1785032145 offset=-1
TIME_DIFF gps_utc=1785032144 laptop_utc=1785032145 offset=-1
SYNC_NOT_FOUND first4=9F613E19
TIME_DIFF gps_utc=1785032144 laptop_utc=1785032145 offset=-1
TIME_DIFF gps_utc=1785032144 laptop_utc=1785032145 offset=-1
TIME_DIFF gps_utc=1785032144 laptop_utc=1785032145 offset=-1
TIME_DIFF gps_utc=1785032144 laptop_utc=1785032145 offset=-1
SYNC_NOT_FOUND first4=0FF023F7
TIME_DIFF gps_utc=1785032144 laptop_utc=1785032145 offset=-1
TIME_DIFF gps_utc=1785032144 laptop_utc=1785032145 offset=-1
TIME_DIFF gps_utc=1785032144 laptop_utc=1785032145 offset=-1
SYNC_NOT_FOUND first4=748C246D
TIME_DIFF gps_utc=1785032144 laptop_utc=1785032145 offset=-1
TIME_DIFF gps_utc=1785032144 laptop_utc=1785032145 offset=-1
TIME_DIFF gps_utc=1785032144 laptop_utc=1785032145 offset=-1
TIME_DIFF gps_utc=1785032144 laptop_utc=1785032145 offset=-1
TIME_DIFF gps_utc=1785032145 laptop_utc=1785032145 offset=0
TIME_DIFF gps_utc=1785032145 laptop_utc=1785032145 offset=0
TIME_DIFF gps_utc=1785032145 laptop_utc=1785032145 offset=0
TIME_DIFF gps_utc=1785032145 laptop_utc=1785032145 offset=0
TIME_DIFF gps_utc=1785032145 laptop_utc=1785032145 offset=0
SYNC_NOT_FOUND first4=8BADF5DE
TIME_DIFF gps_utc=1785032145 laptop_utc=1785032145 offset=0
TIME_DIFF gps_utc=1785032145 laptop_utc=1785032145 offset=0
TIME_DIFF gps_utc=1785032145 laptop_utc=1785032145 offset=0
TIME_DIFF gps_utc=1785032145 laptop_utc=1785032145 offset=0
TIME_DIFF gps_utc=1785032145 laptop_utc=1785032145 offset=0
TIME_DIFF gps_utc=1785032145 laptop_utc=1785032145 offset=0
TIME_DIFF gps_utc=1785032145 laptop_utc=1785032145 offset=0
TIME_DIFF gps_utc=1785032145 laptop_utc=1785032145 offset=0
TIME_DIFF gps_utc=1785032145 laptop_utc=1785032145 offset=0
APP_CRC_FAIL exp=A40C got=DE40 seq=63 syncOff=0
TIME_DIFF gps_utc=1785032145 laptop_utc=1785032145 offset=0
SYNC_NOT_FOUND first4=4611D97E
SYNC_NOT_FOUND first4=34A7AE3C
TIME_DIFF gps_utc=1785032145 laptop_utc=1785032145 offset=0
TIME_DIFF gps_utc=1785032145 laptop_utc=1785032145 offset=0
TIME_DIFF gps_utc=1785032145 laptop_utc=1785032145 offset=0
TIME_DIFF gps_utc=1785032145 laptop_utc=1785032145 offset=0
SYNC_NOT_FOUND first4=41537419
TIME_DIFF gps_utc=1785032145 laptop_utc=1785032145 offset=0
TIME_DIFF gps_utc=1785032145 laptop_utc=1785032145 offset=0
TIME_SYNCED utc=1785032145 offset=1785031600
PHASE_RESULT 13 HF-FLRC-2600-64 pktSize=64 rx=63 unique=63 lost=37 per=37.0 rssi_avg=-42 rssi_min=-54 crc_err=16 garbage=10 tx_lat=0.00000 tx_lon=0.00000 sats=0 fix=0 utc=1785032145 tx_fw=unknown rx_fw=unknown
PHASE_GUARD 500
PHASE_START 14 HF-FLRC-2600-128 pktSize=128
SYNC_NOT_FOUND first4=061ACE99
SYNC_NOT_FOUND first4=C7332B23
SYNC_OFFSET phase=14 off=0 prev=-1
TIME_DIFF gps_utc=1785032146 laptop_utc=1785032146 offset=0
FLRC_RAW32: 165 90 66 36 0 0 0 0 0 0 0 0 0 0 0 210 109 101 106 14 0 0 117 110 107 110 111 119 110 29 30 31
PKT rx=1 seq=0 rssi=-40 phase=14 rx_ms=546483 tx_lat=0.00000 tx_lon=0.00000 sats=0 fix=0 utc=1785032146 tx_fw=unknown
APP_CRC_FAIL exp=ED66 got=97F7 seq=1 syncOff=0
TIME_DIFF gps_utc=1785032146 laptop_utc=1785032146 offset=0
PKT rx=2 seq=2 rssi=-40 phase=14 rx_ms=546528 tx_lat=0.00000 tx_lon=0.00000 sats=0 fix=0 utc=1785032146 tx_fw=unknown
TIME_DIFF gps_utc=1785032146 laptop_utc=1785032146 offset=0
PKT rx=3 seq=10 rssi=-40 phase=14 rx_ms=546549 tx_lat=0.00000 tx_lon=0.00000 sats=0 fix=0 utc=1785032146 tx_fw=unknown
TIME_DIFF gps_utc=1785032146 laptop_utc=1785032146 offset=0
TIME_DIFF gps_utc=1785032146 laptop_utc=1785032146 offset=0
TIME_SYNCED utc=1785032146 offset=1785031600
TIME_DIFF gps_utc=1785032146 laptop_utc=1785032146 offset=0
TIME_DIFF gps_utc=1785032146 laptop_utc=1785032146 offset=0
TIME_DIFF gps_utc=1785032146 laptop_utc=1785032146 offset=0
TIME_DIFF gps_utc=1785032146 laptop_utc=1785032146 offset=0
TIME_DIFF gps_utc=1785032146 laptop_utc=1785032146 offset=0
TIME_DIFF gps_utc=1785032146 laptop_utc=1785032146 offset=0
SYNC_NOT_FOUND first4=03CD2D3C
TIME_DIFF gps_utc=1785032146 laptop_utc=1785032146 offset=0
SYNC_NOT_FOUND first4=76665EFB
TIME_DIFF gps_utc=1785032146 laptop_utc=1785032146 offset=0
TIME_DIFF gps_utc=1785032146 laptop_utc=1785032146 offset=0
TIME_DIFF gps_utc=1785032146 laptop_utc=1785032146 offset=0
TIME_DIFF gps_utc=1785032146 laptop_utc=1785032146 offset=0
TIME_DIFF gps_utc=1785032146 laptop_utc=1785032146 offset=0
TIME_DIFF gps_utc=1785032146 laptop_utc=1785032146 offset=0
TIME_DIFF gps_utc=1785032146 laptop_utc=1785032146 offset=0
TIME_DIFF gps_utc=1785032146 laptop_utc=1785032146 offset=0
TIME_DIFF gps_utc=1785032146 laptop_utc=1785032146 offset=0
TIME_DIFF gps_utc=1785032146 laptop_utc=1785032146 offset=0
TIME_DIFF gps_utc=1785032146 laptop_utc=1785032146 offset=0
TIME_DIFF gps_utc=1785032146 laptop_utc=1785032146 offset=0
TIME_DIFF gps_utc=1785032146 laptop_utc=1785032146 offset=0
TIME_DIFF gps_utc=1785032146 laptop_utc=1785032147 offset=-1
TIME_DIFF gps_utc=1785032146 laptop_utc=1785032147 offset=-1
TIME_DIFF gps_utc=1785032146 laptop_utc=1785032147 offset=-1
TIME_DIFF gps_utc=1785032146 laptop_utc=1785032147 offset=-1
TIME_DIFF gps_utc=1785032146 laptop_utc=1785032147 offset=-1
TIME_DIFF gps_utc=1785032146 laptop_utc=1785032147 offset=-1
TIME_DIFF gps_utc=1785032146 laptop_utc=1785032147 offset=-1
TIME_DIFF gps_utc=1785032146 laptop_utc=1785032147 offset=-1
TIME_DIFF gps_utc=1785032146 laptop_utc=1785032147 offset=-1
TIME_DIFF gps_utc=1785032146 laptop_utc=1785032147 offset=-1
TIME_DIFF gps_utc=1785032146 laptop_utc=1785032147 offset=-1
TIME_DIFF gps_utc=1785032146 laptop_utc=1785032147 offset=-1
TIME_DIFF gps_utc=1785032146 laptop_utc=1785032147 offset=-1
TIME_DIFF gps_utc=1785032146 laptop_utc=1785032147 offset=-1
TIME_DIFF gps_utc=1785032146 laptop_utc=1785032147 offset=-1
TIME_DIFF gps_utc=1785032146 laptop_utc=1785032147 offset=-1
TIME_DIFF gps_utc=1785032146 laptop_utc=1785032147 offset=-1
TIME_DIFF gps_utc=1785032147 laptop_utc=1785032147 offset=0
TIME_DIFF gps_utc=1785032147 laptop_utc=1785032147 offset=0
TIME_DIFF gps_utc=1785032147 laptop_utc=1785032147 offset=0
TIME_DIFF gps_utc=1785032147 laptop_utc=1785032147 offset=0
TIME_DIFF gps_utc=1785032147 laptop_utc=1785032147 offset=0
TIME_DIFF gps_utc=1785032147 laptop_utc=1785032147 offset=0
TIME_DIFF gps_utc=1785032147 laptop_utc=1785032147 offset=0
TIME_DIFF gps_utc=1785032147 laptop_utc=1785032147 offset=0
TIME_DIFF gps_utc=1785032147 laptop_utc=1785032147 offset=0
TIME_DIFF gps_utc=1785032147 laptop_utc=1785032147 offset=0
TIME_DIFF gps_utc=1785032147 laptop_utc=1785032147 offset=0
TIME_DIFF gps_utc=1785032147 laptop_utc=1785032147 offset=0
TIME_DIFF gps_utc=1785032147 laptop_utc=1785032147 offset=0
TIME_DIFF gps_utc=1785032147 laptop_utc=1785032147 offset=0
TIME_DIFF gps_utc=1785032147 laptop_utc=1785032147 offset=0
TIME_DIFF gps_utc=1785032147 laptop_utc=1785032147 offset=0
TIME_DIFF gps_utc=1785032147 laptop_utc=1785032147 offset=0
TIME_DIFF gps_utc=1785032147 laptop_utc=1785032147 offset=0
TIME_DIFF gps_utc=1785032147 laptop_utc=1785032147 offset=0
TIME_DIFF gps_utc=1785032147 laptop_utc=1785032147 offset=0
TIME_DIFF gps_utc=1785032147 laptop_utc=1785032147 offset=0
TIME_DIFF gps_utc=1785032147 laptop_utc=1785032147 offset=0
SYNC_NOT_FOUND first4=2AF62232
TIME_DIFF gps_utc=1785032147 laptop_utc=1785032147 offset=0
TIME_DIFF gps_utc=1785032147 laptop_utc=1785032147 offset=0
TIME_DIFF gps_utc=1785032147 laptop_utc=1785032147 offset=0
PHASE_RESULT 14 HF-FLRC-2600-128 pktSize=128 rx=67 unique=67 lost=33 per=33.0 rssi_avg=-41 rssi_min=-54 crc_err=1 garbage=5 tx_lat=0.00000 tx_lon=0.00000 sats=0 fix=0 utc=1785032147 tx_fw=unknown rx_fw=unknown
PHASE_GUARD 500
PHASE_START 15 HF-FLRC-2600-255 pktSize=255
SYNC_NOT_FOUND first4=A2BBB4FB
SYNC_NOT_FOUND first4=F029603B
SYNC_OFFSET phase=15 off=0 prev=-1
TIME_DIFF gps_utc=1785032148 laptop_utc=1785032148 offset=0
FLRC_RAW32: 165 90 66 36 0 0 0 0 0 0 0 0 0 0 0 212 109 101 106 15 0 0 117 110 107 110 111 119 110 29 30 31
PKT rx=1 seq=0 rssi=-40 phase=15 rx_ms=548485 tx_lat=0.00000 tx_lon=0.00000 sats=0 fix=0 utc=1785032148 tx_fw=unknown
APP_CRC_FAIL exp=C5E8 got=B15F seq=1 syncOff=0
SYNC_OFFSET phase=15 off=1 prev=0
APP_CRC_FAIL exp=7310 got=7359 seq=10 syncOff=1
APP_CRC_FAIL exp=A410 got=A49B seq=11 syncOff=1
APP_CRC_FAIL exp=A310 got=A397 seq=12 syncOff=1
APP_CRC_FAIL exp=7410 got=7455 seq=13 syncOff=1
APP_CRC_FAIL exp=1C10 got=1C32 seq=14 syncOff=1
APP_CRC_FAIL exp=CB10 got=CBF0 seq=15 syncOff=1
APP_CRC_FAIL exp=BF10 got=BFA7 seq=16 syncOff=1
APP_CRC_FAIL exp=6810 got=6865 seq=17 syncOff=1
APP_CRC_FAIL exp=0010 got=0002 seq=18 syncOff=1
APP_CRC_FAIL exp=D710 got=D7C0 seq=19 syncOff=1
APP_CRC_FAIL exp=D010 got=D0CC seq=20 syncOff=1
APP_CRC_FAIL exp=0710 got=070E seq=21 syncOff=1
SYNC_NOT_FOUND first4=0E934CE9
APP_CRC_FAIL exp=6F10 got=6F69 seq=22 syncOff=1
APP_CRC_FAIL exp=B810 got=B8AB seq=23 syncOff=1
APP_CRC_FAIL exp=6110 got=6171 seq=24 syncOff=1
APP_CRC_FAIL exp=B610 got=B6B3 seq=25 syncOff=1
SYNC_NOT_FOUND first4=B3EA1CAB
APP_CRC_FAIL exp=DE10 got=DED4 seq=26 syncOff=1
APP_CRC_FAIL exp=0910 got=0916 seq=27 syncOff=1
APP_CRC_FAIL exp=0E10 got=0E1A seq=28 syncOff=1
SYNC_NOT_FOUND first4=1A22B9A7
APP_CRC_FAIL exp=D910 got=D9D8 seq=29 syncOff=1
APP_CRC_FAIL exp=B110 got=B1BF seq=30 syncOff=1
APP_CRC_FAIL exp=6610 got=667D seq=31 syncOff=1
APP_CRC_FAIL exp=5910 got=5911 seq=32 syncOff=1
APP_CRC_FAIL exp=8E10 got=8ED3 seq=33 syncOff=1
APP_CRC_FAIL exp=E600 got=E6B4 seq=34 syncOff=1
APP_CRC_FAIL exp=3110 got=3176 seq=35 syncOff=1
SYNC_NOT_FOUND first4=76150B4C
APP_CRC_FAIL exp=3610 got=367A seq=36 syncOff=1
APP_CRC_FAIL exp=E110 got=E1B8 seq=37 syncOff=1
APP_CRC_FAIL exp=8910 got=89DF seq=38 syncOff=1
APP_CRC_FAIL exp=5E10 got=5E1D seq=39 syncOff=1
SYNC_NOT_FOUND first4=1D4C621A
APP_CRC_FAIL exp=8710 got=87C7 seq=40 syncOff=1
APP_CRC_FAIL exp=5010 got=5005 seq=41 syncOff=1
SYNC_NOT_FOUND first4=058A5BCC
APP_CRC_FAIL exp=3810 got=3862 seq=42 syncOff=1
APP_CRC_FAIL exp=EF10 got=EFA0 seq=43 syncOff=1
APP_CRC_FAIL exp=E810 got=E8AC seq=44 syncOff=1
APP_CRC_FAIL exp=3F10 got=3F6E seq=45 syncOff=1
APP_CRC_FAIL exp=5710 got=5709 seq=46 syncOff=1
APP_CRC_FAIL exp=8010 got=80CB seq=47 syncOff=1
APP_CRC_FAIL exp=F410 got=F49C seq=48 syncOff=1
APP_CRC_FAIL exp=2310 got=235E seq=49 syncOff=1
APP_CRC_FAIL exp=5010 got=50F7 seq=50 syncOff=1
APP_CRC_FAIL exp=8710 got=8735 seq=51 syncOff=1
APP_CRC_FAIL exp=8010 got=8039 seq=52 syncOff=1
APP_CRC_FAIL exp=5710 got=57FB seq=53 syncOff=1
APP_CRC_FAIL exp=3F10 got=3F9C seq=54 syncOff=1
APP_CRC_FAIL exp=E810 got=E85E seq=55 syncOff=1
APP_CRC_FAIL exp=3110 got=3184 seq=56 syncOff=1
APP_CRC_FAIL exp=E610 got=E646 seq=57 syncOff=1
APP_CRC_FAIL exp=8E10 got=8E21 seq=58 syncOff=1
APP_CRC_FAIL exp=5910 got=59E3 seq=59 syncOff=1
APP_CRC_FAIL exp=5E10 got=5EEF seq=60 syncOff=1
APP_CRC_FAIL exp=8910 got=892D seq=61 syncOff=1
APP_CRC_FAIL exp=E110 got=E14A seq=62 syncOff=1
APP_CRC_FAIL exp=3610 got=3688 seq=63 syncOff=1
APP_CRC_FAIL exp=9F10 got=9F92 seq=64 syncOff=1
APP_CRC_FAIL exp=4810 got=4850 seq=65 syncOff=1
APP_CRC_FAIL exp=2000 got=2037 seq=66 syncOff=1
APP_CRC_FAIL exp=F710 got=F7F5 seq=67 syncOff=1
APP_CRC_FAIL exp=F010 got=F0F9 seq=68 syncOff=1
APP_CRC_FAIL exp=2710 got=273B seq=69 syncOff=1
APP_CRC_FAIL exp=4F10 got=4F5C seq=70 syncOff=1
APP_CRC_FAIL exp=9810 got=989E seq=71 syncOff=1
APP_CRC_FAIL exp=4110 got=4144 seq=72 syncOff=1
APP_CRC_FAIL exp=9610 got=9686 seq=73 syncOff=1
APP_CRC_FAIL exp=FE10 got=FEE1 seq=74 syncOff=1
SYNC_NOT_FOUND first4=E179B22B
PHASE_RESULT 15 HF-FLRC-2600-255 pktSize=255 rx=1 unique=1 lost=99 per=99.0 rssi_avg=-40 rssi_min=-40 crc_err=66 garbage=9 tx_lat=0.00000 tx_lon=0.00000 sats=0 fix=0 utc=1785032148 tx_fw=unknown rx_fw=unknown
PHASE_GUARD 500
PHASE_START 16 HF-FLRC-1300-32 pktSize=32
SYNC_NOT_FOUND first4=B1966B94
SYNC_NOT_FOUND first4=AA183AEA
SYNC_OFFSET phase=16 off=0 prev=-1
TIME_DIFF gps_utc=1785032150 laptop_utc=1785032150 offset=0
FLRC_RAW32: 165 90 66 36 0 0 0 0 0 0 0 0 0 0 0 214 109 101 106 16 0 0 117 110 107 110 111 119 110 29 201 113
PKT rx=1 seq=0 rssi=-40 phase=16 rx_ms=550517 tx_lat=0.00000 tx_lon=0.00000 sats=0 fix=0 utc=1785032150 tx_fw=unknown
APP_CRC_FAIL exp=2252 got=1183 seq=1 syncOff=0
TIME_DIFF gps_utc=1785032150 laptop_utc=1785032150 offset=0
PKT rx=2 seq=2 rssi=-40 phase=16 rx_ms=550563 tx_lat=0.00000 tx_lon=0.00000 sats=0 fix=0 utc=1785032150 tx_fw=unknown
TIME_DIFF gps_utc=1785032150 laptop_utc=1785032150 offset=0
PKT rx=3 seq=3 rssi=-40 phase=16 rx_ms=550583 tx_lat=0.00000 tx_lon=0.00000 sats=0 fix=0 utc=1785032150 tx_fw=unknown
TIME_DIFF gps_utc=1785032150 laptop_utc=1785032150 offset=0
TIME_DIFF gps_utc=1785032150 laptop_utc=1785032150 offset=0
TIME_DIFF gps_utc=1785032150 laptop_utc=1785032150 offset=0
TIME_DIFF gps_utc=1785032150 laptop_utc=1785032150 offset=0
TIME_DIFF gps_utc=1785032150 laptop_utc=1785032150 offset=0
TIME_DIFF gps_utc=1785032150 laptop_utc=1785032150 offset=0
TIME_DIFF gps_utc=1785032150 laptop_utc=1785032150 offset=0
TIME_DIFF gps_utc=1785032150 laptop_utc=1785032150 offset=0
TIME_DIFF gps_utc=1785032150 laptop_utc=1785032150 offset=0
TIME_DIFF gps_utc=1785032150 laptop_utc=1785032150 offset=0
TIME_DIFF gps_utc=1785032150 laptop_utc=1785032150 offset=0
TIME_DIFF gps_utc=1785032150 laptop_utc=1785032150 offset=0
TIME_DIFF gps_utc=1785032150 laptop_utc=1785032150 offset=0
TIME_DIFF gps_utc=1785032150 laptop_utc=1785032150 offset=0
TIME_DIFF gps_utc=1785032150 laptop_utc=1785032150 offset=0
TIME_DIFF gps_utc=1785032150 laptop_utc=1785032150 offset=0
TIME_DIFF gps_utc=1785032150 laptop_utc=1785032150 offset=0
TIME_DIFF gps_utc=1785032150 laptop_utc=1785032150 offset=0
TIME_DIFF gps_utc=1785032150 laptop_utc=1785032150 offset=0
TIME_DIFF gps_utc=1785032150 laptop_utc=1785032150 offset=0
TIME_DIFF gps_utc=1785032150 laptop_utc=1785032151 offset=-1
TIME_DIFF gps_utc=1785032150 laptop_utc=1785032151 offset=-1
TIME_DIFF gps_utc=1785032150 laptop_utc=1785032151 offset=-1
TIME_DIFF gps_utc=1785032150 laptop_utc=1785032151 offset=-1
TIME_DIFF gps_utc=1785032150 laptop_utc=1785032151 offset=-1
TIME_DIFF gps_utc=1785032150 laptop_utc=1785032151 offset=-1
TIME_DIFF gps_utc=1785032150 laptop_utc=1785032151 offset=-1
TIME_DIFF gps_utc=1785032150 laptop_utc=1785032151 offset=-1
TIME_DIFF gps_utc=1785032150 laptop_utc=1785032151 offset=-1
TIME_DIFF gps_utc=1785032150 laptop_utc=1785032151 offset=-1
TIME_DIFF gps_utc=1785032150 laptop_utc=1785032151 offset=-1
TIME_DIFF gps_utc=1785032150 laptop_utc=1785032151 offset=-1
TIME_DIFF gps_utc=1785032150 laptop_utc=1785032151 offset=-1
TIME_DIFF gps_utc=1785032150 laptop_utc=1785032151 offset=-1
TIME_DIFF gps_utc=1785032150 laptop_utc=1785032151 offset=-1
TIME_DIFF gps_utc=1785032150 laptop_utc=1785032151 offset=-1
TIME_DIFF gps_utc=1785032150 laptop_utc=1785032151 offset=-1
TIME_DIFF gps_utc=1785032150 laptop_utc=1785032151 offset=-1
TIME_DIFF gps_utc=1785032150 laptop_utc=1785032151 offset=-1
TIME_DIFF gps_utc=1785032150 laptop_utc=1785032151 offset=-1
TIME_DIFF gps_utc=1785032150 laptop_utc=1785032151 offset=-1
TIME_DIFF gps_utc=1785032150 laptop_utc=1785032151 offset=-1
TIME_DIFF gps_utc=1785032150 laptop_utc=1785032151 offset=-1
TIME_DIFF gps_utc=1785032150 laptop_utc=1785032151 offset=-1
TIME_DIFF gps_utc=1785032151 laptop_utc=1785032151 offset=0
TIME_DIFF gps_utc=1785032151 laptop_utc=1785032151 offset=0
TIME_DIFF gps_utc=1785032151 laptop_utc=1785032151 offset=0
TIME_DIFF gps_utc=1785032151 laptop_utc=1785032151 offset=0
SYNC_NOT_FOUND first4=9B7B5839
TIME_DIFF gps_utc=1785032151 laptop_utc=1785032151 offset=0
TIME_DIFF gps_utc=1785032151 laptop_utc=1785032151 offset=0
TIME_DIFF gps_utc=1785032151 laptop_utc=1785032151 offset=0
TIME_DIFF gps_utc=1785032151 laptop_utc=1785032151 offset=0
TIME_DIFF gps_utc=1785032151 laptop_utc=1785032151 offset=0
TIME_DIFF gps_utc=1785032151 laptop_utc=1785032151 offset=0
TIME_DIFF gps_utc=1785032151 laptop_utc=1785032151 offset=0
TIME_DIFF gps_utc=1785032151 laptop_utc=1785032151 offset=0
TIME_DIFF gps_utc=1785032151 laptop_utc=1785032151 offset=0
TIME_DIFF gps_utc=1785032151 laptop_utc=1785032151 offset=0
TIME_DIFF gps_utc=1785032151 laptop_utc=1785032151 offset=0
TIME_DIFF gps_utc=1785032151 laptop_utc=1785032151 offset=0
TIME_DIFF gps_utc=1785032151 laptop_utc=1785032151 offset=0
TIME_DIFF gps_utc=1785032151 laptop_utc=1785032151 offset=0
TIME_DIFF gps_utc=1785032151 laptop_utc=1785032151 offset=0
PHASE_RESULT 16 HF-FLRC-1300-32 pktSize=32 rx=66 unique=66 lost=34 per=34.0 rssi_avg=-41 rssi_min=-54 crc_err=1 garbage=3 tx_lat=0.00000 tx_lon=0.00000 sats=0 fix=0 utc=1785032151 tx_fw=unknown rx_fw=unknown
PHASE_GUARD 500
PHASE_START 17 HF-FLRC-1300-64 pktSize=64
SYNC_NOT_FOUND first4=FC20995A
SYNC_NOT_FOUND first4=82E1E804
SYNC_OFFSET phase=17 off=0 prev=-1
TIME_DIFF gps_utc=1785032152 laptop_utc=1785032152 offset=0
FLRC_RAW32: 165 90 66 36 0 0 0 0 0 0 0 0 0 0 0 216 109 101 106 17 0 0 117 110 107 110 111 119 110 29 30 31
PKT rx=1 seq=0 rssi=-40 phase=17 rx_ms=552489 tx_lat=0.00000 tx_lon=0.00000 sats=0 fix=0 utc=1785032152 tx_fw=unknown
APP_CRC_FAIL exp=045F got=5BEF seq=1 syncOff=0
TIME_DIFF gps_utc=1785032152 laptop_utc=1785032152 offset=0
PKT rx=2 seq=2 rssi=-40 phase=17 rx_ms=552535 tx_lat=0.00000 tx_lon=0.00000 sats=0 fix=0 utc=1785032152 tx_fw=unknown
TIME_DIFF gps_utc=1785032152 laptop_utc=1785032152 offset=0
PKT rx=3 seq=3 rssi=-40 phase=17 rx_ms=552555 tx_lat=0.00000 tx_lon=0.00000 sats=0 fix=0 utc=1785032152 tx_fw=unknown
TIME_DIFF gps_utc=1785032152 laptop_utc=1785032152 offset=0
TIME_DIFF gps_utc=1785032152 laptop_utc=1785032152 offset=0
TIME_DIFF gps_utc=1785032152 laptop_utc=1785032152 offset=0
TIME_DIFF gps_utc=1785032152 laptop_utc=1785032152 offset=0
TIME_DIFF gps_utc=1785032152 laptop_utc=1785032152 offset=0
TIME_DIFF gps_utc=1785032152 laptop_utc=1785032152 offset=0
TIME_DIFF gps_utc=1785032152 laptop_utc=1785032152 offset=0
TIME_DIFF gps_utc=1785032152 laptop_utc=1785032152 offset=0
TIME_DIFF gps_utc=1785032152 laptop_utc=1785032152 offset=0
TIME_DIFF gps_utc=1785032152 laptop_utc=1785032152 offset=0
TIME_DIFF gps_utc=1785032152 laptop_utc=1785032152 offset=0
TIME_DIFF gps_utc=1785032152 laptop_utc=1785032152 offset=0
SYNC_NOT_FOUND first4=7F73ECA0
TIME_DIFF gps_utc=1785032152 laptop_utc=1785032152 offset=0
TIME_DIFF gps_utc=1785032152 laptop_utc=1785032152 offset=0
TIME_DIFF gps_utc=1785032152 laptop_utc=1785032152 offset=0
TIME_DIFF gps_utc=1785032152 laptop_utc=1785032152 offset=0
TIME_DIFF gps_utc=1785032152 laptop_utc=1785032152 offset=0
TIME_DIFF gps_utc=1785032152 laptop_utc=1785032152 offset=0
TIME_DIFF gps_utc=1785032152 laptop_utc=1785032152 offset=0
TIME_DIFF gps_utc=1785032152 laptop_utc=1785032152 offset=0
TIME_DIFF gps_utc=1785032152 laptop_utc=1785032152 offset=0
TIME_DIFF gps_utc=1785032152 laptop_utc=1785032152 offset=0
TIME_DIFF gps_utc=1785032152 laptop_utc=1785032153 offset=-1
TIME_DIFF gps_utc=1785032152 laptop_utc=1785032153 offset=-1
TIME_DIFF gps_utc=1785032152 laptop_utc=1785032153 offset=-1
APP_CRC_FAIL exp=A388 got=3167 seq=34 syncOff=0
TIME_DIFF gps_utc=1785032152 laptop_utc=1785032153 offset=-1
SYNC_NOT_FOUND first4=00AF002E
SYNC_NOT_FOUND first4=BD7955DA
TIME_DIFF gps_utc=1785032152 laptop_utc=1785032153 offset=-1
TIME_DIFF gps_utc=1785032152 laptop_utc=1785032153 offset=-1
TIME_DIFF gps_utc=1785032152 laptop_utc=1785032153 offset=-1
TIME_DIFF gps_utc=1785032152 laptop_utc=1785032153 offset=-1
TIME_DIFF gps_utc=1785032152 laptop_utc=1785032153 offset=-1
TIME_DIFF gps_utc=1785032152 laptop_utc=1785032153 offset=-1
TIME_DIFF gps_utc=1785032152 laptop_utc=1785032153 offset=-1
TIME_DIFF gps_utc=1785032152 laptop_utc=1785032153 offset=-1
TIME_DIFF gps_utc=1785032152 laptop_utc=1785032153 offset=-1
TIME_DIFF gps_utc=1785032152 laptop_utc=1785032153 offset=-1
TIME_DIFF gps_utc=1785032152 laptop_utc=1785032153 offset=-1
TIME_DIFF gps_utc=1785032152 laptop_utc=1785032153 offset=-1
TIME_DIFF gps_utc=1785032152 laptop_utc=1785032153 offset=-1
TIME_DIFF gps_utc=1785032153 laptop_utc=1785032153 offset=0
TIME_DIFF gps_utc=1785032153 laptop_utc=1785032153 offset=0
TIME_DIFF gps_utc=1785032153 laptop_utc=1785032153 offset=0
TIME_DIFF gps_utc=1785032153 laptop_utc=1785032153 offset=0
TIME_DIFF gps_utc=1785032153 laptop_utc=1785032153 offset=0
TIME_DIFF gps_utc=1785032153 laptop_utc=1785032153 offset=0
TIME_DIFF gps_utc=1785032153 laptop_utc=1785032153 offset=0
SYNC_NOT_FOUND first4=517EE836
TIME_DIFF gps_utc=1785032153 laptop_utc=1785032153 offset=0
SYNC_NOT_FOUND first4=99E60BA8
SYNC_NOT_FOUND first4=13FA1302
TIME_DIFF gps_utc=1785032153 laptop_utc=1785032153 offset=0
APP_CRC_FAIL exp=6487 got=A41E seq=60 syncOff=0
TIME_DIFF gps_utc=1785032153 laptop_utc=1785032153 offset=0
TIME_DIFF gps_utc=1785032153 laptop_utc=1785032153 offset=0
SYNC_NOT_FOUND first4=AFAFD9FE
TIME_DIFF gps_utc=1785032153 laptop_utc=1785032153 offset=0
TIME_DIFF gps_utc=1785032153 laptop_utc=1785032153 offset=0
TIME_DIFF gps_utc=1785032153 laptop_utc=1785032153 offset=0
SYNC_NOT_FOUND first4=2199BA18
TIME_DIFF gps_utc=1785032153 laptop_utc=1785032153 offset=0
TIME_DIFF gps_utc=1785032153 laptop_utc=1785032153 offset=0
SYNC_NOT_FOUND first4=53569747
TIME_DIFF gps_utc=1785032153 laptop_utc=1785032153 offset=0
TIME_DIFF gps_utc=1785032153 laptop_utc=1785032153 offset=0
TIME_DIFF gps_utc=1785032153 laptop_utc=1785032153 offset=0
PHASE_RESULT 17 HF-FLRC-1300-64 pktSize=64 rx=61 unique=61 lost=39 per=39.0 rssi_avg=-42 rssi_min=-55 crc_err=3 garbage=11 tx_lat=0.00000 tx_lon=0.00000 sats=0 fix=0 utc=1785032153 tx_fw=unknown rx_fw=unknown
PHASE_GUARD 500
PHASE_START 18 HF-FLRC-1300-128 pktSize=128
SYNC_OFFSET phase=18 off=0 prev=-1
TIME_DIFF gps_utc=1785032154 laptop_utc=1785032154 offset=0
FLRC_RAW32: 165 90 66 36 0 0 0 0 0 0 0 0 0 0 0 218 109 101 106 18 0 0 117 110 107 110 111 119 110 29 30 31
PKT rx=1 seq=0 rssi=-40 phase=18 rx_ms=554481 tx_lat=0.00000 tx_lon=0.00000 sats=0 fix=0 utc=1785032154 tx_fw=unknown
APP_CRC_FAIL exp=42DE got=1007 seq=1 syncOff=0
TIME_DIFF gps_utc=1785032154 laptop_utc=1785032154 offset=0
PKT rx=2 seq=2 rssi=-40 phase=18 rx_ms=554527 tx_lat=0.00000 tx_lon=0.00000 sats=0 fix=0 utc=1785032154 tx_fw=unknown
TIME_DIFF gps_utc=1785032154 laptop_utc=1785032154 offset=0
PKT rx=3 seq=10 rssi=-40 phase=18 rx_ms=554547 tx_lat=0.00000 tx_lon=0.00000 sats=0 fix=0 utc=1785032154 tx_fw=unknown
TIME_DIFF gps_utc=1785032154 laptop_utc=1785032154 offset=0
TIME_DIFF gps_utc=1785032154 laptop_utc=1785032154 offset=0
TIME_DIFF gps_utc=1785032154 laptop_utc=1785032154 offset=0
TIME_DIFF gps_utc=1785032154 laptop_utc=1785032154 offset=0
TIME_DIFF gps_utc=1785032154 laptop_utc=1785032154 offset=0
TIME_DIFF gps_utc=1785032154 laptop_utc=1785032154 offset=0
TIME_DIFF gps_utc=1785032154 laptop_utc=1785032154 offset=0
TIME_DIFF gps_utc=1785032154 laptop_utc=1785032154 offset=0
TIME_DIFF gps_utc=1785032154 laptop_utc=1785032154 offset=0
TIME_DIFF gps_utc=1785032154 laptop_utc=1785032154 offset=0
TIME_DIFF gps_utc=1785032154 laptop_utc=1785032154 offset=0
TIME_DIFF gps_utc=1785032154 laptop_utc=1785032154 offset=0
TIME_DIFF gps_utc=1785032154 laptop_utc=1785032154 offset=0
TIME_DIFF gps_utc=1785032154 laptop_utc=1785032154 offset=0
TIME_DIFF gps_utc=1785032154 laptop_utc=1785032154 offset=0
SYNC_NOT_FOUND first4=761E1887
TIME_DIFF gps_utc=1785032154 laptop_utc=1785032154 offset=0
TIME_SYNCED utc=1785032154 offset=1785031600
SYNC_NOT_FOUND first4=B8CFC59E
TIME_DIFF gps_utc=1785032154 laptop_utc=1785032154 offset=0
TIME_DIFF gps_utc=1785032154 laptop_utc=1785032154 offset=0
TIME_DIFF gps_utc=1785032154 laptop_utc=1785032154 offset=0
TIME_DIFF gps_utc=1785032154 laptop_utc=1785032154 offset=0
TIME_DIFF gps_utc=1785032154 laptop_utc=1785032154 offset=0
TIME_DIFF gps_utc=1785032154 laptop_utc=1785032155 offset=-1
TIME_DIFF gps_utc=1785032154 laptop_utc=1785032155 offset=-1
TIME_DIFF gps_utc=1785032154 laptop_utc=1785032155 offset=-1
TIME_DIFF gps_utc=1785032154 laptop_utc=1785032155 offset=-1
TIME_DIFF gps_utc=1785032154 laptop_utc=1785032155 offset=-1
TIME_DIFF gps_utc=1785032154 laptop_utc=1785032155 offset=-1
SYNC_NOT_FOUND first4=EE20C62A
TIME_DIFF gps_utc=1785032154 laptop_utc=1785032155 offset=-1
TIME_DIFF gps_utc=1785032154 laptop_utc=1785032155 offset=-1
TIME_DIFF gps_utc=1785032154 laptop_utc=1785032155 offset=-1
TIME_DIFF gps_utc=1785032154 laptop_utc=1785032155 offset=-1
TIME_DIFF gps_utc=1785032154 laptop_utc=1785032155 offset=-1
TIME_DIFF gps_utc=1785032154 laptop_utc=1785032155 offset=-1
TIME_DIFF gps_utc=1785032154 laptop_utc=1785032155 offset=-1
TIME_DIFF gps_utc=1785032154 laptop_utc=1785032155 offset=-1
TIME_DIFF gps_utc=1785032154 laptop_utc=1785032155 offset=-1
TIME_DIFF gps_utc=1785032154 laptop_utc=1785032155 offset=-1
TIME_DIFF gps_utc=1785032154 laptop_utc=1785032155 offset=-1
TIME_DIFF gps_utc=1785032155 laptop_utc=1785032155 offset=0
TIME_DIFF gps_utc=1785032155 laptop_utc=1785032155 offset=0
TIME_DIFF gps_utc=1785032155 laptop_utc=1785032155 offset=0
TIME_DIFF gps_utc=1785032155 laptop_utc=1785032155 offset=0
TIME_DIFF gps_utc=1785032155 laptop_utc=1785032155 offset=0
TIME_DIFF gps_utc=1785032155 laptop_utc=1785032155 offset=0
TIME_DIFF gps_utc=1785032155 laptop_utc=1785032155 offset=0
TIME_DIFF gps_utc=1785032155 laptop_utc=1785032155 offset=0
TIME_DIFF gps_utc=1785032155 laptop_utc=1785032155 offset=0
TIME_DIFF gps_utc=1785032155 laptop_utc=1785032155 offset=0
TIME_DIFF gps_utc=1785032155 laptop_utc=1785032155 offset=0
TIME_DIFF gps_utc=1785032155 laptop_utc=1785032155 offset=0
TIME_DIFF gps_utc=1785032155 laptop_utc=1785032155 offset=0
TIME_DIFF gps_utc=1785032155 laptop_utc=1785032155 offset=0
TIME_DIFF gps_utc=1785032155 laptop_utc=1785032155 offset=0
TIME_DIFF gps_utc=1785032155 laptop_utc=1785032155 offset=0
TIME_DIFF gps_utc=1785032155 laptop_utc=1785032155 offset=0
TIME_DIFF gps_utc=1785032155 laptop_utc=1785032155 offset=0
TIME_DIFF gps_utc=1785032155 laptop_utc=1785032155 offset=0
TIME_DIFF gps_utc=1785032155 laptop_utc=1785032155 offset=0
TIME_DIFF gps_utc=1785032155 laptop_utc=1785032155 offset=0
TIME_DIFF gps_utc=1785032155 laptop_utc=1785032155 offset=0
TIME_DIFF gps_utc=1785032155 laptop_utc=1785032155 offset=0
TIME_DIFF gps_utc=1785032155 laptop_utc=1785032155 offset=0
TIME_SYNCED utc=1785032155 offset=1785031600
PHASE_RESULT 18 HF-FLRC-1300-128 pktSize=128 rx=65 unique=65 lost=35 per=35.0 rssi_avg=-41 rssi_min=-55 crc_err=1 garbage=3 tx_lat=0.00000 tx_lon=0.00000 sats=0 fix=0 utc=1785032155 tx_fw=unknown rx_fw=unknown
PHASE_GUARD 500
PHASE_START 19 HF-FLRC-1300-255 pktSize=255
SYNC_OFFSET phase=19 off=0 prev=-1
TIME_DIFF gps_utc=1785032156 laptop_utc=1785032156 offset=0
FLRC_RAW32: 165 90 66 36 0 0 0 0 0 0 0 0 0 0 0 220 109 101 106 19 0 0 117 110 107 110 111 119 110 29 30 31
PKT rx=1 seq=0 rssi=-40 phase=19 rx_ms=556474 tx_lat=0.00000 tx_lon=0.00000 sats=0 fix=0 utc=1785032156 tx_fw=unknown
APP_CRC_FAIL exp=6BD5 got=7BE9 seq=1 syncOff=0
SYNC_OFFSET phase=19 off=1 prev=0
APP_CRC_FAIL exp=DD10 got=DD64 seq=10 syncOff=1
APP_CRC_FAIL exp=0A10 got=0AA6 seq=11 syncOff=1
APP_CRC_FAIL exp=0D10 got=0DAA seq=12 syncOff=1
APP_CRC_FAIL exp=DA10 got=DA68 seq=13 syncOff=1
APP_CRC_FAIL exp=B210 got=B20F seq=14 syncOff=1
TIME_SYNCED utc=1785032156 offset=1785031600
APP_CRC_FAIL exp=6510 got=65CD seq=15 syncOff=1
APP_CRC_FAIL exp=1110 got=119A seq=16 syncOff=1
APP_CRC_FAIL exp=C610 got=C658 seq=17 syncOff=1
APP_CRC_FAIL exp=AE10 got=AE3F seq=18 syncOff=1
APP_CRC_FAIL exp=7910 got=79FD seq=19 syncOff=1
APP_CRC_FAIL exp=7E10 got=7EF1 seq=20 syncOff=1
APP_CRC_FAIL exp=A910 got=A933 seq=21 syncOff=1
APP_CRC_FAIL exp=C110 got=C154 seq=22 syncOff=1
SYNC_NOT_FOUND first4=542E379C
APP_CRC_FAIL exp=1610 got=1696 seq=23 syncOff=1
APP_CRC_FAIL exp=CF10 got=CF4C seq=24 syncOff=1
SYNC_NOT_FOUND first4=4C5A069B
APP_CRC_FAIL exp=1810 got=188E seq=25 syncOff=1
APP_CRC_FAIL exp=7010 got=70E9 seq=26 syncOff=1
APP_CRC_FAIL exp=A710 got=A72B seq=27 syncOff=1
APP_CRC_FAIL exp=A010 got=A027 seq=28 syncOff=1
TIME_SYNCED utc=1785032156 offset=1785031600
APP_CRC_FAIL exp=7710 got=77E5 seq=29 syncOff=1
APP_CRC_FAIL exp=1F10 got=1F82 seq=30 syncOff=1
APP_CRC_FAIL exp=C810 got=C840 seq=31 syncOff=1
SYNC_NOT_FOUND first4=409AB12E
APP_CRC_FAIL exp=F710 got=F72C seq=32 syncOff=1
APP_CRC_FAIL exp=2010 got=20EE seq=33 syncOff=1
APP_CRC_FAIL exp=4810 got=4889 seq=34 syncOff=1
APP_CRC_FAIL exp=9F10 got=9F4B seq=35 syncOff=1
APP_CRC_FAIL exp=9810 got=9847 seq=36 syncOff=1
APP_CRC_FAIL exp=4F10 got=4F85 seq=37 syncOff=1
APP_CRC_FAIL exp=2710 got=27E2 seq=38 syncOff=1
SYNC_NOT_FOUND first4=E22DF49A
APP_CRC_FAIL exp=F010 got=F020 seq=39 syncOff=1
APP_CRC_FAIL exp=2910 got=29FA seq=40 syncOff=1
APP_CRC_FAIL exp=FE10 got=FE38 seq=41 syncOff=1
APP_CRC_FAIL exp=9610 got=965F seq=42 syncOff=1
APP_CRC_FAIL exp=4110 got=419D seq=43 syncOff=1
APP_CRC_FAIL exp=4610 got=4691 seq=44 syncOff=1
SYNC_NOT_FOUND first4=91F1E1E4
APP_CRC_FAIL exp=9110 got=9153 seq=45 syncOff=1
SYNC_NOT_FOUND first4=536EABFD
APP_CRC_FAIL exp=F910 got=F934 seq=46 syncOff=1
APP_CRC_FAIL exp=2E10 got=2EF6 seq=47 syncOff=1
APP_CRC_FAIL exp=5A10 got=5AA1 seq=48 syncOff=1
APP_CRC_FAIL exp=8D10 got=8D63 seq=49 syncOff=1
APP_CRC_FAIL exp=E510 got=E504 seq=50 syncOff=1
APP_CRC_FAIL exp=2910 got=2908 seq=51 syncOff=1
APP_CRC_FAIL exp=2E10 got=2E04 seq=52 syncOff=1
APP_CRC_FAIL exp=F910 got=F9C6 seq=53 syncOff=1
APP_CRC_FAIL exp=9110 got=91A1 seq=54 syncOff=1
APP_CRC_FAIL exp=4610 got=4663 seq=55 syncOff=1
APP_CRC_FAIL exp=9F10 got=9FB9 seq=56 syncOff=1
APP_CRC_FAIL exp=4810 got=487B seq=57 syncOff=1
APP_CRC_FAIL exp=2010 got=201C seq=58 syncOff=1
APP_CRC_FAIL exp=F710 got=F7DE seq=59 syncOff=1
APP_CRC_FAIL exp=F010 got=F0D2 seq=60 syncOff=1
TIME_DIFF gps_utc=1785032157 laptop_utc=1785032157 offset=0
PKT rx=2 seq=61 rssi=-40 phase=19 rx_ms=557540 tx_lat=0.00000 tx_lon=0.00000 sats=0 fix=0 utc=1785032157 tx_fw=unknown
APP_CRC_FAIL exp=4F10 got=4F77 seq=62 syncOff=1
APP_CRC_FAIL exp=9810 got=98B5 seq=63 syncOff=1
APP_CRC_FAIL exp=3110 got=31AF seq=64 syncOff=1
APP_CRC_FAIL exp=E610 got=E66D seq=65 syncOff=1
APP_CRC_FAIL exp=8E10 got=8E0A seq=66 syncOff=1
APP_CRC_FAIL exp=5910 got=59C8 seq=67 syncOff=1
APP_CRC_FAIL exp=5E10 got=5EC4 seq=68 syncOff=1
APP_CRC_FAIL exp=8910 got=8906 seq=69 syncOff=1
APP_CRC_FAIL exp=E110 got=E161 seq=70 syncOff=1
APP_CRC_FAIL exp=3610 got=36A3 seq=71 syncOff=1
APP_CRC_FAIL exp=EF10 got=EF79 seq=72 syncOff=1
APP_CRC_FAIL exp=3810 got=38BB seq=73 syncOff=1
APP_CRC_FAIL exp=5010 got=50DC seq=74 syncOff=1
SYNC_NOT_FOUND first4=DC5E7352
PHASE_RESULT 19 HF-FLRC-1300-255 pktSize=255 rx=2 unique=2 lost=98 per=98.0 rssi_avg=-40 rssi_min=-40 crc_err=65 garbage=7 tx_lat=0.00000 tx_lon=0.00000 sats=0 fix=0 utc=1785032157 tx_fw=unknown rx_fw=unknown
PHASE_GUARD 500
PHASE_START 20 HF-FLRC-650-32 pktSize=32
TIME_STATS min=-1000ms max=0ms avg=-243ms corrections=0
SYNC_NOT_FOUND first4=0271A26C
SYNC_NOT_FOUND first4=8DA1BCFD
SYNC_NOT_FOUND first4=956FD9F8
SYNC_OFFSET phase=20 off=0 prev=-1
TIME_DIFF gps_utc=1785032158 laptop_utc=1785032158 offset=0
FLRC_RAW32: 165 90 66 36 0 0 0 0 0 0 0 0 0 0 0 222 109 101 106 20 0 0 117 110 107 110 111 119 110 29 191 115
PKT rx=1 seq=0 rssi=-40 phase=20 rx_ms=558497 tx_lat=0.00000 tx_lon=0.00000 sats=0 fix=0 utc=1785032158 tx_fw=unknown
TIME_DIFF gps_utc=1785032158 laptop_utc=1785032158 offset=0
PKT rx=2 seq=1 rssi=-40 phase=20 rx_ms=558513 tx_lat=0.00000 tx_lon=0.00000 sats=0 fix=0 utc=1785032158 tx_fw=unknown
APP_CRC_FAIL exp=7914 got=AD34 seq=2 syncOff=0
TIME_DIFF gps_utc=1785032158 laptop_utc=1785032158 offset=0
PKT rx=3 seq=3 rssi=-40 phase=20 rx_ms=558562 tx_lat=0.00000 tx_lon=0.00000 sats=0 fix=0 utc=1785032158 tx_fw=unknown
APP_CRC_FAIL exp=239C got=2EDE seq=4 syncOff=0
TIME_DIFF gps_utc=1785032158 laptop_utc=1785032158 offset=0
TIME_DIFF gps_utc=1785032158 laptop_utc=1785032158 offset=0
TIME_DIFF gps_utc=1785032158 laptop_utc=1785032158 offset=0
TIME_DIFF gps_utc=1785032158 laptop_utc=1785032158 offset=0
TIME_DIFF gps_utc=1785032158 laptop_utc=1785032158 offset=0
APP_CRC_FAIL exp=BBC8 got=46F9 seq=11 syncOff=0
SYNC_NOT_FOUND first4=62E5EE0B
TIME_DIFF gps_utc=1785032158 laptop_utc=1785032158 offset=0
TIME_DIFF gps_utc=1785032158 laptop_utc=1785032158 offset=0
SYNC_NOT_FOUND first4=FB357FA4
TIME_DIFF gps_utc=1785032158 laptop_utc=1785032158 offset=0
SYNC_NOT_FOUND first4=16861C9C
TIME_DIFF gps_utc=1785032158 laptop_utc=1785032158 offset=0
TIME_DIFF gps_utc=1785032158 laptop_utc=1785032158 offset=0
TIME_DIFF gps_utc=1785032158 laptop_utc=1785032158 offset=0
TIME_DIFF gps_utc=1785032158 laptop_utc=1785032158 offset=0
TIME_DIFF gps_utc=1785032158 laptop_utc=1785032158 offset=0
TIME_DIFF gps_utc=1785032158 laptop_utc=1785032158 offset=0
TIME_DIFF gps_utc=1785032158 laptop_utc=1785032158 offset=0
TIME_DIFF gps_utc=1785032158 laptop_utc=1785032158 offset=0
TIME_DIFF gps_utc=1785032158 laptop_utc=1785032158 offset=0
SYNC_NOT_FOUND first4=64964765
TIME_DIFF gps_utc=1785032158 laptop_utc=1785032158 offset=0
TIME_DIFF gps_utc=1785032158 laptop_utc=1785032159 offset=-1
TIME_DIFF gps_utc=1785032158 laptop_utc=1785032159 offset=-1
TIME_DIFF gps_utc=1785032158 laptop_utc=1785032159 offset=-1
TIME_DIFF gps_utc=1785032158 laptop_utc=1785032159 offset=-1
SYNC_NOT_FOUND first4=3F162EAE
TIME_DIFF gps_utc=1785032158 laptop_utc=1785032159 offset=-1
TIME_DIFF gps_utc=1785032158 laptop_utc=1785032159 offset=-1
TIME_DIFF gps_utc=1785032158 laptop_utc=1785032159 offset=-1
TIME_DIFF gps_utc=1785032158 laptop_utc=1785032159 offset=-1
TIME_DIFF gps_utc=1785032158 laptop_utc=1785032159 offset=-1
TIME_DIFF gps_utc=1785032158 laptop_utc=1785032159 offset=-1
TIME_DIFF gps_utc=1785032158 laptop_utc=1785032159 offset=-1
TIME_DIFF gps_utc=1785032158 laptop_utc=1785032159 offset=-1
TIME_DIFF gps_utc=1785032158 laptop_utc=1785032159 offset=-1
TIME_DIFF gps_utc=1785032158 laptop_utc=1785032159 offset=-1
TIME_DIFF gps_utc=1785032158 laptop_utc=1785032159 offset=-1
TIME_DIFF gps_utc=1785032158 laptop_utc=1785032159 offset=-1
APP_CRC_FAIL exp=1C34 got=8DB4 seq=43 syncOff=0
TIME_DIFF gps_utc=1785032158 laptop_utc=1785032159 offset=-1
TIME_DIFF gps_utc=1785032158 laptop_utc=1785032159 offset=-1
TIME_DIFF gps_utc=1785032158 laptop_utc=1785032159 offset=-1
TIME_DIFF gps_utc=1785032158 laptop_utc=1785032159 offset=-1
TIME_DIFF gps_utc=1785032158 laptop_utc=1785032159 offset=-1
SYNC_NOT_FOUND first4=F4ED2900
TIME_DIFF gps_utc=1785032158 laptop_utc=1785032159 offset=-1
TIME_DIFF gps_utc=1785032159 laptop_utc=1785032159 offset=0
SYNC_NOT_FOUND first4=D11E61F5
TIME_DIFF gps_utc=1785032159 laptop_utc=1785032159 offset=0
TIME_DIFF gps_utc=1785032159 laptop_utc=1785032159 offset=0
SYNC_NOT_FOUND first4=27365474
TIME_DIFF gps_utc=1785032159 laptop_utc=1785032159 offset=0
TIME_DIFF gps_utc=1785032159 laptop_utc=1785032159 offset=0
TIME_DIFF gps_utc=1785032159 laptop_utc=1785032159 offset=0
SYNC_NOT_FOUND first4=6157B4D0
TIME_DIFF gps_utc=1785032159 laptop_utc=1785032159 offset=0
SYNC_NOT_FOUND first4=A0400C29
TIME_DIFF gps_utc=1785032159 laptop_utc=1785032159 offset=0
TIME_DIFF gps_utc=1785032159 laptop_utc=1785032159 offset=0
TIME_DIFF gps_utc=1785032159 laptop_utc=1785032159 offset=0
SYNC_NOT_FOUND first4=6FC827AC
TIME_DIFF gps_utc=1785032159 laptop_utc=1785032159 offset=0
TIME_DIFF gps_utc=1785032159 laptop_utc=1785032159 offset=0
SYNC_NOT_FOUND first4=A0BF7C68
TIME_DIFF gps_utc=1785032159 laptop_utc=1785032159 offset=0
TIME_DIFF gps_utc=1785032159 laptop_utc=1785032159 offset=0
TIME_DIFF gps_utc=1785032159 laptop_utc=1785032159 offset=0
TIME_DIFF gps_utc=1785032159 laptop_utc=1785032159 offset=0
TIME_DIFF gps_utc=1785032159 laptop_utc=1785032159 offset=0
TIME_DIFF gps_utc=1785032159 laptop_utc=1785032159 offset=0
SYNC_NOT_FOUND first4=60393058
TIME_DIFF gps_utc=1785032159 laptop_utc=1785032159 offset=0
TIME_DIFF gps_utc=1785032159 laptop_utc=1785032159 offset=0
PHASE_RESULT 20 HF-FLRC-650-32 pktSize=32 rx=63 unique=63 lost=37 per=37.0 rssi_avg=-43 rssi_min=-56 crc_err=4 garbage=16 tx_lat=0.00000 tx_lon=0.00000 sats=0 fix=0 utc=1785032159 tx_fw=unknown rx_fw=unknown
PHASE_GUARD 500
PHASE_START 21 HF-FLRC-650-64 pktSize=64
SYNC_NOT_FOUND first4=AF06817B
SYNC_NOT_FOUND first4=DC8AB75D
SYNC_OFFSET phase=21 off=0 prev=-1
TIME_DIFF gps_utc=1785032160 laptop_utc=1785032160 offset=0
FLRC_RAW32: 165 90 66 36 0 0 0 0 0 0 0 0 0 0 0 224 109 101 106 21 0 0 117 110 107 110 111 119 110 29 30 31
PKT rx=1 seq=0 rssi=-40 phase=21 rx_ms=560497 tx_lat=0.00000 tx_lon=0.00000 sats=0 fix=0 utc=1785032160 tx_fw=unknown
APP_CRC_FAIL exp=9174 got=8FE7 seq=1 syncOff=0
TIME_DIFF gps_utc=1785032160 laptop_utc=1785032160 offset=0
PKT rx=2 seq=2 rssi=-40 phase=21 rx_ms=560517 tx_lat=0.00000 tx_lon=0.00000 sats=0 fix=0 utc=1785032160 tx_fw=unknown
APP_CRC_FAIL exp=F095 got=4678 seq=3 syncOff=0
APP_CRC_FAIL exp=EA56 got=AA21 seq=4 syncOff=0
TIME_DIFF gps_utc=1785032160 laptop_utc=1785032160 offset=0
PKT rx=3 seq=8 rssi=-40 phase=21 rx_ms=560584 tx_lat=0.00000 tx_lon=0.00000 sats=0 fix=0 utc=1785032160 tx_fw=unknown
TIME_DIFF gps_utc=1785032160 laptop_utc=1785032160 offset=0
TIME_DIFF gps_utc=1785032160 laptop_utc=1785032160 offset=0
TIME_DIFF gps_utc=1785032160 laptop_utc=1785032160 offset=0
SYNC_NOT_FOUND first4=75A13F17
TIME_DIFF gps_utc=1785032160 laptop_utc=1785032160 offset=0
TIME_DIFF gps_utc=1785032160 laptop_utc=1785032160 offset=0
TIME_DIFF gps_utc=1785032160 laptop_utc=1785032160 offset=0
SYNC_NOT_FOUND first4=C0751DBA
TIME_DIFF gps_utc=1785032160 laptop_utc=1785032160 offset=0
TIME_DIFF gps_utc=1785032160 laptop_utc=1785032160 offset=0
APP_CRC_FAIL exp=771E got=F7F0 seq=18 syncOff=0
TIME_DIFF gps_utc=1785032160 laptop_utc=1785032160 offset=0
SYNC_NOT_FOUND first4=1A678890
TIME_DIFF gps_utc=1785032160 laptop_utc=1785032160 offset=0
TIME_DIFF gps_utc=1785032160 laptop_utc=1785032160 offset=0
TIME_DIFF gps_utc=1785032160 laptop_utc=1785032160 offset=0
TIME_DIFF gps_utc=1785032160 laptop_utc=1785032160 offset=0
TIME_DIFF gps_utc=1785032160 laptop_utc=1785032160 offset=0
TIME_DIFF gps_utc=1785032160 laptop_utc=1785032160 offset=0
TIME_DIFF gps_utc=1785032160 laptop_utc=1785032160 offset=0
SYNC_NOT_FOUND first4=5650B21E
TIME_DIFF gps_utc=1785032160 laptop_utc=1785032160 offset=0
TIME_DIFF gps_utc=1785032160 laptop_utc=1785032160 offset=0
SYNC_NOT_FOUND first4=5985AED0
TIME_DIFF gps_utc=1785032160 laptop_utc=1785032161 offset=-1
TIME_DIFF gps_utc=1785032160 laptop_utc=1785032161 offset=-1
TIME_DIFF gps_utc=1785032160 laptop_utc=1785032161 offset=-1
TIME_DIFF gps_utc=1785032160 laptop_utc=1785032161 offset=-1
TIME_DIFF gps_utc=1785032160 laptop_utc=1785032161 offset=-1
APP_CRC_FAIL exp=8E43 got=036B seq=35 syncOff=0
TIME_DIFF gps_utc=1785032160 laptop_utc=1785032161 offset=-1
SYNC_NOT_FOUND first4=30D3349B
TIME_DIFF gps_utc=1785032160 laptop_utc=1785032161 offset=-1
SYNC_NOT_FOUND first4=B69DE0D0
TIME_DIFF gps_utc=1785032160 laptop_utc=1785032161 offset=-1
TIME_DIFF gps_utc=1785032160 laptop_utc=1785032161 offset=-1
TIME_DIFF gps_utc=1785032160 laptop_utc=1785032161 offset=-1
TIME_DIFF gps_utc=1785032160 laptop_utc=1785032161 offset=-1
TIME_DIFF gps_utc=1785032160 laptop_utc=1785032161 offset=-1
TIME_DIFF gps_utc=1785032160 laptop_utc=1785032161 offset=-1
TIME_DIFF gps_utc=1785032160 laptop_utc=1785032161 offset=-1
TIME_DIFF gps_utc=1785032160 laptop_utc=1785032161 offset=-1
TIME_DIFF gps_utc=1785032160 laptop_utc=1785032161 offset=-1
TIME_DIFF gps_utc=1785032160 laptop_utc=1785032161 offset=-1
TIME_DIFF gps_utc=1785032160 laptop_utc=1785032161 offset=-1
TIME_DIFF gps_utc=1785032161 laptop_utc=1785032161 offset=0
TIME_DIFF gps_utc=1785032161 laptop_utc=1785032161 offset=0
TIME_DIFF gps_utc=1785032161 laptop_utc=1785032161 offset=0
SYNC_NOT_FOUND first4=E7C8639B
TIME_DIFF gps_utc=1785032161 laptop_utc=1785032161 offset=0
TIME_DIFF gps_utc=1785032161 laptop_utc=1785032161 offset=0
TIME_DIFF gps_utc=1785032161 laptop_utc=1785032161 offset=0
TIME_DIFF gps_utc=1785032161 laptop_utc=1785032161 offset=0
TIME_DIFF gps_utc=1785032161 laptop_utc=1785032161 offset=0
TIME_DIFF gps_utc=1785032161 laptop_utc=1785032161 offset=0
TIME_DIFF gps_utc=1785032161 laptop_utc=1785032161 offset=0
TIME_DIFF gps_utc=1785032161 laptop_utc=1785032161 offset=0
TIME_DIFF gps_utc=1785032161 laptop_utc=1785032161 offset=0
TIME_DIFF gps_utc=1785032161 laptop_utc=1785032161 offset=0
TIME_DIFF gps_utc=1785032161 laptop_utc=1785032161 offset=0
TIME_DIFF gps_utc=1785032161 laptop_utc=1785032161 offset=0
TIME_DIFF gps_utc=1785032161 laptop_utc=1785032161 offset=0
TIME_DIFF gps_utc=1785032161 laptop_utc=1785032161 offset=0
TIME_DIFF gps_utc=1785032161 laptop_utc=1785032161 offset=0
TIME_DIFF gps_utc=1785032161 laptop_utc=1785032161 offset=0
TIME_DIFF gps_utc=1785032161 laptop_utc=1785032161 offset=0
SYNC_NOT_FOUND first4=783629C7
TIME_DIFF gps_utc=1785032161 laptop_utc=1785032161 offset=0
SYNC_NOT_FOUND first4=881F30A5
SYNC_NOT_FOUND first4=89A9473E
PHASE_RESULT 21 HF-FLRC-650-64 pktSize=64 rx=60 unique=60 lost=40 per=40.0 rssi_avg=-42 rssi_min=-56 crc_err=5 garbage=13 tx_latPHASE_GUARD 500
PHASE_START 22 HF-FLRC-650-128 pktSize=128
SYNC_OFFSET phase=22 off=0 prev=-1
TIME_DIFF gps_utc=1785032162 laptop_utc=1785032162 offset=0
PKT rx=1 seq=0 rssi=-40 phase=22 rx_ms=562490 tx_lat=0.00000 tx_lon=0.00000 sats=0 fix=0 utc=1785032162 tx_fw=unknown
APP_CRC_FAIL exp=A145 got=DC1D seq=1 syncOff=0
PKT rx=2 seq=2 rssi=-40 phase=22 rx_ms=562510 tx_lat=0.00000 tx_lon=0.00000 sats=0 fix=0 utc=1785032162 tx_fw=unknown
APP_CRC_FAIL exp=827D got=CA5C seq=8 syncOff=0
PKT rx=3 seq=9 rssi=-40 phase=22 rx_ms=562556 tx_lat=0.00000 tx_lon=0.00000 sats=0 fix=0 utc=1785032162 tx_fw=unknown
SYNC_NOT_FOUND first4=D5ED9479
TIME_DIFF gps_utc=1785032162 laptop_utc=1785032162 offset=0
TIME_DIFF gps_utc=1785032162 laptop_utc=1785032162 offset=0
TIME_DIFF gps_utc=1785032162 laptop_utc=1785032162 offset=0
TIME_DIFF gps_utc=1785032162 laptop_utc=1785032162 offset=0
TIME_DIFF gps_utc=1785032162 laptop_utc=1785032162 offset=0
TIME_DIFF gps_utc=1785032162 laptop_utc=1785032162 offset=0
SYNC_NOT_FOUND first4=689EF3A7
TIME_DIFF gps_utc=1785032162 laptop_utc=1785032162 offset=0
TIME_DIFF gps_utc=1785032162 laptop_utc=1785032162 offset=0
TIME_DIFF gps_utc=1785032162 laptop_utc=1785032162 offset=0
TIME_DIFF gps_utc=1785032162 laptop_utc=1785032162 offset=0
SYNC_NOT_FOUND first4=294030D5
TIME_DIFF gps_utc=1785032162 laptop_utc=1785032162 offset=0
SYNC_NOT_FOUND first4=26CCBC87
SYNC_NOT_FOUND first4=3B66CB44
TIME_DIFF gps_utc=1785032162 laptop_utc=1785032162 offset=0
TIME_DIFF gps_utc=1785032162 laptop_utc=1785032162 offset=0
TIME_DIFF gps_utc=1785032162 laptop_utc=1785032163 offset=-1
TIME_DIFF gps_utc=1785032162 laptop_utc=1785032163 offset=-1
TIME_DIFF gps_utc=1785032162 laptop_utc=1785032163 offset=-1
TIME_DIFF gps_utc=1785032162 laptop_utc=1785032163 offset=-1
TIME_DIFF gps_utc=1785032162 laptop_utc=1785032163 offset=-1
TIME_DIFF gps_utc=1785032162 laptop_utc=1785032163 offset=-1
TIME_DIFF gps_utc=1785032162 laptop_utc=1785032163 offset=-1
TIME_DIFF gps_utc=1785032162 laptop_utc=1785032163 offset=-1
TIME_DIFF gps_utc=1785032162 laptop_utc=1785032163 offset=-1
TIME_DIFF gps_utc=1785032162 laptop_utc=1785032163 offset=-1
TIME_DIFF gps_utc=1785032162 laptop_utc=1785032163 offset=-1
TIME_DIFF gps_utc=1785032163 laptop_utc=1785032163 offset=0
TIME_DIFF gps_utc=1785032163 laptop_utc=1785032163 offset=0
TIME_DIFF gps_utc=1785032163 laptop_utc=1785032163 offset=0
TIME_DIFF gps_utc=1785032163 laptop_utc=1785032163 offset=0
TIME_DIFF gps_utc=1785032163 laptop_utc=1785032163 offset=0
TIME_DIFF gps_utc=1785032163 laptop_utc=1785032163 offset=0
TIME_DIFF gps_utc=1785032163 laptop_utc=1785032163 offset=0
TIME_DIFF gps_utc=1785032163 laptop_utc=1785032163 offset=0
TIME_DIFF gps_utc=1785032163 laptop_utc=1785032163 offset=0
TIME_DIFF gps_utc=1785032163 laptop_utc=1785032163 offset=0
TIME_DIFF gps_utc=1785032163 laptop_utc=1785032163 offset=0
SYNC_NOT_FOUND first4=2601F911
TIME_DIFF gps_utc=1785032163 laptop_utc=1785032163 offset=0
SYNC_NOT_FOUND first4=FC526CFB
TIME_DIFF gps_utc=1785032163 laptop_utc=1785032163 offset=0
TIME_DIFF gps_utc=1785032163 laptop_utc=1785032163 offset=0
TIME_DIFF gps_utc=1785032163 laptop_utc=1785032163 offset=0
PHASE_RESULT 22 HF-FLRC-650-128 pktSize=128 rx=66 unique=66 lost=34 per=34.0 rssi_avg=-42 rssi_min=-56 crc_err=2 garbage=11 tx_lat=0.00000 tx_lon=0.00000 sats=0 fix=0 utc=1785032163 tx_fw=unknown rx_fw=unknown
PHASE_START 23 HF-FLRC-650-255 pktSize=255
SYNC_NOT_FOUND first4=01B00D9A
SYNC_OFFSET phase=23 off=0 prev=-1
FLRC_RAW32: 165 90 66 36 0 0 0 0 0 0 0 0 0 0 0 228 109 101 106 23 0 0 117 110 107 110 111 119 110 29 30 31
APP_CRC_FAIL exp=961E got=64AB seq=1 syncOff=0
APP_CRC_FAIL exp=9F10 got=9F0A seq=8 syncOff=1
APP_CRC_FAIL exp=F710 got=F76D seq=11 syncOff=1
APP_CRC_FAIL exp=2710 got=27A3 seq=13 syncOff=1
APP_CRC_FAIL exp=9810 got=9806 seq=15 syncOff=1
APP_CRC_FAIL exp=3B10 got=3B93 seq=17 syncOff=1
APP_CRC_FAIL exp=5310 got=53F4 seq=18 syncOff=1
APP_CRC_FAIL exp=8310 got=833A seq=20 syncOff=1
APP_CRC_FAIL exp=5410 got=54F8 seq=21 syncOff=1
APP_CRC_FAIL exp=EB10 got=EB5D seq=23 syncOff=1
SYNC_NOT_FOUND first4=873A2651
APP_CRC_FAIL exp=8D10 got=8D22 seq=26 syncOff=1
APP_CRC_FAIL exp=5D10 got=5DEC seq=28 syncOff=1
SYNC_NOT_FOUND first4=2ED5F172
APP_CRC_FAIL exp=0A10 got=0AE7 seq=32 syncOff=1
APP_CRC_FAIL exp=B510 got=B542 seq=34 syncOff=1
APP_CRC_FAIL exp=6510 got=658C seq=36 syncOff=1
SYNC_NOT_FOUND first4=4E8FC5F9
APP_CRC_FAIL exp=0D10 got=0DEB seq=39 syncOff=1
APP_CRC_FAIL exp=D410 got=D431 seq=40 syncOff=1
SYNC_NOT_FOUND first4=F3E71A29
APP_CRC_FAIL exp=BC10 got=BC56 seq=43 syncOff=1
APP_CRC_FAIL exp=6C10 got=6C98 seq=45 syncOff=1
APP_CRC_FAIL exp=D310 got=D33D seq=47 syncOff=1
APP_CRC_FAIL exp=7010 got=70A8 seq=49 syncOff=1
APP_CRC_FAIL exp=D410 got=D4C3 seq=51 syncOff=1
APP_CRC_FAIL exp=0410 got=040D seq=53 syncOff=1
APP_CRC_FAIL exp=BB10 got=BBA8 seq=55 syncOff=1
APP_CRC_FAIL exp=6210 got=6272 seq=56 syncOff=1
APP_CRC_FAIL exp=DD10 got=DDD7 seq=58 syncOff=1
APP_CRC_FAIL exp=0A10 got=0A15 seq=59 syncOff=1
APP_CRC_FAIL exp=DA10 got=DADB seq=61 syncOff=1
APP_CRC_FAIL exp=B210 got=B2BC seq=62 syncOff=1
SYNC_NOT_FOUND first4=7EE9815F
APP_CRC_FAIL exp=CC10 got=CC64 seq=64 syncOff=1
APP_CRC_FAIL exp=7310 got=73C1 seq=66 syncOff=1
APP_CRC_FAIL exp=A410 got=A403 seq=67 syncOff=1
APP_CRC_FAIL exp=7410 got=74CD seq=69 syncOff=1
APP_CRC_FAIL exp=1C10 got=1CAA seq=70 syncOff=1
APP_CRC_FAIL exp=1210 got=12B2 seq=72 syncOff=1
APP_CRC_FAIL exp=C510 got=C570 seq=73 syncOff=1
SYNC_NOT_FOUND first4=177CE029
TIME_SYNCED utc=1785032165 offset=1785031600
=0.00000 tx_lon=0.00000 sats=0 fix=0 utc=1785032164 tx_fw=unknown rx_fw=unknown
PHASE_START 24 HF-FLRC-325-32 pktSize=32
TIME_DIFF gps_utc=1785032166 laptop_utc=1785032166 offset=0
PKT rx=1 seq=0 rssi=-40 phase=24 rx_ms=566485 tx_lat=0.00000 tx_lon=0.00000 sats=0 fix=0 utc=1785032166 tx_fw=unknown
PKT rx=2 seq=1 rssi=-40 phase=24 rx_ms=566501 tx_lat=0.00000 tx_lon=0.00000 sats=0 fix=0 utc=1785032166 tx_fw=unknown
PKT rx=3 seq=2 rssi=-40 phase=24 rx_ms=566516 tx_lat=0.00000 tx_lon=0.00000 sats=0 fix=0 utc=1785032166 tx_fw=unknown
TIME_DIFF gps_utc=1785032166 laptop_utc=1785032166 offset=0
TIME_DIFF gps_utc=1785032166 laptop_utc=1785032166 offset=0
TIME_DIFF gps_utc=1785032166 laptop_utc=1785032166 offset=0
TIME_DIFF gps_utc=1785032166 laptop_utc=1785032166 offset=0
TIME_DIFF gps_utc=1785032166 laptop_utc=1785032166 offset=0
TIME_DIFF gps_utc=1785032166 laptop_utc=1785032166 offset=0
TIME_DIFF gps_utc=1785032166 laptop_utc=1785032166 offset=0
TIME_DIFF gps_utc=1785032166 laptop_utc=1785032166 offset=0
TIME_DIFF gps_utc=1785032166 laptop_utc=1785032166 offset=0
TIME_DIFF gps_utc=1785032166 laptop_utc=1785032166 offset=0
TIME_DIFF gps_utc=1785032166 laptop_utc=1785032166 offset=0
TIME_DIFF gps_utc=1785032166 laptop_utc=1785032166 offset=0
TIME_DIFF gps_utc=1785032166 laptop_utc=1785032166 offset=0
TIME_DIFF gps_utc=1785032166 laptop_utc=1785032167 offset=-1
TIME_DIFF gps_utc=1785032166 laptop_utc=1785032167 offset=-1
TIME_DIFF gps_utc=1785032166 laptop_utc=1785032167 offset=-1
TIME_DIFF gps_utc=1785032166 laptop_utc=1785032167 offset=-1
SYNC_NOT_FOUND first4=27A44486
TIME_DIFF gps_utc=1785032166 laptop_utc=1785032167 offset=-1
TIME_DIFF gps_utc=1785032166 laptop_utc=1785032167 offset=-1
TIME_DIFF gps_utc=1785032166 laptop_utc=1785032167 offset=-1
TIME_DIFF gps_utc=1785032166 laptop_utc=1785032167 offset=-1
SYNC_NOT_FOUND first4=727EE51F
TIME_DIFF gps_utc=1785032166 laptop_utc=1785032167 offset=-1
TIME_DIFF gps_utc=1785032166 laptop_utc=1785032167 offset=-1
TIME_DIFF gps_utc=1785032166 laptop_utc=1785032167 offset=-1
TIME_DIFF gps_utc=1785032166 laptop_utc=1785032167 offset=-1
TIME_DIFF gps_utc=1785032166 laptop_utc=1785032167 offset=-1
TIME_DIFF gps_utc=1785032167 laptop_utc=1785032167 offset=0
TIME_DIFF gps_utc=1785032167 laptop_utc=1785032167 offset=0
TIME_DIFF gps_utc=1785032167 laptop_utc=1785032167 offset=0
TIME_DIFF gps_utc=1785032167 laptop_utc=1785032167 offset=0
TIME_DIFF gps_utc=1785032167 laptop_utc=1785032167 offset=0
TIME_DIFF gps_utc=1785032167 laptop_utc=1785032167 offset=0
TIME_DIFF gps_utc=1785032167 laptop_utc=1785032167 offset=0
TIME_DIFF gps_utc=1785032167 laptop_utc=1785032167 offset=0
TIME_DIFF gps_utc=1785032167 laptop_utc=1785032167 offset=0
TIME_DIFF gps_utc=1785032167 laptop_utc=1785032167 offset=0
TIME_DIFF gps_utc=1785032167 laptop_utc=1785032167 offset=0
TIME_DIFF gps_utc=1785032167 laptop_utc=1785032167 offset=0
PHASE_RESULT 24 HF-FLRC-325-32 pktSize=32 rx=69 unique=69 lost=31 per=31.0 rssi_avg=-41 rssi_min=-58 crc_err=0 garbage=5 tx_lat=PHASE_GUARD 500
PHASE_START 25 HF-FLRC-325-64 pktSize=64
TIME_DIFF gps_utc=1785032168 laptop_utc=1785032168 offset=0
FLRC_RAW32: 165 90 66 36 0 0 0 0 0 0 0 0 0 0 0 232 109 101 106 25 0 0 117 110 107 110 111 119 110 29 30 31
TIME_DIFF gps_utc=1785032168 laptop_utc=1785032168 offset=0
PKT rx=2 seq=1 rssi=-40 phase=25 rx_ms=568505 tx_lat=0.00000 tx_lon=0.00000 sats=0 fix=0 utc=1785032168 tx_fw=unknown
TIME_DIFF gps_utc=1785032168 laptop_utc=1785032168 offset=0
PKT rx=3 seq=3 rssi=-40 phase=25 rx_ms=568525 tx_lat=0.00000 tx_lon=0.00000 sats=0 fix=0 utc=1785032168 tx_fw=unknown
TIME_DIFF gps_utc=1785032168 laptop_utc=1785032168 offset=0
TIME_DIFF gps_utc=1785032168 laptop_utc=1785032168 offset=0
TIME_DIFF gps_utc=1785032168 laptop_utc=1785032168 offset=0
TIME_DIFF gps_utc=1785032168 laptop_utc=1785032168 offset=0
TIME_DIFF gps_utc=1785032168 laptop_utc=1785032168 offset=0
TIME_DIFF gps_utc=1785032168 laptop_utc=1785032168 offset=0
TIME_DIFF gps_utc=1785032168 laptop_utc=1785032168 offset=0
TIME_DIFF gps_utc=1785032168 laptop_utc=1785032168 offset=0
TIME_DIFF gps_utc=1785032168 laptop_utc=1785032168 offset=0
TIME_DIFF gps_utc=1785032168 laptop_utc=1785032168 offset=0
TIME_DIFF gps_utc=1785032168 laptop_utc=1785032168 offset=0
TIME_DIFF gps_utc=1785032168 laptop_utc=1785032168 offset=0
TIME_DIFF gps_utc=1785032168 laptop_utc=1785032168 offset=0
TIME_DIFF gps_utc=1785032168 laptop_utc=1785032168 offset=0
TIME_DIFF gps_utc=1785032168 laptop_utc=1785032168 offset=0
TIME_DIFF gps_utc=1785032168 laptop_utc=1785032168 offset=0
TIME_DIFF gps_utc=1785032168 laptop_utc=1785032169 offset=-1
TIME_DIFF gps_utc=1785032168 laptop_utc=1785032169 offset=-1
TIME_DIFF gps_utc=1785032168 laptop_utc=1785032169 offset=-1
TIME_DIFF gps_utc=1785032168 laptop_utc=1785032169 offset=-1
TIME_DIFF gps_utc=1785032168 laptop_utc=1785032169 offset=-1
TIME_DIFF gps_utc=1785032168 laptop_utc=1785032169 offset=-1
TIME_DIFF gps_utc=1785032168 laptop_utc=1785032169 offset=-1
TIME_DIFF gps_utc=1785032168 laptop_utc=1785032169 offset=-1
TIME_DIFF gps_utc=1785032168 laptop_utc=1785032169 offset=-1
TIME_DIFF gps_utc=1785032168 laptop_utc=1785032169 offset=-1
TIME_DIFF gps_utc=1785032168 laptop_utc=1785032169 offset=-1
TIME_DIFF gps_utc=1785032169 laptop_utc=1785032169 offset=0
TIME_DIFF gps_utc=1785032169 laptop_utc=1785032169 offset=0
TIME_DIFF gps_utc=1785032169 laptop_utc=1785032169 offset=0
TIME_DIFF gps_utc=1785032169 laptop_utc=1785032169 offset=0
TIME_DIFF gps_utc=1785032169 laptop_utc=1785032169 offset=0
TIME_DIFF gps_utc=1785032169 laptop_utc=1785032169 offset=0
TIME_DIFF gps_utc=1785032169 laptop_utc=1785032169 offset=0
TIME_DIFF gps_utc=1785032169 laptop_utc=1785032169 offset=0
TIME_DIFF gps_utc=1785032169 laptop_utc=1785032169 offset=0
TIME_DIFF gps_utc=1785032169 laptop_utc=1785032169 offset=0
TIME_DIFF gps_utc=1785032169 laptop_utc=1785032169 offset=0
TIME_DIFF gps_utc=1785032169 laptop_utc=1785032169 offset=0
TIME_DIFF gps_utc=1785032169 laptop_utc=1785032169 offset=0
TIME_DIFF gps_utc=1785032169 laptop_utc=1785032169 offset=0
0.00000 tx_lon=0.00000 sats=0 fix=0 utc=1785032169 tx_fw=unknown rx_fw=unknown
PHASE_START 26 HF-FLRC-325-128 pktSize=128
SYNC_NOT_FOUND first4=0102162F
TIME_DIFF gps_utc=1785032170 laptop_utc=1785032170 offset=0
PKT rx=1 seq=0 rssi=-40 phase=26 rx_ms=570483 tx_lat=0.00000 tx_lon=0.00000 sats=0 fix=0 utc=1785032170 tx_fw=unknown
TIME_DIFF gps_utc=1785032170 laptop_utc=1785032170 offset=0
APP_CRC_FAIL exp=9167 got=DF48 seq=5 syncOff=0
PKT rx=3 seq=6 rssi=-40 phase=26 rx_ms=570527 tx_lat=0.00000 tx_lon=0.00000 sats=0 fix=0 utc=1785032170 tx_fw=unknown
TIME_DIFF gps_utc=1785032170 laptop_utc=1785032170 offset=0
TIME_DIFF gps_utc=1785032170 laptop_utc=1785032170 offset=0
TIME_DIFF gps_utc=1785032170 laptop_utc=1785032170 offset=0
TIME_DIFF gps_utc=1785032170 laptop_utc=1785032170 offset=0
TIME_DIFF gps_utc=1785032170 laptop_utc=1785032170 offset=0
TIME_DIFF gps_utc=1785032170 laptop_utc=1785032170 offset=0
TIME_DIFF gps_utc=1785032170 laptop_utc=1785032170 offset=0
TIME_DIFF gps_utc=1785032170 laptop_utc=1785032170 offset=0
TIME_DIFF gps_utc=1785032170 laptop_utc=1785032170 offset=0
TIME_DIFF gps_utc=1785032170 laptop_utc=1785032170 offset=0
TIME_DIFF gps_utc=1785032170 laptop_utc=1785032170 offset=0
TIME_DIFF gps_utc=1785032170 laptop_utc=1785032170 offset=0
TIME_DIFF gps_utc=1785032170 laptop_utc=1785032170 offset=0
TIME_DIFF gps_utc=1785032170 laptop_utc=1785032170 offset=0
TIME_DIFF gps_utc=1785032170 laptop_utc=1785032171 offset=-1
TIME_DIFF gps_utc=1785032170 laptop_utc=1785032171 offset=-1
TIME_DIFF gps_utc=1785032170 laptop_utc=1785032171 offset=-1
TIME_DIFF gps_utc=1785032170 laptop_utc=1785032171 offset=-1
TIME_DIFF gps_utc=1785032170 laptop_utc=1785032171 offset=-1
TIME_DIFF gps_utc=1785032170 laptop_utc=1785032171 offset=-1
TIME_DIFF gps_utc=1785032170 laptop_utc=1785032171 offset=-1
TIME_DIFF gps_utc=1785032170 laptop_utc=1785032171 offset=-1
TIME_DIFF gps_utc=1785032170 laptop_utc=1785032171 offset=-1
TIME_DIFF gps_utc=1785032170 laptop_utc=1785032171 offset=-1
TIME_DIFF gps_utc=1785032170 laptop_utc=1785032171 offset=-1
TIME_DIFF gps_utc=1785032171 laptop_utc=1785032171 offset=0
TIME_DIFF gps_utc=1785032171 laptop_utc=1785032171 offset=0
TIME_DIFF gps_utc=1785032171 laptop_utc=1785032171 offset=0
TIME_DIFF gps_utc=1785032171 laptop_utc=1785032171 offset=0
SYNC_NOT_FOUND first4=AF22C651
TIME_DIFF gps_utc=1785032171 laptop_utc=1785032171 offset=0
TIME_DIFF gps_utc=1785032171 laptop_utc=1785032171 offset=0
TIME_DIFF gps_utc=1785032171 laptop_utc=1785032171 offset=0
TIME_DIFF gps_utc=1785032171 laptop_utc=1785032171 offset=0
TIME_DIFF gps_utc=1785032171 laptop_utc=1785032171 offset=0
TIME_DIFF gps_utc=1785032171 laptop_utc=1785032171 offset=0
SYNC_NOT_FOUND first4=9F5AFA78
TIME_DIFF gps_utc=1785032171 laptop_utc=1785032171 offset=0
TIME_DIFF gps_utc=1785032171 laptop_utc=1785032171 offset=0
SYNC_NOT_FOUND first4=B1581B8E
PHASE_RESULT 26 HF-FLRC-325-128 pktSize=128 rx=67 unique=67 lost=33 per=33.0 rssi_avg=-41 rssi_min=-58 crc_err=2 garbage=7 tx_laPHASE_GUARD 500
PHASE_START 27 HF-FLRC-325-255 pktSize=255
SYNC_OFFSET phase=27 off=0 prev=-1
TIME_DIFF gps_utc=1785032172 laptop_utc=1785032172 offset=0
PKT rx=1 seq=0 rssi=-40 phase=27 rx_ms=572480 tx_lat=0.00000 tx_lon=0.00000 sats=0 fix=0 utc=1785032172 tx_fw=unknown
APP_CRC_FAIL exp=1324 got=4803 seq=1 syncOff=0
APP_CRC_FAIL exp=7C10 got=7C4F seq=5 syncOff=1
APP_CRC_FAIL exp=1410 got=1428 seq=6 syncOff=1
APP_CRC_FAIL exp=1A10 got=1A30 seq=8 syncOff=1
APP_CRC_FAIL exp=CD10 got=CDF2 seq=9 syncOff=1
APP_CRC_FAIL exp=7210 got=7257 seq=11 syncOff=1
APP_CRC_FAIL exp=7510 got=755B seq=12 syncOff=1
APP_CRC_FAIL exp=CA10 got=CAFE seq=14 syncOff=1
APP_CRC_FAIL exp=6910 got=696B seq=16 syncOff=1
APP_CRC_FAIL exp=BE10 got=BEA9 seq=17 syncOff=1
APP_CRC_FAIL exp=0110 got=010C seq=19 syncOff=1
APP_CRC_FAIL exp=0610 got=0600 seq=20 syncOff=1
APP_CRC_FAIL exp=B910 got=B9A5 seq=22 syncOff=1
APP_CRC_FAIL exp=6E10 got=6E67 seq=23 syncOff=1
APP_CRC_FAIL exp=6010 got=607F seq=25 syncOff=1
APP_CRC_FAIL exp=0810 got=0818 seq=26 syncOff=1
APP_CRC_FAIL exp=D810 got=D8D6 seq=28 syncOff=1
APP_CRC_FAIL exp=0F10 got=0F14 seq=29 syncOff=1
APP_CRC_FAIL exp=B010 got=B0B1 seq=31 syncOff=1
APP_CRC_FAIL exp=8F10 got=8FDD seq=32 syncOff=1
APP_CRC_FAIL exp=3010 got=3078 seq=34 syncOff=1
APP_CRC_FAIL exp=E010 got=E0B6 seq=36 syncOff=1
APP_CRC_FAIL exp=5F10 got=5F13 seq=38 syncOff=1
APP_CRC_FAIL exp=5110 got=510B seq=40 syncOff=1
APP_CRC_FAIL exp=EE10 got=EEAE seq=42 syncOff=1
APP_CRC_FAIL exp=3910 got=396C seq=43 syncOff=1
APP_CRC_FAIL exp=E910 got=E9A2 seq=45 syncOff=1
APP_CRC_FAIL exp=8100 got=81C5 seq=46 syncOff=1
APP_CRC_FAIL exp=2210 got=2250 seq=48 syncOff=1
APP_CRC_FAIL exp=9D10 got=9DF5 seq=50 syncOff=1
APP_CRC_FAIL exp=4A10 got=4A37 seq=51 syncOff=1
APP_CRC_FAIL exp=8110 got=8137 seq=53 syncOff=1
APP_CRC_FAIL exp=E910 got=E950 seq=54 syncOff=1
APP_CRC_FAIL exp=E710 got=E748 seq=56 syncOff=1
APP_CRC_FAIL exp=3010 got=308A seq=57 syncOff=1
APP_CRC_FAIL exp=8F10 got=8F2F seq=59 syncOff=1
APP_CRC_FAIL exp=8810 got=8823 seq=60 syncOff=1
APP_CRC_FAIL exp=3710 got=3786 seq=62 syncOff=1
APP_CRC_FAIL exp=E010 got=E044 seq=63 syncOff=1
APP_CRC_FAIL exp=9E10 got=9E9C seq=65 syncOff=1
APP_CRC_FAIL exp=2110 got=2139 seq=67 syncOff=1
APP_CRC_FAIL exp=F110 got=F1F7 seq=69 syncOff=1
APP_CRC_FAIL exp=9910 got=9990 seq=70 syncOff=1
APP_CRC_FAIL exp=9710 got=9788 seq=72 syncOff=1
APP_CRC_FAIL exp=4010 got=404A seq=73 syncOff=1
PHASE_RESULT 27 HF-FLRC-325-255 pktSize=255 rx=1 unique=1 lost=99 per=99.0 rssi_avg=-40 rssi_min=-40 crc_err=71 garbage=1 tx_lat=0.00000 tx_lon=0.00000 sats=0 fix=0 utc=1785032172 tx_fw=unknown rx_fw=unknown
LORA_CFG path=0 bw=0x05 sf=7
PHASE_START 28 LF-LoRa-SF7-32 pktSize=32
TIME_DIFF gps_utc=1785032174 laptop_utc=1785032174 offset=0
PKT rx=1 seq=0 rssi=-29 phase=28 rx_ms=574537 tx_lat=0.00000 tx_lon=0.00000 sats=0 fix=0 utc=1785032174 tx_fw=unknown
SYNC_NOT_FOUND first4=827A0215
SYNC_NOT_FOUND first4=4F2A5DE9
SYNC_LOST phase=28 consecutive=3 cached_off=0
TIME_DIFF gps_utc=1785032174 laptop_utc=1785032174 offset=0
SYNC_NOT_FOUND first4=14BF773A
TIME_DIFF gps_utc=1785032174 laptop_utc=1785032175 offset=-1
SYNC_NOT_FOUND first4=B2F21F76
SYNC_NOT_FOUND first4=11BF773A
TIME_DIFF gps_utc=1785032175 laptop_utc=1785032175 offset=0
SYNC_NOT_FOUND first4=90631EDD
SYNC_NOT_FOUND first4=000113BC
SYNC_NOT_FOUND first4=6E55BE68
.00000 tx_lon=0.00000 sats=0 fix=0 utc=1785032175 tx_fw=unknown rx_fw=unknown
LORA_CFG path=0 bw=0x05 sf=7
SYNC_OFFSET phase=29 off=0 prev=-1
LORA_RAW: 165 90 66 36 0 0 0 0 0 0 0 0 0 0 0 240 109 101
TIME_SYNCED utc=1785032176 offset=1785031600
SYNC_NOT_FOUND first4=1EE111A9
SYNC_NOT_FOUND first4=A36CF6E8
SYNC_LOST phase=29 consecutive=3 cached_off=0
SYNC_NOT_FOUND first4=16E111A9
SYNC_NOT_FOUND first4=D36CFAE8
SYNC_NOT_FOUND first4=D36CFAE8
SYNC_NOT_FOUND first4=D36CFAE8
SYNC_NOT_FOUND first4=C20E20FB
SYNC_OFFSET phase=29 off=0 prev=-1
TIME_DIFF gps_utc=1785032177 laptop_utc=1785032177 offset=0
PKT rx=2 seq=7 rssi=-29 phase=29 rx_ms=577961 tx_lat=0.00000 tx_lon=0.00000 sats=0 fix=0 utc=1785032177 tx_fw=unknown
SYNC_NOT_FOUND first4=F3ACF688
SYNC_NOT_FOUND first4=D36CFAE8
SYNC_NOT_FOUND first4=59C2EC0D
SYNC_LOST phase=29 consecutive=3 cached_off=0
SYNC_NOT_FOUND first4=F31CFAE8
SYNC_NOT_FOUND first4=7AAF27FB
SYNC_NOT_FOUND first4=C552F299
SYNC_NOT_FOUND first4=F0F96814
PHASE_RESULT 29 LF-LoRa-SF7-64 pktSize=64 rx=2 unique=2 lost=18 per=90.0 rssi_avg=-29 rssi_min=-30 crc_err=0 garbage=15 tx_lat=0.00000 tx_lon=0.00000 sats=0 fix=0 utc=1785032177 tx_fw=unknown rx_fw=unknown
PHASE_GUARD 500
LORA_CFG path=0 bw=0x05 sf=7
PHASE_START 30 LF-LoRa-SF7-128 pktSize=128
SYNC_OFFSET phase=30 off=0 prev=-1
APP_CRC_FAIL exp=4242 got=669A seq=14 syncOff=0
SYNC_NOT_FOUND first4=7A0E16A8
TIME_DIFF gps_utc=1785032179 laptop_utc=1785032179 offset=0
LORA_RAW: 165 90 66 36 0 0 0 0 0 0 0 0 0 0 0 243 109 101
PKT rx=1 seq=0 rssi=-29 phase=30 rx_ms=579735 tx_lat=0.00000 tx_lon=0.00000 sats=0 fix=0 utc=1785032179 tx_fw=unknown
TIME_DIFF gps_utc=1785032179 laptop_utc=1785032179 offset=0
PKT rx=2 seq=1 rssi=-29 phase=30 rx_ms=579928 tx_lat=0.00000 tx_lon=0.00000 sats=0 fix=0 utc=1785032179 tx_fw=unknown
TIME_DIFF gps_utc=1785032179 laptop_utc=1785032180 offset=-1
PKT rx=3 seq=2 rssi=-30 phase=30 rx_ms=580223 tx_lat=0.00000 tx_lon=0.00000 sats=0 fix=0 utc=1785032179 tx_fw=unknown
TIME_DIFF gps_utc=1785032180 laptop_utc=1785032180 offset=0
TIME_DIFF gps_utc=1785032180 laptop_utc=1785032180 offset=0
TIME_DIFF gps_utc=1785032180 laptop_utc=1785032181 offset=-1
TIME_DIFF gps_utc=1785032181 laptop_utc=1785032181 offset=0
SYNC_NOT_FOUND first4=22AA4291
TIME_DIFF gps_utc=1785032181 laptop_utc=1785032181 offset=0
TIME_DIFF gps_utc=1785032181 laptop_utc=1785032182 offset=-1
TIME_DIFF gps_utc=1785032182 laptop_utc=1785032182 offset=0
TIME_DIFF gps_utc=1785032182 laptop_utc=1785032182 offset=0
PHASE_RESULT 30 LF-LoRa-SF7-128 pktSize=128 rx=11 unique=11 lost=2 per=15.4 rssi_avg=-29 rssi_min=-30 crc_err=1 garbage=2 tx_lat=0.00000 tx_lon=0.00000 sats=0 fix=0 utc=1785032182 tx_fw=unknown rx_fw=unknown
PHASE_GUARD 500
LORA_CFG path=0 bw=0x05 sf=7
PHASE_START 31 LF-LoRa-SF7-255 pktSize=255
SYNC_NOT_FOUND first4=8A2C1B25
SYNC_OFFSET phase=31 off=0 prev=-1
TIME_DIFF gps_utc=1785032183 laptop_utc=1785032183 offset=0
LORA_RAW: 165 90 66 36 0 0 0 0 0 0 0 0 0 0 0 247 109 101
PKT rx=1 seq=0 rssi=-29 phase=31 rx_ms=583676 tx_lat=0.00000 tx_lon=0.00000 sats=0 fix=0 utc=1785032183 tx_fw=unknown
TIME_DIFF gps_utc=1785032183 laptop_utc=1785032184 offset=-1
PKT rx=2 seq=1 rssi=-29 phase=31 rx_ms=584141 tx_lat=0.00000 tx_lon=0.00000 sats=0 fix=0 utc=1785032183 tx_fw=unknown
TIME_DIFF gps_utc=1785032184 laptop_utc=1785032184 offset=0
PKT rx=3 seq=2 rssi=-29 phase=31 rx_ms=584755 tx_lat=0.00000 tx_lon=0.00000 sats=0 fix=0 utc=1785032184 tx_fw=unknown
TIME_DIFF gps_utc=1785032184 laptop_utc=1785032185 offset=-1
TIME_SYNCED utc=1785032185 offset=1785031600
TIME_DIFF gps_utc=1785032185 laptop_utc=1785032185 offset=0
TIME_DIFF gps_utc=1785032186 laptop_utc=1785032186 offset=0
TIME_SYNCED utc=1785032186 offset=1785031600
PHASE_RESULT 31 LF-LoRa-SF7-255 pktSize=255 rx=6 unique=6 lost=1 per=14.3 rssi_avg=-29 rssi_min=-30 crc_err=0 garbage=1 tx_lat=0.00000 tx_lon=0.00000 sats=0 fix=0 utc=1785032186 tx_fw=unknown rx_fw=unknown
PHASE_GUARD 500
LORA_CFG path=0 bw=0x05 sf=9
PHASE_START 32 LF-LoRa-SF9-32 pktSize=32
SYNC_OFFSET phase=32 off=0 prev=-1
TIME_DIFF gps_utc=1785032187 laptop_utc=1785032187 offset=0
LORA_RAW: 165 90 66 36 0 0 0 0 0 0 0 0 0 0 0 251 109 101
PKT rx=1 seq=0 rssi=-25 phase=32 rx_ms=587893 tx_lat=0.00000 tx_lon=0.00000 sats=0 fix=0 utc=1785032187 tx_fw=unknown
SYNC_NOT_FOUND first4=6240781E
TIME_DIFF gps_utc=1785032188 laptop_utc=1785032188 offset=0
PKT rx=2 seq=1 rssi=-25 phase=32 rx_ms=588501 tx_lat=0.00000 tx_lon=0.00000 sats=0 fix=0 utc=1785032188 tx_fw=unknown
TIME_SYNCED utc=1785032188 offset=1785031600
=== END Sun Jul 26 02:16:28 AM UTC 2026 ===
