TIME_SYNCED utc=1785062144 offset=1785033573
TIME_SYNCED utc=1785062145 offset=1785033574
TIME_STATS min=-2000ms max=1000ms avg=-89ms corrections=0
TIME_SYNCED utc=1785062146 offset=1785033573
TIME_SYNCED utc=1785062147 offset=1785033574
TIME_SYNCED utc=1785062149 offset=1785033574
TIME_SYNCED utc=1785062151 offset=1785033574
TIME_SYNCED utc=1785062153 offset=1785033574
TIME_SYNCED utc=1785062154 offset=1785033573
TIME_SYNCED utc=1785062155 offset=1785033574
TIME_SYNCED utc=1785062156 offset=1785033573
TIME_SYNCED utc=1785062157 offset=1785033574
TIME_SYNCED utc=1785062159 offset=1785033574
SYNC_NOT_FOUND first4=A140773F
TIME_SYNCED utc=1785062161 offset=1785033574
TIME_SYNCED utc=1785062163 offset=1785033574
SYNC_NOT_FOUND first4=64FA4CC4
TIME_SYNCED utc=1785062164 offset=1785033573
TIME_SYNCED utc=1785062165 offset=1785033574
TIME_SYNCED utc=1785062166 offset=1785033573
TIME_SYNCED utc=1785062167 offset=1785033574
TIME_SYNCED utc=1785062169 offset=1785033574
TIME_SYNCED utc=1785062171 offset=1785033574
TIME_SYNCED utc=1785062173 offset=1785033574
TIME_SYNCED utc=1785062174 offset=1785033573
TIME_SYNCED utc=1785062175 offset=1785033574
TIME_SYNCED utc=1785062176 offset=1785033573
TIME_SYNCED utc=1785062177 offset=1785033574
TIME_SYNCED utc=1785062179 offset=1785033574
TIME_SYNCED utc=1785062181 offset=1785033574
TIME_SYNCED utc=1785062183 offset=1785033574
SYNC_NOT_FOUND first4=4FD1DAD4
TIME_SYNCED utc=1785062184 offset=1785033573
TIME_SYNCED utc=1785062185 offset=1785033574
TIME_SYNCED utc=1785062186 offset=1785033573
TIME_SYNCED utc=1785062187 offset=1785033574
TIME_SYNCED utc=1785062189 offset=1785033574
SYNC_NOT_FOUND first4=89E58F3F
TIME_SYNCED utc=1785062191 offset=1785033574
TIME_SYNCED utc=1785062193 offset=1785033574
TIME_SYNCED utc=1785062194 offset=1785033573
TIME_SYNCED utc=1785062195 offset=1785033574
TIME_SYNCED utc=1785062196 offset=1785033573
TIME_SYNCED utc=1785062197 offset=1785033574
TIME_SYNCED utc=1785062199 offset=1785033574
TIME_SYNCED utc=1785062201 offset=1785033574
TIME_SYNCED utc=1785062203 offset=1785033574
TIME_SYNCED utc=1785062204 offset=1785033573
TIME_SYNCED utc=1785062205 offset=1785033574
SYNC_NOT_FOUND first4=B59E6137
TIME_STATS min=-2000ms max=1000ms avg=-89ms corrections=0
TIME_SYNCED utc=1785062206 offset=1785033573
TIME_SYNCED utc=1785062207 offset=1785033574
SYNC_NOT_FOUND first4=F748C284
TIME_SYNCED utc=1785062209 offset=1785033574
TIME_SYNCED utc=1785062211 offset=1785033574
TIME_SYNCED utc=1785062213 offset=1785033574
TIME_SYNCED utc=1785062214 offset=1785033573
TIME_SYNCED utc=1785062215 offset=1785033574
TIME_SYNCED utc=1785062216 offset=1785033573
TIME_SYNCED utc=1785062217 offset=1785033574
TIME_SYNCED utc=1785062219 offset=1785033574
TIME_SYNCED utc=1785062221 offset=1785033574
TIME_SYNCED utc=1785062223 offset=1785033574
TIME_SYNCED utc=1785062224 offset=1785033573
TIME_SYNCED utc=1785062225 offset=1785033574
TIME_SYNCED utc=1785062226 offset=1785033573
TIME_SYNCED utc=1785062227 offset=1785033574
TIME_SYNCED utc=1785062229 offset=1785033574
TIME_SYNCED utc=1785062231 offset=1785033574
TIME_SYNCED utc=1785062233 offset=1785033574
SYNC_NOT_FOUND first4=6C2AA6EF
TIME_SYNCED utc=1785062234 offset=1785033573
TIME_SYNCED utc=1785062235 offset=1785033574
TIME_SYNCED utc=1785062236 offset=1785033573
TIME_SYNCED utc=1785062237 offset=1785033574
TIME_SYNCED utc=1785062239 offset=1785033574
TIME_SYNCED utc=1785062241 offset=1785033574
TIME_SYNCED utc=1785062243 offset=1785033574
TIME_SYNCED utc=1785062244 offset=1785033573
TIME_SYNCED utc=1785062245 offset=1785033574
TIME_SYNCED utc=1785062246 offset=1785033573
TIME_SYNCED utc=1785062247 offset=1785033574
TIME_SYNCED utc=1785062249 offset=1785033574
TIME_SYNCED utc=1785062251 offset=1785033574
TIME_SYNCED utc=1785062253 offset=1785033574
TIME_SYNCED utc=1785062254 offset=1785033573
TIME_SYNCED utc=1785062255 offset=1785033574
TIME_SYNCED utc=1785062257 offset=1785033574
TIME_SYNCED utc=1785062257 offset=1785033574
TIME_SYNCED utc=1785062259 offset=1785033574
TIME_SYNCED utc=1785062261 offset=1785033574
TIME_SYNCED utc=1785062263 offset=1785033574
TIME_SYNCED utc=1785062264 offset=1785033573
TIME_SYNCED utc=1785062265 offset=1785033574
TIME_STATS min=-2000ms max=1000ms avg=-89ms corrections=0
TIME_SYNCED utc=1785062267 offset=1785033574
TIME_SYNCED utc=1785062267 offset=1785033574
SYNC_NOT_FOUND first4=9D276006
TIME_SYNCED utc=1785062269 offset=1785033574
TIME_SYNCED utc=1785062271 offset=1785033574
SYNC_NOT_FOUND first4=7BFA8014
TIME_SYNCED utc=1785062273 offset=1785033574
TIME_SYNCED utc=1785062274 offset=1785033573
TIME_SYNCED utc=1785062275 offset=1785033574
TIME_SYNCED utc=1785062277 offset=1785033574
TIME_SYNCED utc=1785062277 offset=1785033574
TIME_SYNCED utc=1785062279 offset=1785033574
TIME_SYNCED utc=1785062281 offset=1785033574
SYNC_NOT_FOUND first4=3C8E4637
TIME_SYNCED utc=1785062283 offset=1785033574
TIME_SYNCED utc=1785062284 offset=1785033573
TIME_SYNCED utc=1785062285 offset=1785033574
TIME_SYNCED utc=1785062287 offset=1785033574
TIME_SYNCED utc=1785062287 offset=1785033574
TIME_SYNCED utc=1785062289 offset=1785033574
SYNC_NOT_FOUND first4=00FAD3AF
TIME_SYNCED utc=1785062291 offset=1785033574
TIME_SYNCED utc=1785062293 offset=1785033574
TIME_SYNCED utc=1785062294 offset=1785033573
TIME_SYNCED utc=1785062295 offset=1785033574
TIME_SYNCED utc=1785062297 offset=1785033574
TIME_SYNCED utc=1785062297 offset=1785033574
TIME_SYNCED utc=1785062299 offset=1785033574
=== END Sun Jul 26 10:38:20 AM UTC 2026 ===
