=== ROBUST CAPTURE START 2026-07-26 02:28:25 UTC ===
TIME_SYNCED utc=1785032905 offset=1785031600
INTERLEAVE_ON phases=56 cycle=1050s
TI
TI
TI
TIN
TIME_S
TIME_S
TI
TITI
TI
T
TI
TIME_SYNINTE
SYNC_NOT_FOUND first4=AE7D9502
S
SSYS
TIME_SYNCED utc=1785033019 offset=1785031599
SY
TIME_SYNCED utc=1785033025 offset=17850315
SYNC_NOT_FOUND first4=662600CD
TIME_SYNCED utc=1785033027 offset=1785031599
SYNC_NOT_FOUND first4=414D77C2
TIME_SYNCED utc=1785033035 offset=1785031599
SYNC_NOT_FOUND first4=2C1318EC
SYNC_NOT_FOUND first4=C21D2918
TIME_SYNCED utc=1785033037 offset=1785031599
SYNC_NOT_FOUND first4=A41C4205
TIME_SYNCED utc=1785033045 offset=1785031599
TIME_SYNCED utc=1785033047 offset=1785031599
SYNC_NOT_FOUND first4=6160A7D6
TIME_SYNCED utc=1785033056 offset=1785031599
