=== WALK2 CAPTURE Sun Jul 26 10:05:26 AM UTC 2026 ===
Felix driving around Madeira
TIME_SYNCED utc=1785060327 offset=1785033574
SYNC_NOT_FOUND first4=E4BF4C70
TIME_SYNCED utc=1785060337 offset=1785033574
TIME_STATS min=-2000ms max=1000ms avg=-89ms corrections=0
TIME_SYNCED utc=1785060347 offset=1785033574
TIME_SYNCED utc=1785060357 offset=1785033574
SYNC_NOT_FOUND first4=6438B020
TIME_SYNCED utc=1785060367 offset=1785033574
TIME_SYNCED utc=1785060377 offset=1785033574
TIME_SYNCED utc=1785060387 offset=1785033574
TIME_SYNCED utc=1785060397 offset=1785033574
SYNC_NOT_FOUND first4=9886A254
TIME_STATS min=-2000ms max=1000ms avg=-89ms corrections=0
TIME_SYNCED utc=1785060407 offset=1785033574
TIME_SYNCED utc=1785060417 offset=1785033574
SYNC_NOT_FOUND first4=0705A08C
SYNC_NOT_FOUND first4=6F689789
TIME_SYNCED utc=1785060427 offset=1785033574
SYNC_NOT_FOUND first4=7A03A1AE
SYNC_NOT_FOUND first4=E4FB3761
TIME_SYNCED utc=1785060437 offset=1785033574
SYNC_NOT_FOUND first4=ADB38954
SYNC_NOT_FOUND first4=51F8EDAE
TIME_SYNCED utc=1785060447 offset=1785033574
SYNC_NOT_FOUND first4=3214588E
TIME_SYNCED utc=1785060457 offset=1785033574
SYNC_NOT_FOUND first4=410AA309
TIME_STATS min=-2000ms max=1000ms avg=-89ms corrections=0
TIME_SYNCED utc=1785060467 offset=1785033574
TIME_SYNCED utc=1785060477 offset=1785033574
SYNC_NOT_FOUND first4=64AFE9EB
TIME_SYNCED utc=1785060487 offset=1785033574
TIME_SYNCED utc=1785060497 offset=1785033574
TIME_SYNCED utc=1785060507 offset=1785033574
SYNC_NOT_FOUND first4=1609DB23
TIME_SYNCED utc=1785060517 offset=1785033574
TIME_STATS min=-2000ms max=1000ms avg=-89ms corrections=0
TIME_SYNCED utc=1785060527 offset=1785033574
TIME_SYNCED utc=1785060537 offset=1785033574
SYNC_NOT_FOUND first4=411049E6
SYNC_NOT_FOUND first4=5251D458
SYNC_NOT_FOUND first4=81F58FD4
=== END Sun Jul 26 10:09:05 AM UTC 2026 ===
