=== WALK CAPTURE Sun Jul 26 09:55:00 AM UTC 2026 ===
Felix driving around Madeira with TX+GPS
TIME_SYNCED utc=1785059701 offset=1785033574
TIME_SYNCED utc=1785059711 offset=1785033574
TIME_SYNCED utc=1785059721 offset=1785033574
TIME_SYNCED utc=1785059731 offset=1785033574
TIME_SYNCED utc=1785059741 offset=1785033574
TIME_STATS min=-2000ms max=1000ms avg=-89ms corrections=0
TIME_SYNCED utc=1785059751 offset=1785033574
SYNC_NOT_FOUND first4=4E937D6B
SYNC_NOT_FOUND first4=545227E2
SYNC_NOT_FOUND first4=6B8510BE
TIME_SYNCED utc=1785059761 offset=1785033574
TIME_SYNCED utc=1785059771 offset=1785033574
TIME_SYNCED utc=1785059781 offset=1785033574
TIME_SYNCED utc=1785059791 offset=1785033574
TIME_SYNCED utc=1785059801 offset=1785033574
SYNC_NOT_FOUND first4=B78FA5B5
TIME_STATS min=-2000ms max=1000ms avg=-89ms corrections=0
SYNC_NOT_FOUND first4=CF21FCD6
TIME_SYNCED utc=1785059811 offset=1785033574
SYNC_NOT_FOUND first4=1BA790C9
TIME_SYNCED utc=1785059821 offset=1785033574
SYNC_NOT_FOUND first4=4549B2C3
SYNC_NOT_FOUND first4=D02C9C3D
TIME_SYNCED utc=1785059831 offset=1785033574
SYNC_NOT_FOUND first4=64763928
SYNC_NOT_FOUND first4=8D7E0FA5
TIME_SYNCED utc=1785059841 offset=1785033574
SYNC_NOT_FOUND first4=9ACD3BA8
TIME_SYNCED utc=1785059851 offset=1785033574
TIME_SYNCED utc=1785059861 offset=1785033574
SYNC_NOT_FOUND first4=AD6DC112
SYNC_NOT_FOUND first4=B7F1CF3B
TIME_STATS min=-2000ms max=1000ms avg=-89ms corrections=0
SYNC_NOT_FOUND first4=738ECD54
TIME_SYNCED utc=1785059871 offset=1785033574
SYNC_NOT_FOUND first4=31AB652B
SYNC_NOT_FOUND first4=9B41E6B9
SYNC_NOT_FOUND first4=B7E86562
TIME_SYNCED utc=1785059881 offset=1785033574
SYNC_NOT_FOUND first4=F427E8B4
TIME_SYNCED utc=1785059891 offset=1785033574
SYNC_NOT_FOUND first4=3A83D40D
SYNC_NOT_FOUND first4=6A258A6C
SYNC_NOT_FOUND first4=BC16BC0E
SYNC_NOT_FOUND first4=5C070F65
TIME_SYNCED utc=1785059901 offset=1785033574
SYNC_NOT_FOUND first4=22ECC7BE
TIME_SYNCED utc=1785059911 offset=1785033574
TIME_SYNCED utc=1785059921 offset=1785033574
TIME_STATS min=-2000ms max=1000ms avg=-89ms corrections=0
TIME_SYNCED utc=1785059931 offset=1785033574
SYNC_NOT_FOUND first4=637CF52F
SYNC_NOT_FOUND first4=77CA2A8F
TIME_SYNCED utc=1785059941 offset=1785033574
SYNC_NOT_FOUND first4=402A4167
SYNC_NOT_FOUND first4=791086E8
SYNC_NOT_FOUND first4=E040A5D7
TIME_SYNCED utc=1785059951 offset=1785033574
SYNC_NOT_FOUND first4=9A7AC416
TIME_SYNCED utc=1785059961 offset=1785033574
TIME_SYNCED utc=1785059971 offset=1785033574
TIME_SYNCED utc=1785059981 offset=1785033574
SYNC_NOT_FOUND first4=179CB9D9
TIME_STATS min=-2000ms max=1000ms avg=-89ms corrections=0
SYNC_NOT_FOUND first4=F5737871
TIME_SYNCED utc=1785059991 offset=1785033574
SYNC_NOT_FOUND first4=73B57EFD
TIME_SYNCED utc=1785060001 offset=1785033574
SYNC_NOT_FOUND first4=D685E698
TIME_SYNCED utc=1785060011 offset=1785033574
TIME_SYNCED utc=1785060021 offset=1785033574
SYNC_NOT_FOUND first4=EAD490FE
SYNC_NOT_FOUND first4=E49FF191
TIME_SYNCED utc=1785060041 offset=1785033573
SYNC_NOT_FOUND first4=460FA8AB
TIME_STATS min=-2000ms max=1000ms avg=-89ms corrections=0
SYNC_NOT_FOUND first4=BFBD7C0B
SYNC_NOT_FOUND first4=F3C40C03
TIME_SYNCED utc=1785060051 offset=1785033573
TIME_SYNCED utc=1785060061 offset=1785033574
=== END Sun Jul 26 10:01:01 AM UTC 2026 ===
