=== PHASE-SYNC CAPTURE Sat Jul 25 10:26:09 AM UTC 2026 epoch=1784975169 ===
SYNC_NOT_FOUND first4=27094483
SYNC_NOT_FOUND first4=AE87002F
SYNC_NOT_FOUND first4=EA422CA5
SYNC_NOT_FOUND first4=88392AEA
SYNC_NOT_FOUND first4=0A97212A
SYNC_NOT_FOUND first4=47879DB3
PHASE_RESULT 22 HF-FLRC-650-128 pktSize=128 rx=0 unique=0 lost=100 per=100.0 rssi_avg=0 rssi_min=0 crc_err=0 garbage=8 tx_lat=0.00000 tx_lon=0.00000 sats=0 fix=0 utc=0 tx_fw=none rx_fw=unknown
PHASE_GUARD 500
PHASE_START 23 HF-FLRC-650-255 pktSize=255
SYNC_NOT_FOUND first4=FD46C320
SYNC_NOT_FOUND first4=7D67E0B7
SYNC_NOT_FOUND first4=E29CB0B2
SYNC_LOST phase=23 consecutive=3 cached_off=0
SYNC_NOT_FOUND first4=818C1B59
SYNC_NOT_FOUND first4=2C97FECC
SYNC_NOT_FOUND first4=5EAE99C5
SYNC_NOT_FOUND first4=2AD79E5F
SYNC_NOT_FOUND first4=2410401F
SYNC_NOT_FOUND first4=83C39B97
PHASE_RESULT 23 HF-FLRC-650-255 pktSize=255 rx=0 unique=0 lost=100 per=100.0 rssi_avg=0 rssi_min=0 crc_err=0 garbage=9 tx_lat=0.00000 tx_lon=0.00000 sats=0 fix=0 utc=0 tx_fw=none rx_fw=unknown
PHASE_GUARD 500
PHASE_START 24 HF-FLRC-325-32 pktSize=32
SYNC_OFFSET phase=24 off=0 prev=-1
APP_CRC_FAIL exp=1E1F got=4608 seq=60 syncOff=0 pSz=32
SYNC_NOT_FOUND first4=85857565
SYNC_NOT_FOUND first4=6038E6F5
SYNC_NOT_FOUND first4=8F646A1B
SYNC_LOST phase=24 consecutive=3 cached_off=0
SYNC_NOT_FOUND first4=1403F3E3
SYNC_NOT_FOUND first4=95857565
SYNC_OFFSET phase=24 off=0 prev=-1
APP_CRC_FAIL exp=1E1F got=326E seq=64 syncOff=0 pSz=32
SYNC_NOT_FOUND first4=95857565
SYNC_NOT_FOUND first4=4038E6F5
SYNC_NOT_FOUND first4=94847464
SYNC_LOST phase=24 consecutive=3 cached_off=0
SYNC_NOT_FOUND first4=6B6E6F77
SYNC_OFFSET phase=24 off=0 prev=-1
APP_CRC_FAIL exp=1E1F got=1F2A seq=67 syncOff=0 pSz=32
SYNC_NOT_FOUND first4=81857565
SYNC_NOT_FOUND first4=4038E6F5
SYNC_NOT_FOUND first4=94847464
SYNC_LOST phase=24 consecutive=3 cached_off=0
SYNC_NOT_FOUND first4=6B6E6F77
SYNC_OFFSET phase=24 off=0 prev=-1
APP_CRC_FAIL exp=1E1F got=024B seq=70 syncOff=0 pSz=32
SYNC_NOT_FOUND first4=95857565
SYNC_NOT_FOUND first4=6038E6F5
SYNC_NOT_FOUND first4=94847464
SYNC_LOST phase=24 consecutive=3 cached_off=0
SYNC_NOT_FOUND first4=6B6E6F77
SYNC_OFFSET phase=24 off=0 prev=-1
APP_CRC_FAIL exp=1E1F got=34E3 seq=73 syncOff=0 pSz=32
SYNC_NOT_FOUND first4=95857565
SYNC_NOT_FOUND first4=4038E6F5
SYNC_NOT_FOUND first4=1403F3E3
SYNC_LOST phase=24 consecutive=3 cached_off=0
SYNC_NOT_FOUND first4=AFF61B83
PHASE_RESULT 24 HF-FLRC-325-32 pktSize=32 rx=0 unique=0 lost=100 per=100.0 rssi_avg=-46 rssi_min=-46 crc_err=5 garbage=21 tx_lat=0.00000 tx_lon=0.00000 sats=0 fix=0 utc=0 tx_fw=none rx_fw=unknown
PHASE_GUARD 500
PHASE_START 25 HF-FLRC-325-64 pktSize=64
SYNC_NOT_FOUND first4=29A820D5
SYNC_NOT_FOUND first4=C8F9DA2E
PHASE_RESULT 25 HF-FLRC-325-64 pktSize=64 rx=0 unique=0 lost=100 per=100.0 rssi_avg=0 rssi_min=0 crc_err=0 garbage=2 tx_lat=0.00000 tx_lon=0.00000 sats=0 fix=0 utc=0 tx_fw=none rx_fw=unknown
PHASE_GUARD 500
PHASE_START 26 HF-FLRC-325-128 pktSize=128
SYNC_NOT_FOUND first4=DD5BF59D
SYNC_NOT_FOUND first4=32E22E38
PHASE_RESULT 26 HF-FLRC-325-128 pktSize=128 rx=0 unique=0 lost=100 per=100.0 rssi_avg=0 rssi_min=0 crc_err=0 garbage=2 tx_lat=0.00000 tx_lon=0.00000 sats=0 fix=0 utc=0 tx_fw=none rx_fw=unknown
PHASE_GUARD 500
PHASE_START 27 HF-FLRC-325-255 pktSize=255
PHASE_RESULT 27 HF-FLRC-325-255 pktSize=255 rx=0 unique=0 lost=100 per=100.0 rssi_avg=0 rssi_min=0 crc_err=0 garbage=0 tx_lat=0.00000 tx_lon=0.00000 sats=0 fix=0 utc=0 tx_fw=none rx_fw=unknown
PHASE_GUARD 500
LORA_CFG path=0 bw=0x05 sf=7
PHASE_START 28 LF-LoRa-SF7-32 pktSize=32
SYNC_OFFSET phase=28 off=0 prev=-1
LORA_STATUS: 7 36 1 32 61 81 79 7
APP_CRC_FAIL exp=1E1F got=AD41 seq=7 syncOff=0 pSz=32
SYNC_NOT_FOUND first4=1275B87B
LORA_STATUS: 7 36 1 32 59 80 79 7
APP_CRC_FAIL exp=1E1F got=26AF seq=8 syncOff=0 pSz=32
LORA_STATUS: 7 36 1 32 63 80 78 7
APP_CRC_FAIL exp=1E1F got=0338 seq=9 syncOff=0 pSz=32
LORA_STATUS: 7 36 1 32 59 79 78 7
APP_CRC_FAIL exp=1E1F got=5D8E seq=10 syncOff=0 pSz=32
LORA_STATUS: 7 36 1 32 59 79 77 7
APP_CRC_FAIL exp=1E1F got=9315 seq=11 syncOff=0 pSz=32
PHASE_RESULT 28 LF-LoRa-SF7-32 pktSize=32 rx=0 unique=0 lost=20 per=100.0 rssi_avg=-30 rssi_min=-32 crc_err=5 garbage=1 tx_lat=0.00000 tx_lon=0.00000 sats=0 fix=0 utc=0 tx_fw=none rx_fw=unknown
PHASE_GUARD 500
LORA_CFG path=0 bw=0x05 sf=7
PHASE_START 29 LF-LoRa-SF7-64 pktSize=64
SYNC_NOT_FOUND first4=8752EBD3
SYNC_OFFSET phase=29 off=0 prev=-1
APP_CRC_FAIL exp=3E3F got=5EAB seq=1 syncOff=0 pSz=64
SYNC_NOT_FOUND first4=8795EBD0
APP_CRC_FAIL exp=3E3F got=650B seq=2 syncOff=0 pSz=64
SYNC_NOT_FOUND first4=13759873
APP_CRC_FAIL exp=3E3F got=B0B7 seq=3 syncOff=0 pSz=64
SYNC_NOT_FOUND first4=9DA3F4F0
SYNC_NOT_FOUND first4=8752ECD3
APP_CRC_FAIL exp=3E3F got=1E62 seq=4 syncOff=0 pSz=64
SYNC_NOT_FOUND first4=12759313
PHASE_RESULT 29 LF-LoRa-SF7-64 pktSize=64 rx=0 unique=0 lost=20 per=100.0 rssi_avg=-29 rssi_min=-30 crc_err=4 garbage=6 tx_lat=0.00000 tx_lon=0.00000 sats=0 fix=0 utc=0 tx_fw=none rx_fw=unknown
PHASE_GUARD 500
LORA_CFG path=0 bw=0x05 sf=7
PHASE_START 30 LF-LoRa-SF7-128 pktSize=128
SYNC_NOT_FOUND first4=8795EBD0
SYNC_OFFSET phase=30 off=0 prev=-1
APP_CRC_FAIL exp=7E7F got=82F9 seq=6 syncOff=0 pSz=128
SYNC_NOT_FOUND first4=765E9AC5
PHASE_RESULT 30 LF-LoRa-SF7-128 pktSize=128 rx=0 unique=0 lost=13 per=100.0 rssi_avg=-28 rssi_min=-28 crc_err=1 garbage=2 tx_lat=0.00000 tx_lon=0.00000 sats=0 fix=0 utc=0 tx_fw=none rx_fw=unknown
PHASE_GUARD 500
LORA_CFG path=0 bw=0x05 sf=7
PHASE_START 31 LF-LoRa-SF7-255 pktSize=255
PHASE_RESULT 31 LF-LoRa-SF7-255 pktSize=255 rx=0 unique=0 lost=7 per=100.0 rssi_avg=0 rssi_min=0 crc_err=0 garbage=0 tx_lat=0.00000 tx_lon=0.00000 sats=0 fix=0 utc=0 tx_fw=none rx_fw=unknown
PHASE_GUARD 500
LORA_CFG path=0 bw=0x05 sf=9
PHASE_START 32 LF-LoRa-SF9-32 pktSize=32
SYNC_OFFSET phase=32 off=0 prev=-1
APP_CRC_FAIL exp=1E1F got=256B seq=0 syncOff=0 pSz=32
SYNC_NOT_FOUND first4=AE2E68D9
APP_CRC_FAIL exp=1E1F got=655B seq=0 syncOff=0 pSz=32
SYNC_NOT_FOUND first4=AE2358D9
PHASE_RESULT 32 LF-LoRa-SF9-32 pktSize=32 rx=0 unique=0 lost=7 per=100.0 rssi_avg=-29 rssi_min=-29 crc_err=2 garbage=2 tx_lat=0.00000 tx_lon=0.00000 sats=0 fix=0 utc=0 tx_fw=none rx_fw=unknown
PHASE_GUARD 500
LORA_CFG path=0 bw=0x05 sf=9
PHASE_START 33 LF-LoRa-SF9-64 pktSize=64
PHASE_RESULT 33 LF-LoRa-SF9-64 pktSize=64 rx=0 unique=0 lost=3 per=100.0 rssi_avg=0 rssi_min=0 crc_err=0 garbage=0 tx_lat=0.00000 tx_lon=0.00000 sats=0 fix=0 utc=0 tx_fw=none rx_fw=unknown
PHASE_GUARD 500
LORA_CFG path=0 bw=0x05 sf=9
PHASE_START 34 LF-LoRa-SF9-128 pktSize=128
PHASE_RESULT 34 LF-LoRa-SF9-128 pktSize=128 rx=0 unique=0 lost=1 per=100.0 rssi_avg=0 rssi_min=0 crc_err=0 garbage=0 tx_lat=0.00000 tx_lon=0.00000 sats=0 fix=0 utc=0 tx_fw=none rx_fw=unknown
PHASE_GUARD 500
LORA_CFG path=0 bw=0x05 sf=9
PHASE_START 35 LF-LoRa-SF9-255 pktSize=255
PHASE_RESULT 35 LF-LoRa-SF9-255 pktSize=255 rx=0 unique=0 lost=1 per=100.0 rssi_avg=0 rssi_min=0 crc_err=0 garbage=0 tx_lat=0.00000 tx_lon=0.00000 sats=0 fix=0 utc=0 tx_fw=none rx_fw=unknown
PHASE_GUARD 500
LORA_CFG path=0 bw=0x05 sf=12
PHASE_START 36 LF-LoRa-SF12-32 pktSize=32
PHASE_RESULT 36 LF-LoRa-SF12-32 pktSize=32 rx=0 unique=0 lost=1 per=100.0 rssi_avg=0 rssi_min=0 crc_err=0 garbage=0 tx_lat=0.00000 tx_lon=0.00000 sats=0 fix=0 utc=0 tx_fw=none rx_fw=unknown
PHASE_GUARD 500
LORA_CFG path=0 bw=0x05 sf=12
PHASE_START 37 LF-LoRa-SF12-SKIP SKIP pktSize=64
PHASE_RESULT 37 LF-LoRa-SF12-SKIP pktSize=64 rx=0 unique=0 lost=0 per=0.0 rssi_avg=0 rssi_min=0 crc_err=0 garbage=0 tx_lat=0.00000 tx_lon=0.00000 sats=0 fix=0 utc=0 tx_fw=none rx_fw=unknown
PHASE_GUARD 500
LORA_CFG path=0 bw=0x05 sf=12
PHASE_START 38 LF-LoRa-SF12-SKIP SKIP pktSize=128
PHASE_RESULT 38 LF-LoRa-SF12-SKIP pktSize=128 rx=0 unique=0 lost=0 per=0.0 rssi_avg=0 rssi_min=0 crc_err=0 garbage=0 tx_lat=0.00000 tx_lon=0.00000 sats=0 fix=0 utc=0 tx_fw=none rx_fw=unknown
PHASE_GUARD 500
LORA_CFG path=0 bw=0x05 sf=12
PHASE_START 39 LF-LoRa-SF12-SKIP SKIP pktSize=255
TIME_SYNCED utc=1784975224 offset=1784975133
TIME_STATS min=-8000ms max=-8000ms avg=-8000ms corrections=1
PHASE_RESULT 39 LF-LoRa-SF12-SKIP pktSize=255 rx=0 unique=0 lost=0 per=0.0 rssi_avg=0 rssi_min=0 crc_err=0 garbage=0 tx_lat=0.00000 tx_lon=0.00000 sats=0 fix=0 utc=0 tx_fw=none rx_fw=unknown
PHASE_GUARD 500
PHASE_START 43 LF-FLRC-2600-255 pktSize=255
SYNC_OFFSET phase=43 off=0 prev=-1
TIME_DIFF gps_utc=1784975217 laptop_utc=1784975224 offset=-7
TIME_CORRECT old_offset=1784975133 new_offset=1784975126 delta=-7
FLRC_RAW32: 165 90 66 36 0 73 116 19 96 57 230 245 5 0 1 113 143 100 106 43 0 18 117 110 107 110 111 119 110 29 30 31
PKT rx=1 seq=18 rssi=-36 phase=43 rx_ms=91354 tx_lat=32.63880 tx_lon=-16.94614 sats=5 fix=1 utc=1784975217 tx_fw=unknown
BER seq=18 bits=1792 errs=0 ber=0.00e+00
PHASE_RESULT 43 LF-FLRC-2600-255 pktSize=255 rx=1 unique=1 lost=99 per=99.0 rssi_avg=-36 rssi_min=-36 crc_err=0 garbage=0 tx_lat=32.63880 tx_lon=-16.94614 sats=5 fix=1 utc=1784975217 tx_fw=unknown rx_fw=unknown
PHASE_GUARD 500
LORA_CFG path=0 bw=0x05 sf=12
PHASE_START 39 LF-LoRa-SF12-SKIP SKIP pktSize=255
PHASE_RESULT 39 LF-LoRa-SF12-SKIP pktSize=255 rx=0 unique=0 lost=0 per=0.0 rssi_avg=0 rssi_min=0 crc_err=0 garbage=0 tx_lat=0.00000 tx_lon=0.00000 sats=0 fix=0 utc=0 tx_fw=none rx_fw=unknown
PHASE_GUARD 500
PHASE_START 40 LF-FLRC-2600-32 pktSize=32
SYNC_OFFSET phase=40 off=0 prev=-1
APP_CRC_FAIL exp=1E1F got=0E2A seq=59 syncOff=0 pSz=32
SYNC_NOT_FOUND first4=95857565
SYNC_NOT_FOUND first4=2ACA0168
SYNC_NOT_FOUND first4=8F646A2B
SYNC_LOST phase=40 consecutive=3 cached_off=0
SYNC_NOT_FOUND first4=1403F3E3
SYNC_NOT_FOUND first4=95857565
SYNC_OFFSET phase=40 off=0 prev=-1
APP_CRC_FAIL exp=1E1F got=79E6 seq=62 syncOff=0 pSz=32
SYNC_NOT_FOUND first4=95857565
SYNC_NOT_FOUND first4=6039E6F5
SYNC_NOT_FOUND first4=94847464
SYNC_LOST phase=40 consecutive=3 cached_off=0
SYNC_NOT_FOUND first4=A2000000
SYNC_OFFSET phase=40 off=0 prev=-1
APP_CRC_FAIL exp=1E1F got=76A1 seq=64 syncOff=0 pSz=32
SYNC_NOT_FOUND first4=1504F4E4
SYNC_NOT_FOUND first4=8F646A2B
SYNC_NOT_FOUND first4=1403F3E3
SYNC_LOST phase=40 consecutive=3 cached_off=0
SYNC_OFFSET phase=40 off=0 prev=-1
APP_CRC_FAIL exp=1E1F got=B0C6 seq=66 syncOff=0 pSz=32
SYNC_NOT_FOUND first4=B5C5D5E5
SYNC_NOT_FOUND first4=1403F3E3
SYNC_NOT_FOUND first4=6B6E6F77
SYNC_LOST phase=40 consecutive=3 cached_off=0
SYNC_OFFSET phase=40 off=0 prev=-1
APP_CRC_FAIL exp=1E1F got=EA4E seq=68 syncOff=0 pSz=32
SYNC_NOT_FOUND first4=94847464
SYNC_NOT_FOUND first4=8F646A2B
SYNC_NOT_FOUND first4=1403F3E3
SYNC_LOST phase=40 consecutive=3 cached_off=0
SYNC_NOT_FOUND first4=95857565
SYNC_NOT_FOUND first4=5039E6F5
SYNC_NOT_FOUND first4=6B7B8B9B
SYNC_NOT_FOUND first4=E33A136C
SYNC_NOT_FOUND first4=95857565
SYNC_NOT_FOUND first4=40DD85F3
SYNC_NOT_FOUND first4=8F646A2B
SYNC_NOT_FOUND first4=1403F3E3
SYNC_OFFSET phase=40 off=0 prev=-1
APP_CRC_FAIL exp=1E1F got=ECD4 seq=74 syncOff=0 pSz=32
SYNC_NOT_FOUND first4=1504F4E4
SYNC_NOT_FOUND first4=CB1F7AE0
SYNC_NOT_FOUND first4=8C289C63
SYNC_LOST phase=40 consecutive=3 cached_off=0
SYNC_NOT_FOUND first4=92221BB2
SYNC_NOT_FOUND first4=6A153183
SYNC_NOT_FOUND first4=BB9D3275
SYNC_NOT_FOUND first4=7E1351FF
SYNC_NOT_FOUND first4=5573CF77
SYNC_NOT_FOUND first4=39C00613
SYNC_NOT_FOUND first4=B1076569
SYNC_NOT_FOUND first4=61FBD778
SYNC_NOT_FOUND first4=6029528A
SYNC_NOT_FOUND first4=6AF99707
SYNC_NOT_FOUND first4=E903B0FA
SYNC_NOT_FOUND first4=7393ECE4
SYNC_NOT_FOUND first4=7CB987EE
SYNC_NOT_FOUND first4=F41B7F0A
SYNC_NOT_FOUND first4=041C0716
PHASE_RESULT 40 LF-FLRC-2600-32 pktSize=32 rx=0 unique=0 lost=100 per=100.0 rssi_avg=-39 rssi_min=-52 crc_err=6 garbage=44 tx_lat=0.00000 tx_lon=0.00000 sats=0 fix=0 utc=0 tx_fw=none rx_fw=unknown
PHASE_GUARD 500
PHASE_START 41 LF-FLRC-2600-64 pktSize=64
SYNC_NOT_FOUND first4=70E885D7
SYNC_NOT_FOUND first4=20C47C7D
SYNC_NOT_FOUND first4=BDB6F58B
SYNC_NOT_FOUND first4=A8978587
SYNC_NOT_FOUND first4=4E498429
SYNC_NOT_FOUND first4=A2185F05
SYNC_NOT_FOUND first4=C31A73CA
SYNC_NOT_FOUND first4=0AE9832F
SYNC_NOT_FOUND first4=B76C71CE
SYNC_NOT_FOUND first4=D76A06CA
SYNC_NOT_FOUND first4=E556D5AD
SYNC_NOT_FOUND first4=AC6FFC95
SYNC_NOT_FOUND first4=9C31700B
SYNC_NOT_FOUND first4=8A55B7D0
SYNC_NOT_FOUND first4=63A504F3
SYNC_NOT_FOUND first4=46DA51BF
SYNC_NOT_FOUND first4=49AC5894
SYNC_NOT_FOUND first4=C4DFB2CD
SYNC_NOT_FOUND first4=4EEED958
SYNC_NOT_FOUND first4=C56CF36E
SYNC_NOT_FOUND first4=105D0378
SYNC_NOT_FOUND first4=70AE1450
SYNC_NOT_FOUND first4=6CC08DD5
SYNC_NOT_FOUND first4=AE331414
SYNC_NOT_FOUND first4=55978B6D
SYNC_NOT_FOUND first4=625CDE94
SYNC_NOT_FOUND first4=6E36FE38
PHASE_RESULT 41 LF-FLRC-2600-64 pktSize=64 rx=0 unique=0 lost=100 per=100.0 rssi_avg=0 rssi_min=0 crc_err=0 garbage=27 tx_lat=0.00000 tx_lon=0.00000 sats=0 fix=0 utc=0 tx_fw=none rx_fw=unknown
PHASE_GUARD 500
PHASE_START 42 LF-FLRC-2600-128 pktSize=128
SYNC_NOT_FOUND first4=56930063
SYNC_NOT_FOUND first4=7021F66C
SYNC_NOT_FOUND first4=C9B5B1BA
SYNC_NOT_FOUND first4=4B8A2A9E
SYNC_NOT_FOUND first4=5A1F99D6
SYNC_NOT_FOUND first4=7698D634
SYNC_NOT_FOUND first4=6D04E5AD
SYNC_NOT_FOUND first4=08763EAE
SYNC_NOT_FOUND first4=63E352FC
SYNC_NOT_FOUND first4=D805E6B4
SYNC_NOT_FOUND first4=73E5628F
SYNC_NOT_FOUND first4=1A3140BB
SYNC_NOT_FOUND first4=717DB2FF
SYNC_NOT_FOUND first4=A24B2115
SYNC_NOT_FOUND first4=2163C2B4
SYNC_NOT_FOUND first4=49ACF408
SYNC_NOT_FOUND first4=8A8CA84F
SYNC_NOT_FOUND first4=D22D99F4
SYNC_NOT_FOUND first4=B7521E74
SYNC_NOT_FOUND first4=C95EEB99
SYNC_NOT_FOUND first4=FEA0D74F
SYNC_NOT_FOUND first4=34F198BF
SYNC_NOT_FOUND first4=529AA7CD
SYNC_NOT_FOUND first4=3C084390
SYNC_NOT_FOUND first4=EA8DDAD0
SYNC_NOT_FOUND first4=875C83A0
SYNC_NOT_FOUND first4=29803D6F
SYNC_NOT_FOUND first4=7C730B76
SYNC_NOT_FOUND first4=12394A15
SYNC_NOT_FOUND first4=D457D231
SYNC_NOT_FOUND first4=0899B425
SYNC_NOT_FOUND first4=5E7031BB
PHASE_RESULT 42 LF-FLRC-2600-128 pktSize=128 rx=0 unique=0 lost=100 per=100.0 rssi_avg=0 rssi_min=0 crc_err=0 garbage=32 tx_lat=0.00000 tx_lon=0.00000 sats=0 fix=0 utc=0 tx_fw=none rx_fw=unknown
PHASE_GUARD 500
PHASE_START 43 LF-FLRC-2600-255 pktSize=255
SYNC_NOT_FOUND first4=23207B9C
SYNC_NOT_FOUND first4=D93BB779
SYNC_NOT_FOUND first4=C4F90C48
SYNC_LOST phase=43 consecutive=3 cached_off=0
SYNC_NOT_FOUND first4=65CFA271
SYNC_NOT_FOUND first4=A5426EE4
SYNC_NOT_FOUND first4=014100F9
SYNC_NOT_FOUND first4=624A7CD6
SYNC_NOT_FOUND first4=53DB19C2
SYNC_NOT_FOUND first4=B2F7859F
SYNC_NOT_FOUND first4=EF97FD49
SYNC_NOT_FOUND first4=BB74B0D1
SYNC_NOT_FOUND first4=5958CE77
SYNC_NOT_FOUND first4=B66047F9
SYNC_NOT_FOUND first4=91315D56
SYNC_NOT_FOUND first4=31E3BA20
SYNC_NOT_FOUND first4=B988307D
SYNC_NOT_FOUND first4=84F9DAFC
SYNC_NOT_FOUND first4=E0825718
SYNC_NOT_FOUND first4=EE25024E
SYNC_NOT_FOUND first4=B668321C
SYNC_NOT_FOUND first4=DC19F445
SYNC_NOT_FOUND first4=D25969EE
SYNC_NOT_FOUND first4=E745DB27
SYNC_NOT_FOUND first4=86C94FEA
SYNC_NOT_FOUND first4=CA4687EB
SYNC_NOT_FOUND first4=8A20C147
SYNC_NOT_FOUND first4=8B547565
SYNC_NOT_FOUND first4=D2628944
SYNC_NOT_FOUND first4=71BF6A2B
SYNC_NOT_FOUND first4=26118CFB
SYNC_NOT_FOUND first4=0F442353
SYNC_NOT_FOUND first4=B6CE20A2
SYNC_NOT_FOUND first4=53C71D8C
SYNC_NOT_FOUND first4=619C0388
SYNC_NOT_FOUND first4=CB0E3984
SYNC_NOT_FOUND first4=77708652
SYNC_NOT_FOUND first4=4295B4FF
SYNC_NOT_FOUND first4=31DB6E2A
PHASE_RESULT 43 LF-FLRC-2600-255 pktSize=255 rx=0 unique=0 lost=100 per=100.0 rssi_avg=0 rssi_min=0 crc_err=0 garbage=38 tx_lat=0.00000 tx_lon=0.00000 sats=0 fix=0 utc=0 tx_fw=none rx_fw=unknown
PHASE_GUARD 500
PHASE_START 44 LF-FLRC-1300-32 pktSize=32
SYNC_OFFSET phase=44 off=0 prev=-1
APP_CRC_FAIL exp=1E1F got=18DA seq=59 syncOff=0 pSz=32
SYNC_NOT_FOUND first4=1504F4E4
SYNC_NOT_FOUND first4=7037E6F5
SYNC_NOT_FOUND first4=8F646A2F
SYNC_LOST phase=44 consecutive=3 cached_off=0
SYNC_NOT_FOUND first4=1403F3E3
SYNC_NOT_FOUND first4=95857565
SYNC_OFFSET phase=44 off=0 prev=-1
APP_CRC_FAIL exp=1E1F got=8435 seq=63 syncOff=0 pSz=32
SYNC_NOT_FOUND first4=95857565
SYNC_NOT_FOUND first4=6037E6F5
SYNC_NOT_FOUND first4=94847464
SYNC_LOST phase=44 consecutive=3 cached_off=0
SYNC_NOT_FOUND first4=6B6E6F77
SYNC_OFFSET phase=44 off=0 prev=-1
APP_CRC_FAIL exp=1E1F got=41D2 seq=66 syncOff=0 pSz=32
SYNC_NOT_FOUND first4=1504F4E4
SYNC_NOT_FOUND first4=36E13B21
SYNC_NOT_FOUND first4=6B6E6F77
SYNC_LOST phase=44 consecutive=3 cached_off=0
SYNC_OFFSET phase=44 off=0 prev=-1
APP_CRC_FAIL exp=1E1F got=1B5A seq=68 syncOff=0 pSz=32
SYNC_NOT_FOUND first4=1504F4E4
SYNC_NOT_FOUND first4=8F646A2F
SYNC_NOT_FOUND first4=EBFC0C1C
SYNC_LOST phase=44 consecutive=3 cached_off=0
SYNC_OFFSET phase=44 off=0 prev=-1
APP_CRC_FAIL exp=1E1F got=43CE seq=70 syncOff=0 pSz=32
SYNC_NOT_FOUND first4=94847464
SYNC_NOT_FOUND first4=8F646A2F
SYNC_NOT_FOUND first4=1403F3E3
SYNC_LOST phase=44 consecutive=3 cached_off=0
SYNC_NOT_FOUND first4=1504F4E4
SYNC_NOT_FOUND first4=7037E6F5
SYNC_NOT_FOUND first4=1403F3E3
SYNC_NOT_FOUND first4=6B6E6F77
SYNC_NOT_FOUND first4=0B1190E7
SYNC_NOT_FOUND first4=5FE5E65A
SYNC_NOT_FOUND first4=F0DCAA0E
SYNC_NOT_FOUND first4=39E6FC0E
SYNC_NOT_FOUND first4=4EC1C83D
SYNC_NOT_FOUND first4=CF2E8D62
SYNC_NOT_FOUND first4=75A5870D
SYNC_NOT_FOUND first4=82E61390
SYNC_NOT_FOUND first4=E25A6E6A
SYNC_NOT_FOUND first4=F790964A
SYNC_NOT_FOUND first4=9E207606
SYNC_NOT_FOUND first4=98DFE196
PHASE_RESULT 44 LF-FLRC-1300-32 pktSize=32 rx=0 unique=0 lost=100 per=100.0 rssi_avg=-39 rssi_min=-39 crc_err=5 garbage=34 tx_lat=0.00000 tx_lon=0.00000 sats=0 fix=0 utc=0 tx_fw=none rx_fw=unknown
PHASE_GUARD 500
PHASE_START 45 LF-FLRC-1300-64 pktSize=64
SYNC_NOT_FOUND first4=91EF1839
SYNC_NOT_FOUND first4=90AE8222
SYNC_NOT_FOUND first4=F52BFEC1
SYNC_NOT_FOUND first4=3457EFE3
SYNC_NOT_FOUND first4=9CA44491
SYNC_NOT_FOUND first4=155846BE
SYNC_NOT_FOUND first4=9F1D3E44
SYNC_NOT_FOUND first4=79C5DA7F
SYNC_NOT_FOUND first4=4C356535
SYNC_NOT_FOUND first4=CA532DA3
SYNC_NOT_FOUND first4=320407C3
SYNC_NOT_FOUND first4=260E2130
SYNC_NOT_FOUND first4=39DD1F30
SYNC_NOT_FOUND first4=4D1A96B3
SYNC_NOT_FOUND first4=057E874F
SYNC_NOT_FOUND first4=C551C5B4
SYNC_NOT_FOUND first4=8D2852F5
SYNC_NOT_FOUND first4=9C791831
SYNC_NOT_FOUND first4=E29D34B5
SYNC_NOT_FOUND first4=A4A9E485
SYNC_NOT_FOUND first4=C548F1AF
SYNC_NOT_FOUND first4=FD4E3272
SYNC_NOT_FOUND first4=EFBFDBA7
SYNC_NOT_FOUND first4=38A5055A
SYNC_NOT_FOUND first4=4E0A57A4
SYNC_NOT_FOUND first4=E7FB30D6
SYNC_NOT_FOUND first4=3897D0D0
SYNC_NOT_FOUND first4=9557F151
SYNC_NOT_FOUND first4=6262403C
SYNC_NOT_FOUND first4=CA6F009B
SYNC_NOT_FOUND first4=CE629CFA
SYNC_NOT_FOUND first4=9643F6A0
SYNC_NOT_FOUND first4=A1B76393
SYNC_NOT_FOUND first4=A1840EE3
SYNC_NOT_FOUND first4=A7E35817
PHASE_RESULT 45 LF-FLRC-1300-64 pktSize=64 rx=0 unique=0 lost=100 per=100.0 rssi_avg=0 rssi_min=0 crc_err=0 garbage=35 tx_lat=0.00000 tx_lon=0.00000 sats=0 fix=0 utc=0 tx_fw=none rx_fw=unknown
PHASE_GUARD 500
PHASE_START 46 LF-FLRC-1300-128 pktSize=128
SYNC_NOT_FOUND first4=A862E496
SYNC_NOT_FOUND first4=C02F0542
SYNC_NOT_FOUND first4=3BF6CF06
SYNC_NOT_FOUND first4=3D5C7B6E
SYNC_NOT_FOUND first4=86307DA7
SYNC_NOT_FOUND first4=D52826ED
SYNC_NOT_FOUND first4=B65BD754
SYNC_NOT_FOUND first4=EA1E96B5
SYNC_NOT_FOUND first4=1EB2B355
SYNC_NOT_FOUND first4=CFA00A2E
SYNC_NOT_FOUND first4=9D5D81A9
SYNC_NOT_FOUND first4=21989A80
SYNC_NOT_FOUND first4=A3391233
SYNC_NOT_FOUND first4=A231CA6B
SYNC_NOT_FOUND first4=0949112B
SYNC_NOT_FOUND first4=CADDE157
SYNC_NOT_FOUND first4=17CCEE72
SYNC_NOT_FOUND first4=2BECF08F
SYNC_NOT_FOUND first4=29364422
SYNC_NOT_FOUND first4=953F06CC
SYNC_NOT_FOUND first4=35468119
SYNC_NOT_FOUND first4=0676F466
SYNC_NOT_FOUND first4=C3EDD3F1
SYNC_NOT_FOUND first4=8C2243D9
SYNC_NOT_FOUND first4=D290994B
SYNC_NOT_FOUND first4=AF057155
SYNC_NOT_FOUND first4=B58BC595
SYNC_NOT_FOUND first4=4E46ED2F
SYNC_NOT_FOUND first4=7BC80E27
SYNC_NOT_FOUND first4=18DF46FB
SYNC_NOT_FOUND first4=869290C0
SYNC_NOT_FOUND first4=E4CB034F
SYNC_NOT_FOUND first4=88D44986
SYNC_NOT_FOUND first4=165DEA96
SYNC_NOT_FOUND first4=16AA7673
SYNC_NOT_FOUND first4=A4C3D75E
SYNC_NOT_FOUND first4=6D3CF6D6
SYNC_NOT_FOUND first4=D0F0F0B4
SYNC_NOT_FOUND first4=AD5EAC6E
SYNC_NOT_FOUND first4=22971E47
SYNC_NOT_FOUND first4=6C0923CB
SYNC_NOT_FOUND first4=6006159D
SYNC_NOT_FOUND first4=9335782D
SYNC_NOT_FOUND first4=77DEA18A
SYNC_NOT_FOUND first4=9F5C8E68
PHASE_RESULT 46 LF-FLRC-1300-128 pktSize=128 rx=0 unique=0 lost=100 per=100.0 rssi_avg=0 rssi_min=0 crc_err=0 garbage=45 tx_lat=0.00000 tx_lon=0.00000 sats=0 fix=0 utc=0 tx_fw=none rx_fw=unknown
PHASE_GUARD 500
PHASE_START 47 LF-FLRC-1300-255 pktSize=255
SYNC_NOT_FOUND first4=E7FB5DEC
SYNC_NOT_FOUND first4=83160DFF
SYNC_NOT_FOUND first4=1AC37664
SYNC_NOT_FOUND first4=F506C363
SYNC_NOT_FOUND first4=D1D34202
SYNC_NOT_FOUND first4=B593EADA
SYNC_NOT_FOUND first4=452C962A
SYNC_NOT_FOUND first4=8ECD31B5
SYNC_NOT_FOUND first4=E189079B
SYNC_NOT_FOUND first4=93943D26
SYNC_NOT_FOUND first4=DC7FF822
SYNC_NOT_FOUND first4=8A4ADBAA
SYNC_NOT_FOUND first4=1EF145E7
SYNC_NOT_FOUND first4=87FB6C6A
SYNC_NOT_FOUND first4=26905E6F
SYNC_NOT_FOUND first4=66C0CD48
SYNC_NOT_FOUND first4=08A75ED2
SYNC_NOT_FOUND first4=E2185DC1
SYNC_NOT_FOUND first4=DE10637A
SYNC_NOT_FOUND first4=9C8F01C2
SYNC_NOT_FOUND first4=D79DBF26
SYNC_NOT_FOUND first4=0D202229
SYNC_NOT_FOUND first4=3FF8DCC4
SYNC_NOT_FOUND first4=504A2A96
SYNC_NOT_FOUND first4=87CD19B3
SYNC_NOT_FOUND first4=F44D6A07
SYNC_NOT_FOUND first4=42E33308
SYNC_NOT_FOUND first4=9D7A73E1
SYNC_NOT_FOUND first4=EE99E85D
SYNC_NOT_FOUND first4=C498C402
SYNC_NOT_FOUND first4=F459CCD9
SYNC_NOT_FOUND first4=095421BB
SYNC_NOT_FOUND first4=5A4FDA17
SYNC_NOT_FOUND first4=AD5A2730
SYNC_NOT_FOUND first4=83D322EA
SYNC_NOT_FOUND first4=9A7F2A3E
SYNC_NOT_FOUND first4=79367EAC
SYNC_NOT_FOUND first4=393FCEF4
SYNC_NOT_FOUND first4=EE9DF127
SYNC_NOT_FOUND first4=F608E5A6
SYNC_NOT_FOUND first4=7DCB703E
SYNC_NOT_FOUND first4=E4DF10A8
SYNC_NOT_FOUND first4=5568F4AA
SYNC_NOT_FOUND first4=19835262
SYNC_NOT_FOUND first4=682E8D0E
SYNC_NOT_FOUND first4=DDE2BEEB
SYNC_NOT_FOUND first4=2A02612A
SYNC_NOT_FOUND first4=0A02D95C
SYNC_NOT_FOUND first4=6F6B4B34
SYNC_NOT_FOUND first4=27609E5C
SYNC_NOT_FOUND first4=226D1FAE
SYNC_NOT_FOUND first4=D100038C
SYNC_NOT_FOUND first4=6EF3F067
SYNC_NOT_FOUND first4=4C6592BB
SYNC_NOT_FOUND first4=D1415065
SYNC_NOT_FOUND first4=B8328B63
PHASE_RESULT 47 LF-FLRC-1300-255 pktSize=255 rx=0 unique=0 lost=100 per=100.0 rssi_avg=0 rssi_min=0 crc_err=0 garbage=56 tx_lat=0.00000 tx_lon=0.00000 sats=0 fix=0 utc=0 tx_fw=none rx_fw=unknown
PHASE_GUARD 500
PHASE_START 48 LF-FLRC-650-32 pktSize=32
SYNC_OFFSET phase=48 off=0 prev=-1
APP_CRC_FAIL exp=1E1F got=2702 seq=59 syncOff=0 pSz=32
SYNC_NOT_FOUND first4=95857565
SYNC_NOT_FOUND first4=6F7F8F9F
SYNC_NOT_FOUND first4=E20C84A4
SYNC_LOST phase=48 consecutive=3 cached_off=0
SYNC_NOT_FOUND first4=1E9B0F6D
SYNC_OFFSET phase=48 off=0 prev=-1
APP_CRC_FAIL exp=1E1F got=96A9 seq=60 syncOff=0 pSz=32
SYNC_NOT_FOUND first4=1504F4E4
SYNC_NOT_FOUND first4=B755B466
SYNC_NOT_FOUND first4=6B6E6F77
SYNC_LOST phase=48 consecutive=3 cached_off=0
SYNC_NOT_FOUND first4=EEFF0F1F
SYNC_NOT_FOUND first4=4037E6F5
SYNC_NOT_FOUND first4=64666062
SYNC_NOT_FOUND first4=93837363
SYNC_NOT_FOUND first4=20A38472
SYNC_NOT_FOUND first4=4037E6F5
SYNC_NOT_FOUND first4=36465666
SYNC_NOT_FOUND first4=1403F3E3
SYNC_NOT_FOUND first4=913265B4
SYNC_NOT_FOUND first4=4037E6F5
SYNC_NOT_FOUND first4=94847464
SYNC_NOT_FOUND first4=6B6E6F77
SYNC_NOT_FOUND first4=6D04A251
SYNC_OFFSET phase=48 off=0 prev=-1
APP_CRC_FAIL exp=1E1F got=4E05 seq=66 syncOff=0 pSz=32
SYNC_NOT_FOUND first4=95857565
SYNC_NOT_FOUND first4=B6289470
SYNC_NOT_FOUND first4=F80E040E
SYNC_LOST phase=48 consecutive=3 cached_off=0
SYNC_NOT_FOUND first4=0AC1ECCC
SYNC_NOT_FOUND first4=687A8A9A
SYNC_NOT_FOUND first4=6F7F8F9F
SYNC_NOT_FOUND first4=FF2D2C97
SYNC_NOT_FOUND first4=6B6E6F77
SYNC_NOT_FOUND first4=FBBB79AC
SYNC_NOT_FOUND first4=24F8201A
SYNC_NOT_FOUND first4=94847464
SYNC_NOT_FOUND first4=4D975B04
SYNC_NOT_FOUND first4=95857565
SYNC_NOT_FOUND first4=008320EA
SYNC_NOT_FOUND first4=8F646A33
SYNC_NOT_FOUND first4=1403F3E3
SYNC_OFFSET phase=48 off=0 prev=-1
APP_CRC_FAIL exp=1E1F got=FB69 seq=72 syncOff=0 pSz=32
SYNC_NOT_FOUND first4=95857565
SYNC_NOT_FOUND first4=F63CD93B
SYNC_NOT_FOUND first4=8F646A33
SYNC_LOST phase=48 consecutive=3 cached_off=0
SYNC_NOT_FOUND first4=B6C6D6E6
SYNC_NOT_FOUND first4=0C9B9F7A
SYNC_NOT_FOUND first4=E5104575
SYNC_NOT_FOUND first4=8F646A33
SYNC_NOT_FOUND first4=B6C6D6E6
SYNC_NOT_FOUND first4=EEFF0F1F
SYNC_NOT_FOUND first4=7EA4482D
SYNC_NOT_FOUND first4=C8D6CC7C
SYNC_NOT_FOUND first4=9CBA1E39
SYNC_NOT_FOUND first4=219B7296
SYNC_NOT_FOUND first4=4A0321AE
SYNC_NOT_FOUND first4=6871F0BE
SYNC_NOT_FOUND first4=935DD699
SYNC_NOT_FOUND first4=7DDC359E
SYNC_NOT_FOUND first4=88E7B8B1
SYNC_NOT_FOUND first4=3960D972
SYNC_NOT_FOUND first4=9BE5312D
SYNC_NOT_FOUND first4=F265D48C
SYNC_NOT_FOUND first4=F0246EEB
SYNC_NOT_FOUND first4=CF0C7529
SYNC_NOT_FOUND first4=C920B480
SYNC_NOT_FOUND first4=B6B39C23
SYNC_NOT_FOUND first4=0A89E511
SYNC_NOT_FOUND first4=21892661
SYNC_NOT_FOUND first4=D35D4939
SYNC_NOT_FOUND first4=7522E027
SYNC_NOT_FOUND first4=A7C8B128
SYNC_NOT_FOUND first4=8DF0A375
SYNC_NOT_FOUND first4=A51FA779
SYNC_NOT_FOUND first4=77880A45
SYNC_NOT_FOUND first4=92C39116
SYNC_NOT_FOUND first4=005C8552
SYNC_NOT_FOUND first4=79438847
SYNC_NOT_FOUND first4=94277771
SYNC_NOT_FOUND first4=FBFE8216
SYNC_NOT_FOUND first4=6FD93D89
SYNC_NOT_FOUND first4=2EB15E8C
SYNC_NOT_FOUND first4=52845593
SYNC_NOT_FOUND first4=56F3F17F
SYNC_NOT_FOUND first4=D15A40D9
SYNC_NOT_FOUND first4=A363487E
SYNC_NOT_FOUND first4=D43A2595
SYNC_NOT_FOUND first4=883494F1
SYNC_NOT_FOUND first4=BCA3F4D0
SYNC_NOT_FOUND first4=39E3E21E
SYNC_NOT_FOUND first4=EAAE293F
SYNC_NOT_FOUND first4=3A88463A
SYNC_NOT_FOUND first4=E7C078C2
SYNC_NOT_FOUND first4=CB56217B
SYNC_NOT_FOUND first4=C3F2040F
SYNC_NOT_FOUND first4=8E004743
SYNC_NOT_FOUND first4=75FDA717
SYNC_NOT_FOUND first4=DB823E9C
SYNC_NOT_FOUND first4=483335ED
SYNC_NOT_FOUND first4=B1A9D3E6
SYNC_NOT_FOUND first4=4E2C62E8
SYNC_NOT_FOUND first4=C9E9B826
SYNC_NOT_FOUND first4=36884B72
SYNC_NOT_FOUND first4=3A9FAF87
SYNC_NOT_FOUND first4=8AEB92E4
SYNC_NOT_FOUND first4=04DBC2C2
SYNC_NOT_FOUND first4=7532FF99
SYNC_NOT_FOUND first4=7F09F94E
SYNC_NOT_FOUND first4=6CF30E0B
SYNC_NOT_FOUND first4=B77F9489
SYNC_NOT_FOUND first4=0DF3FC91
SYNC_NOT_FOUND first4=77E34063
SYNC_NOT_FOUND first4=0474E3B1
SYNC_NOT_FOUND first4=8E753844
SYNC_NOT_FOUND first4=1CBDC325
SYNC_NOT_FOUND first4=F4A42781
SYNC_NOT_FOUND first4=C2AB9210
SYNC_NOT_FOUND first4=ABFDB9C2
SYNC_NOT_FOUND first4=93498D6E
SYNC_NOT_FOUND first4=FDE7D65D
SYNC_NOT_FOUND first4=9E160E7C
SYNC_NOT_FOUND first4=9134495C
SYNC_NOT_FOUND first4=3AC215C6
SYNC_NOT_FOUND first4=5C2853B0
SYNC_NOT_FOUND first4=C3548F8C
SYNC_NOT_FOUND first4=6C1030BA
SYNC_NOT_FOUND first4=9694DD5C
SYNC_NOT_FOUND first4=8919B7A3
SYNC_NOT_FOUND first4=A0F67A05
SYNC_NOT_FOUND first4=77B78066
SYNC_NOT_FOUND first4=EB170244
SYNC_NOT_FOUND first4=D9C98001
SYNC_NOT_FOUND first4=37B875A0
SYNC_NOT_FOUND first4=99E2275A
SYNC_NOT_FOUND first4=3E0B7C7F
SYNC_NOT_FOUND first4=19710F59
PHASE_RESULT 48 LF-FLRC-650-32 pktSize=32 rx=0 unique=0 lost=100 per=100.0 rssi_avg=-38 rssi_min=-38 crc_err=4 garbage=130 tx_lat=0.00000 tx_lon=0.00000 sats=0 fix=0 utc=0 tx_fw=none rx_fw=unknown
PHASE_GUARD 500
PHASE_START 49 LF-FLRC-650-64 pktSize=64
SYNC_NOT_FOUND first4=3E7586DD
SYNC_NOT_FOUND first4=7484AC74
SYNC_NOT_FOUND first4=8F55D007
SYNC_NOT_FOUND first4=C5D68231
SYNC_NOT_FOUND first4=D64DA627
SYNC_NOT_FOUND first4=4B7D9215
SYNC_NOT_FOUND first4=096A18F7
SYNC_NOT_FOUND first4=C9D3AAB4
SYNC_NOT_FOUND first4=510059C1
SYNC_NOT_FOUND first4=60EA92E1
SYNC_NOT_FOUND first4=FC55F034
SYNC_NOT_FOUND first4=00066DFC
SYNC_NOT_FOUND first4=620B2F99
SYNC_NOT_FOUND first4=D3451401
SYNC_NOT_FOUND first4=E8AC7032
SYNC_NOT_FOUND first4=95A0A6CE
SYNC_NOT_FOUND first4=89E019CD
SYNC_NOT_FOUND first4=CA9C5457
SYNC_NOT_FOUND first4=93FF8D8F
SYNC_NOT_FOUND first4=59AB8C8C
SYNC_NOT_FOUND first4=4C82A90F
SYNC_NOT_FOUND first4=79EB26F6
SYNC_NOT_FOUND first4=092B7C28
SYNC_NOT_FOUND first4=F249EF16
SYNC_NOT_FOUND first4=BA80A366
SYNC_NOT_FOUND first4=5A14BB53
SYNC_NOT_FOUND first4=3C44679B
SYNC_NOT_FOUND first4=7CF30796
SYNC_NOT_FOUND first4=10B7A857
SYNC_NOT_FOUND first4=43EFFB58
SYNC_NOT_FOUND first4=D379EF2A
SYNC_NOT_FOUND first4=F1B9992E
SYNC_NOT_FOUND first4=D50F40F1
SYNC_NOT_FOUND first4=168368A7
SYNC_NOT_FOUND first4=AA56BFD7
SYNC_NOT_FOUND first4=58FEEDE6
SYNC_NOT_FOUND first4=8E327F47
SYNC_NOT_FOUND first4=14287BB0
SYNC_NOT_FOUND first4=0559518B
SYNC_NOT_FOUND first4=8BD39473
SYNC_NOT_FOUND first4=4062C23F
SYNC_NOT_FOUND first4=6FC0274A
SYNC_NOT_FOUND first4=18FD3A2E
SYNC_NOT_FOUND first4=0ADAEA62
SYNC_NOT_FOUND first4=D93C8684
SYNC_NOT_FOUND first4=B16D31EB
SYNC_NOT_FOUND first4=BD0FE2E9
SYNC_NOT_FOUND first4=AB6D0B30
SYNC_NOT_FOUND first4=D64238CA
SYNC_NOT_FOUND first4=A9F0E579
SYNC_NOT_FOUND first4=47FAA0B2
SYNC_NOT_FOUND first4=7BEB1369
SYNC_NOT_FOUND first4=DE4543B8
SYNC_NOT_FOUND first4=21F38A45
SYNC_NOT_FOUND first4=186F8667
SYNC_NOT_FOUND first4=D01A6402
SYNC_NOT_FOUND first4=86ACAB7F
SYNC_NOT_FOUND first4=40CE10B7
SYNC_NOT_FOUND first4=16036D02
SYNC_NOT_FOUND first4=CAD7CE5A
SYNC_NOT_FOUND first4=AF06BA25
SYNC_NOT_FOUND first4=49918253
SYNC_NOT_FOUND first4=FD5EB644
SYNC_NOT_FOUND first4=B3D0CEC2
SYNC_NOT_FOUND first4=D704C7D3
SYNC_NOT_FOUND first4=A28FE468
SYNC_NOT_FOUND first4=B14CFE03
SYNC_NOT_FOUND first4=57499653
SYNC_NOT_FOUND first4=697FF645
SYNC_NOT_FOUND first4=ECC2BEBA
SYNC_NOT_FOUND first4=4861F3B4
SYNC_NOT_FOUND first4=D9F99AFD
SYNC_NOT_FOUND first4=8B909D7C
SYNC_NOT_FOUND first4=585ECF84
SYNC_NOT_FOUND first4=D3E3D372
SYNC_NOT_FOUND first4=FF838932
SYNC_NOT_FOUND first4=51D4DDDC
SYNC_NOT_FOUND first4=F5B474CE
SYNC_NOT_FOUND first4=211ABDB6
SYNC_NOT_FOUND first4=28EF780F
SYNC_NOT_FOUND first4=B76979F9
SYNC_NOT_FOUND first4=15972809
SYNC_NOT_FOUND first4=AC92AE0A
SYNC_NOT_FOUND first4=7EF52CCC
SYNC_NOT_FOUND first4=86D7B216
SYNC_NOT_FOUND first4=6F5D5708
SYNC_NOT_FOUND first4=15FDFD51
SYNC_NOT_FOUND first4=838CAD84
SYNC_NOT_FOUND first4=7D76ACA0
SYNC_NOT_FOUND first4=7C6E6590
SYNC_NOT_FOUND first4=3BD4257E
SYNC_NOT_FOUND first4=8D297E01
SYNC_NOT_FOUND first4=B28F5F03
SYNC_NOT_FOUND first4=A651567E
SYNC_NOT_FOUND first4=1699D843
SYNC_NOT_FOUND first4=0CC7302C
SYNC_NOT_FOUND first4=821479E3
SYNC_NOT_FOUND first4=DE560226
SYNC_NOT_FOUND first4=9C9440B6
SYNC_NOT_FOUND first4=07BEFC0B
SYNC_NOT_FOUND first4=3C42C334
SYNC_NOT_FOUND first4=82136AFD
SYNC_NOT_FOUND first4=76F6FA3A
SYNC_NOT_FOUND first4=D3FE8D56
SYNC_NOT_FOUND first4=B8B00C27
SYNC_NOT_FOUND first4=D5012A5D
SYNC_NOT_FOUND first4=D4C1858F
SYNC_NOT_FOUND first4=F745BA54
SYNC_NOT_FOUND first4=0F2E9998
SYNC_NOT_FOUND first4=9E9A1296
SYNC_NOT_FOUND first4=02DC3BA4
SYNC_NOT_FOUND first4=DCD6B979
SYNC_NOT_FOUND first4=58D500D8
SYNC_NOT_FOUND first4=6386DE0A
PHASE_RESULT 49 LF-FLRC-650-64 pktSize=64 rx=0 unique=0 lost=100 per=100.0 rssi_avg=0 rssi_min=0 crc_err=0 garbage=114 tx_lat=0.00000 tx_lon=0.00000 sats=0 fix=0 utc=0 tx_fw=none rx_fw=unknown
PHASE_GUARD 500
PHASE_START 50 LF-FLRC-650-128 pktSize=128
SYNC_NOT_FOUND first4=DF6DE064
SYNC_NOT_FOUND first4=7B8681D0
SYNC_NOT_FOUND first4=7F6F2B1F
SYNC_NOT_FOUND first4=1BBF8412
SYNC_NOT_FOUND first4=AE2077A0
SYNC_NOT_FOUND first4=D8FA2F71
SYNC_NOT_FOUND first4=E18A4710
SYNC_NOT_FOUND first4=53F1D85B
SYNC_NOT_FOUND first4=5DAECE6C
SYNC_NOT_FOUND first4=1485B8F8
SYNC_NOT_FOUND first4=80085712
SYNC_NOT_FOUND first4=F5142DC6
SYNC_NOT_FOUND first4=7FD2431C
SYNC_NOT_FOUND first4=2B920799
SYNC_NOT_FOUND first4=A162F687
SYNC_NOT_FOUND first4=26544F9E
SYNC_NOT_FOUND first4=A773DC38
SYNC_NOT_FOUND first4=89C0D115
SYNC_NOT_FOUND first4=C4C96E46
SYNC_NOT_FOUND first4=5DE41920
SYNC_NOT_FOUND first4=907BBAF4
SYNC_NOT_FOUND first4=46BE1890
SYNC_NOT_FOUND first4=F6E93502
SYNC_NOT_FOUND first4=00F3A6F2
SYNC_NOT_FOUND first4=C528B914
SYNC_NOT_FOUND first4=83428933
SYNC_NOT_FOUND first4=44F39596
SYNC_NOT_FOUND first4=641F02E1
SYNC_NOT_FOUND first4=8503A673
SYNC_NOT_FOUND first4=1D2EE96D
SYNC_NOT_FOUND first4=ED439ABC
SYNC_NOT_FOUND first4=90EB4BC5
SYNC_NOT_FOUND first4=5299375A
SYNC_NOT_FOUND first4=E9982574
SYNC_NOT_FOUND first4=BB4BE3F6
SYNC_NOT_FOUND first4=1610A816
SYNC_NOT_FOUND first4=46CE165E
SYNC_NOT_FOUND first4=EC5386D1
SYNC_NOT_FOUND first4=937D9F4F
SYNC_NOT_FOUND first4=092CEA9E
SYNC_NOT_FOUND first4=2281E55C
SYNC_NOT_FOUND first4=81E56154
SYNC_NOT_FOUND first4=618538B3
SYNC_NOT_FOUND first4=888662B3
SYNC_NOT_FOUND first4=BF885AE7
SYNC_NOT_FOUND first4=070BC005
SYNC_NOT_FOUND first4=511D4F44
SYNC_NOT_FOUND first4=DC3BCAF4
SYNC_NOT_FOUND first4=7A1EC2E9
SYNC_NOT_FOUND first4=4A45DD3B
SYNC_NOT_FOUND first4=25D1F77E
SYNC_NOT_FOUND first4=95E61488
SYNC_NOT_FOUND first4=B1E0A0B7
SYNC_NOT_FOUND first4=0C58E12E
SYNC_NOT_FOUND first4=D809382A
SYNC_NOT_FOUND first4=19479F3D
SYNC_NOT_FOUND first4=4ABC8545
SYNC_NOT_FOUND first4=7CD4CBA8
SYNC_NOT_FOUND first4=A56F51C4
SYNC_NOT_FOUND first4=9B216440
SYNC_NOT_FOUND first4=D830B3A3
SYNC_NOT_FOUND first4=F9017E2A
SYNC_NOT_FOUND first4=9EE5C053
SYNC_NOT_FOUND first4=76908213
SYNC_NOT_FOUND first4=D918D9E9
SYNC_NOT_FOUND first4=BF5217F7
SYNC_NOT_FOUND first4=0E6C0F32
SYNC_NOT_FOUND first4=AC4A504F
SYNC_NOT_FOUND first4=DC28EAA4
SYNC_NOT_FOUND first4=7A4910CA
SYNC_NOT_FOUND first4=9ED99AC7
SYNC_NOT_FOUND first4=8FA25F3A
SYNC_NOT_FOUND first4=0EE535C7
SYNC_NOT_FOUND first4=B136B8EE
SYNC_NOT_FOUND first4=A9684989
SYNC_NOT_FOUND first4=6CBF718F
SYNC_NOT_FOUND first4=3A822547
SYNC_NOT_FOUND first4=8D1AB7C8
SYNC_NOT_FOUND first4=631FD55E
SYNC_NOT_FOUND first4=4C277946
SYNC_NOT_FOUND first4=369532FB
SYNC_NOT_FOUND first4=0DE421C1
SYNC_NOT_FOUND first4=780522F0
SYNC_NOT_FOUND first4=BB4CDE4B
SYNC_NOT_FOUND first4=BFB95549
SYNC_NOT_FOUND first4=F6D65896
SYNC_NOT_FOUND first4=4F9153A9
SYNC_NOT_FOUND first4=42529CC8
SYNC_NOT_FOUND first4=476F18E3
SYNC_NOT_FOUND first4=54DFB479
SYNC_NOT_FOUND first4=49A9AA48
SYNC_NOT_FOUND first4=265611A6
SYNC_NOT_FOUND first4=8CD435F2
SYNC_NOT_FOUND first4=D949BAED
SYNC_NOT_FOUND first4=142E05F7
SYNC_NOT_FOUND first4=D64689CF
SYNC_NOT_FOUND first4=D50718C1
PHASE_RESULT 50 LF-FLRC-650-128 pktSize=128 rx=0 unique=0 lost=100 per=100.0 rssi_avg=0 rssi_min=0 crc_err=0 garbage=97 tx_lat=0.00000 tx_lon=0.00000 sats=0 fix=0 utc=0 tx_fw=none rx_fw=unknown
PHASE_GUARD 500
PHASE_START 51 LF-FLRC-650-255 pktSize=255
SYNC_NOT_FOUND first4=C8A5708E
SYNC_NOT_FOUND first4=E91ED7A1
SYNC_NOT_FOUND first4=A07D9AAA
SYNC_NOT_FOUND first4=81598043
SYNC_NOT_FOUND first4=F9AC2EF0
SYNC_NOT_FOUND first4=8215456D
SYNC_NOT_FOUND first4=4990A67E
SYNC_NOT_FOUND first4=59C43450
SYNC_NOT_FOUND first4=36C1C07B
SYNC_NOT_FOUND first4=04A2519F
SYNC_NOT_FOUND first4=6A82596A
SYNC_NOT_FOUND first4=84310F9C
SYNC_NOT_FOUND first4=C2671022
SYNC_NOT_FOUND first4=8359486B
SYNC_NOT_FOUND first4=969A9F0C
SYNC_NOT_FOUND first4=DA62A60B
SYNC_NOT_FOUND first4=CC6EDE09
SYNC_NOT_FOUND first4=A598178B
SYNC_NOT_FOUND first4=9F8EAE74
SYNC_NOT_FOUND first4=D4386B38
SYNC_NOT_FOUND first4=BE127183
SYNC_NOT_FOUND first4=758FA4CB
SYNC_NOT_FOUND first4=6F7BD0C5
SYNC_NOT_FOUND first4=D251E401
SYNC_NOT_FOUND first4=75408CA2
SYNC_NOT_FOUND first4=73B15B27
SYNC_NOT_FOUND first4=DA2FA6C5
SYNC_NOT_FOUND first4=1C278BE0
SYNC_NOT_FOUND first4=F2F67647
SYNC_NOT_FOUND first4=9E6AF924
SYNC_NOT_FOUND first4=CE09FB71
SYNC_NOT_FOUND first4=50ADEE57
SYNC_NOT_FOUND first4=7E2E963C
SYNC_NOT_FOUND first4=F59B3453
SYNC_NOT_FOUND first4=B5F303FA
SYNC_NOT_FOUND first4=A475E0F1
SYNC_NOT_FOUND first4=CFD9B5C6
SYNC_NOT_FOUND first4=C5D5C4B9
SYNC_NOT_FOUND first4=C1167D01
SYNC_NOT_FOUND first4=86A78049
SYNC_NOT_FOUND first4=19F79A99
SYNC_NOT_FOUND first4=69CEBD5E
SYNC_NOT_FOUND first4=F7412CB1
SYNC_NOT_FOUND first4=EA3AE32B
SYNC_NOT_FOUND first4=A7B7E7BC
SYNC_NOT_FOUND first4=5254A3EF
SYNC_NOT_FOUND first4=6566FF4F
SYNC_NOT_FOUND first4=609F68CB
SYNC_NOT_FOUND first4=8831D1FD
SYNC_NOT_FOUND first4=9A491634
SYNC_NOT_FOUND first4=12A72802
SYNC_NOT_FOUND first4=406BB61E
SYNC_NOT_FOUND first4=1772B676
SYNC_NOT_FOUND first4=77C82811
SYNC_NOT_FOUND first4=320C782C
SYNC_NOT_FOUND first4=86E1843D
SYNC_NOT_FOUND first4=DD51F69A
SYNC_NOT_FOUND first4=B828A082
SYNC_NOT_FOUND first4=8F6EB2AC
SYNC_NOT_FOUND first4=2B05A6B4
SYNC_NOT_FOUND first4=6CDF99A7
SYNC_NOT_FOUND first4=95ECE7A0
SYNC_NOT_FOUND first4=F495C345
SYNC_NOT_FOUND first4=5BAAF2F3
SYNC_NOT_FOUND first4=22B5A96B
SYNC_NOT_FOUND first4=E81B7E39
SYNC_NOT_FOUND first4=C0131424
SYNC_NOT_FOUND first4=81C03E2B
SYNC_NOT_FOUND first4=12181D44
SYNC_NOT_FOUND first4=9530A4C4
SYNC_NOT_FOUND first4=9537DE58
SYNC_NOT_FOUND first4=05301EF3
SYNC_NOT_FOUND first4=4CDC6CB5
SYNC_NOT_FOUND first4=B7F99000
SYNC_NOT_FOUND first4=853A877A
SYNC_NOT_FOUND first4=F85E93C5
SYNC_NOT_FOUND first4=241E3E15
SYNC_NOT_FOUND first4=42D11D97
PHASE_RESULT 51 LF-FLRC-650-255 pktSize=255 rx=0 unique=0 lost=100 per=100.0 rssi_avg=0 rssi_min=0 crc_err=0 garbage=78 tx_lat=0.00000 tx_lon=0.00000 sats=0 fix=0 utc=0 tx_fw=none rx_fw=unknown
PHASE_GUARD 500
PHASE_START 52 LF-FLRC-325-32 pktSize=32
SYNC_OFFSET phase=52 off=0 prev=-1
APP_CRC_FAIL exp=1E1F got=1ABF seq=59 syncOff=0 pSz=32
SYNC_NOT_FOUND first4=95857565
SYNC_NOT_FOUND first4=2BAF1FBA
SYNC_NOT_FOUND first4=8F646A37
SYNC_LOST phase=52 consecutive=3 cached_off=0
SYNC_NOT_FOUND first4=1403F3E3
SYNC_NOT_FOUND first4=95857565
SYNC_OFFSET phase=52 off=0 prev=-1
APP_CRC_FAIL exp=1E1F got=6D73 seq=62 syncOff=0 pSz=32
SYNC_NOT_FOUND first4=85857565
SYNC_NOT_FOUND first4=4038E6F5
SYNC_NOT_FOUND first4=6B7B8B9B
SYNC_LOST phase=52 consecutive=3 cached_off=0
SYNC_NOT_FOUND first4=0821DB94
SYNC_OFFSET phase=52 off=0 prev=-1
APP_CRC_FAIL exp=1E1F got=DF72 seq=64 syncOff=0 pSz=32
SYNC_NOT_FOUND first4=627A8A9A
SYNC_NOT_FOUND first4=6F7F8F9F
SYNC_NOT_FOUND first4=8F646A37
SYNC_LOST phase=52 consecutive=3 cached_off=0
SYNC_NOT_FOUND first4=1403F3E3
SYNC_NOT_FOUND first4=95857565
SYNC_OFFSET phase=52 off=0 prev=-1
APP_CRC_FAIL exp=1E1F got=F236 seq=67 syncOff=0 pSz=32
SYNC_NOT_FOUND first4=6A7A8A9A
SYNC_NOT_FOUND first4=6038E6F5
SYNC_NOT_FOUND first4=94847464
SYNC_LOST phase=52 consecutive=3 cached_off=0
SYNC_NOT_FOUND first4=4CFBE591
SYNC_NOT_FOUND first4=6A7A8A9A
SYNC_OFFSET phase=52 off=0 prev=-1
APP_CRC_FAIL exp=1E1F got=41D9 seq=70 syncOff=0 pSz=32
SYNC_NOT_FOUND first4=85857565
SYNC_NOT_FOUND first4=4038E6F5
SYNC_NOT_FOUND first4=94847464
SYNC_LOST phase=52 consecutive=3 cached_off=0
SYNC_NOT_FOUND first4=6B6E6F77
SYNC_OFFSET phase=52 off=0 prev=-1
APP_CRC_FAIL exp=1E1F got=D98D seq=73 syncOff=0 pSz=32
SYNC_NOT_FOUND first4=81857565
SYNC_NOT_FOUND first4=6038E6F5
SYNC_NOT_FOUND first4=1403F3E3
SYNC_LOST phase=52 consecutive=3 cached_off=0
SYNC_NOT_FOUND first4=53098C08
SYNC_NOT_FOUND first4=07C1BCBE
PHASE_RESULT 52 LF-FLRC-325-32 pktSize=32 rx=0 unique=0 lost=100 per=100.0 rssi_avg=-39 rssi_min=-39 crc_err=6 garbage=28 tx_lat=0.00000 tx_lon=0.00000 sats=0 fix=0 utc=0 tx_fw=none rx_fw=unknown
PHASE_GUARD 500
PHASE_START 53 LF-FLRC-325-64 pktSize=64
SYNC_NOT_FOUND first4=914E310B
SYNC_NOT_FOUND first4=28223BB5
SYNC_NOT_FOUND first4=3F4AB052
SYNC_NOT_FOUND first4=3B03ECB2
SYNC_NOT_FOUND first4=A1953019
SYNC_NOT_FOUND first4=8831509A
PHASE_RESULT 53 LF-FLRC-325-64 pktSize=64 rx=0 unique=0 lost=100 per=100.0 rssi_avg=0 rssi_min=0 crc_err=0 garbage=6 tx_lat=0.00000 tx_lon=0.00000 sats=0 fix=0 utc=0 tx_fw=none rx_fw=unknown
PHASE_GUARD 500
PHASE_START 54 LF-FLRC-325-128 pktSize=128
SYNC_NOT_FOUND first4=BDC3B9D0
SYNC_NOT_FOUND first4=42117C04
SYNC_NOT_FOUND first4=0B433F9E
SYNC_NOT_FOUND first4=0CB122D1
SYNC_NOT_FOUND first4=1FFEBD21
SYNC_NOT_FOUND first4=513EF565
PHASE_RESULT 54 LF-FLRC-325-128 pktSize=128 rx=0 unique=0 lost=100 per=100.0 rssi_avg=0 rssi_min=0 crc_err=0 garbage=6 tx_lat=0.00000 tx_lon=0.00000 sats=0 fix=0 utc=0 tx_fw=none rx_fw=unknown
PHASE_GUARD 500
PHASE_START 55 LF-FLRC-325-255 pktSize=255
SYNC_NOT_FOUND first4=4654C067
SYNC_NOT_FOUND first4=38A59E49
SYNC_NOT_FOUND first4=FACAAF00
PHASE_RESULT 55 LF-FLRC-325-255 pktSize=255 rx=0 unique=0 lost=100 per=100.0 rssi_avg=0 rssi_min=0 crc_err=0 garbage=3 tx_lat=0.00000 tx_lon=0.00000 sats=0 fix=0 utc=0 tx_fw=none rx_fw=unknown
PHASE_GUARD 500
LORA_CFG path=1 bw=0x0F sf=7
PHASE_START 0 HF-LoRa-SF7-32 pktSize=32
SYNC_OFFSET phase=0 off=0 prev=-1
APP_CRC_FAIL exp=1E1F got=C403 seq=7 syncOff=0 pSz=32
SYNC_NOT_FOUND first4=BC768EC1
SYNC_NOT_FOUND first4=8795EBD0
SYNC_NOT_FOUND first4=1F78A46D
SYNC_LOST phase=0 consecutive=3 cached_off=0
SYNC_OFFSET phase=0 off=0 prev=-1
APP_CRC_FAIL exp=1E1F got=F2AB seq=8 syncOff=0 pSz=32
SYNC_NOT_FOUND first4=F7811FA6
SYNC_NOT_FOUND first4=8752EBD3
SYNC_NOT_FOUND first4=D6EED068
SYNC_LOST phase=0 consecutive=3 cached_off=0
SYNC_OFFSET phase=0 off=0 prev=-1
APP_CRC_FAIL exp=1E1F got=5755 seq=9 syncOff=0 pSz=32
SYNC_NOT_FOUND first4=5B669BF7
SYNC_NOT_FOUND first4=8752ECD3
SYNC_NOT_FOUND first4=F1244B4C
SYNC_LOST phase=0 consecutive=3 cached_off=0
SYNC_OFFSET phase=0 off=0 prev=-1
APP_CRC_FAIL exp=1E1F got=7A11 seq=10 syncOff=0 pSz=32
SYNC_NOT_FOUND first4=829BBFD2
APP_CRC_FAIL exp=1E1F got=9132 seq=11 syncOff=0 pSz=32
SYNC_NOT_FOUND first4=007A06F8
SYNC_NOT_FOUND first4=798D16B9
APP_CRC_FAIL exp=1E1F got=F772 seq=12 syncOff=0 pSz=32
SYNC_NOT_FOUND first4=C4513DBF
APP_CRC_FAIL exp=1E1F got=1C51 seq=13 syncOff=0 pSz=32
SYNC_NOT_FOUND first4=D6EEF068
APP_CRC_FAIL exp=1E1F got=F675 seq=14 syncOff=0 pSz=32
SYNC_NOT_FOUND first4=5B669BF7
APP_CRC_FAIL exp=1E1F got=6C15 seq=15 syncOff=0 pSz=32
SYNC_NOT_FOUND first4=8792BCB2
SYNC_NOT_FOUND first4=2F773700
APP_CRC_FAIL exp=1E1F got=7D74 seq=16 syncOff=0 pSz=32
SYNC_NOT_FOUND first4=E15DFB12
PHASE_RESULT 0 HF-LoRa-SF7-32 pktSize=32 rx=0 unique=0 lost=20 per=100.0 rssi_avg=-10 rssi_min=-12 crc_err=10 garbage=18 tx_lat=0.00000 tx_lon=0.00000 sats=0 fix=0 utc=0 tx_fw=none rx_fw=unknown
PHASE_GUARD 500
LORA_CFG path=1 bw=0x0F sf=7
PHASE_START 1 HF-LoRa-SF7-64 pktSize=64
PHASE_RESULT 1 HF-LoRa-SF7-64 pktSize=64 rx=0 unique=0 lost=20 per=100.0 rssi_avg=0 rssi_min=0 crc_err=0 garbage=0 tx_lat=0.00000 tx_lon=0.00000 sats=0 fix=0 utc=0 tx_fw=none rx_fw=unknown
PHASE_GUARD 500
LORA_CFG path=1 bw=0x0F sf=7
PHASE_START 2 HF-LoRa-SF7-128 pktSize=128
PHASE_RESULT 2 HF-LoRa-SF7-128 pktSize=128 rx=0 unique=0 lost=20 per=100.0 rssi_avg=0 rssi_min=0 crc_err=0 garbage=0 tx_lat=0.00000 tx_lon=0.00000 sats=0 fix=0 utc=0 tx_fw=none rx_fw=unknown
PHASE_GUARD 500
LORA_CFG path=1 bw=0x0F sf=7
PHASE_START 3 HF-LoRa-SF7-255 pktSize=255
PHASE_RESULT 3 HF-LoRa-SF7-255 pktSize=255 rx=0 unique=0 lost=20 per=100.0 rssi_avg=0 rssi_min=0 crc_err=0 garbage=0 tx_lat=0.00000 tx_lon=0.00000 sats=0 fix=0 utc=0 tx_fw=none rx_fw=unknown
PHASE_GUARD 500
LORA_CFG path=1 bw=0x0F sf=9
PHASE_START 4 HF-LoRa-SF9-32 pktSize=32
SYNC_OFFSET phase=4 off=0 prev=-1
APP_CRC_FAIL exp=1E1F got=C3EA seq=7 syncOff=0 pSz=32
SYNC_NOT_FOUND first4=AE2E6889
SYNC_NOT_FOUND first4=56E4B643
APP_CRC_FAIL exp=1E1F got=5EDC seq=8 syncOff=0 pSz=32
SYNC_NOT_FOUND first4=B54E18C0
APP_CRC_FAIL exp=1E1F got=B5FF seq=9 syncOff=0 pSz=32
SYNC_NOT_FOUND first4=F5353D45
APP_CRC_FAIL exp=1E1F got=75BA seq=10 syncOff=0 pSz=32
SYNC_NOT_FOUND first4=AE2EC897
APP_CRC_FAIL exp=1E1F got=8577 seq=11 syncOff=0 pSz=32
SYNC_NOT_FOUND first4=B51E18D0
PHASE_RESULT 4 HF-LoRa-SF9-32 pktSize=32 rx=0 unique=0 lost=20 per=100.0 rssi_avg=-10 rssi_min=-11 crc_err=5 garbage=6 tx_lat=0.00000 tx_lon=0.00000 sats=0 fix=0 utc=0 tx_fw=none rx_fw=unknown
PHASE_GUARD 500
LORA_CFG path=1 bw=0x0F sf=9
PHASE_START 5 HF-LoRa-SF9-64 pktSize=64
SYNC_OFFSET phase=5 off=0 prev=-1
APP_CRC_FAIL exp=3E3F got=FD5B seq=0 syncOff=0 pSz=64
SYNC_NOT_FOUND first4=424D0BD4
APP_CRC_FAIL exp=3E3F got=FA57 seq=1 syncOff=0 pSz=64
APP_CRC_FAIL exp=3E3F got=18AA seq=2 syncOff=0 pSz=64
SYNC_NOT_FOUND first4=A74350F4
APP_CRC_FAIL exp=3E3F got=F713 seq=3 syncOff=0 pSz=64
APP_CRC_FAIL exp=3E3F got=37B0 seq=4 syncOff=0 pSz=64
PHASE_RESULT 5 HF-LoRa-SF9-64 pktSize=64 rx=0 unique=0 lost=20 per=100.0 rssi_avg=-10 rssi_min=-10 crc_err=5 garbage=2 tx_lat=0.00000 tx_lon=0.00000 sats=0 fix=0 utc=0 tx_fw=none rx_fw=unknown
PHASE_GUARD 500
LORA_CFG path=1 bw=0x0F sf=9
PHASE_START 6 HF-LoRa-SF9-128 pktSize=128
PHASE_RESULT 6 HF-LoRa-SF9-128 pktSize=128 rx=0 unique=0 lost=13 per=100.0 rssi_avg=0 rssi_min=0 crc_err=0 garbage=0 tx_lat=0.00000 tx_lon=0.00000 sats=0 fix=0 utc=0 tx_fw=none rx_fw=unknown
PHASE_GUARD 500
LORA_CFG path=1 bw=0x0F sf=9
PHASE_START 7 HF-LoRa-SF9-255 pktSize=255
TIME_SYNCED utc=1784975275 offset=1784975133
PHASE_RESULT 7 HF-LoRa-SF9-255 pktSize=255 rx=0 unique=0 lost=6 per=100.0 rssi_avg=0 rssi_min=0 crc_err=0 garbage=0 tx_lat=0.00000 tx_lon=0.00000 sats=0 fix=0 utc=0 tx_fw=none rx_fw=unknown
PHASE_GUARD 500
LORA_CFG path=1 bw=0x0F sf=12
PHASE_START 9 HF-LoRa-SF12-64 pktSize=64
PHASE_RESULT 9 HF-LoRa-SF12-64 pktSize=64 rx=0 unique=0 lost=1 per=100.0 rssi_avg=0 rssi_min=0 crc_err=0 garbage=0 tx_lat=0.00000 tx_lon=0.00000 sats=0 fix=0 utc=0 tx_fw=none rx_fw=unknown
PHASE_GUARD 500
LORA_CFG path=1 bw=0x0F sf=12
PHASE_START 10 HF-LoRa-SF12-128 pktSize=128
SYNC_OFFSET phase=10 off=0 prev=-1
TIME_DIFF gps_utc=1784975271 laptop_utc=1784975278 offset=-7
TIME_CORRECT old_offset=1784975133 new_offset=1784975126 delta=-7
LORA_RAW: 165 90 66 36 32 72 116 19 80 58 230 245 5 0 1 167 143 100
PKT rx=1 seq=0 rssi=-6 phase=10 rx_ms=145376 tx_lat=32.63877 tx_lon=-16.94612 sats=5 fix=1 utc=1784975271 tx_fw=unknown
BER seq=0 bits=776 errs=0 ber=0.00e+00
PHASE_RESULT 10 HF-LoRa-SF12-128 pktSize=128 rx=1 unique=1 lost=0 per=0.0 rssi_avg=-6 rssi_min=-6 crc_err=0 garbage=0 tx_lat=32.63877 tx_lon=-16.94612 sats=5 fix=1 utc=1784975271 tx_fw=unknown rx_fw=unknown
PHASE_GUARD 500
LORA_CFG path=1 bw=0x0F sf=12
PHASE_START 8 HF-LoRa-SF12-32 pktSize=32
PHASE_RESULT 8 HF-LoRa-SF12-32 pktSize=32 rx=0 unique=0 lost=2 per=100.0 rssi_avg=0 rssi_min=0 crc_err=0 garbage=0 tx_lat=0.00000 tx_lon=0.00000 sats=0 fix=0 utc=0 tx_fw=none rx_fw=unknown
PHASE_GUARD 500
LORA_CFG path=1 bw=0x0F sf=12
PHASE_START 9 HF-LoRa-SF12-64 pktSize=64
SYNC_OFFSET phase=9 off=0 prev=-1
APP_CRC_FAIL exp=3E3F got=A061 seq=0 syncOff=0 pSz=64
PHASE_RESULT 9 HF-LoRa-SF12-64 pktSize=64 rx=0 unique=0 lost=1 per=100.0 rssi_avg=-6 rssi_min=-6 crc_err=1 garbage=0 tx_lat=0.00000 tx_lon=0.00000 sats=0 fix=0 utc=0 tx_fw=none rx_fw=unknown
PHASE_GUARD 500
LORA_CFG path=1 bw=0x0F sf=12
PHASE_START 10 HF-LoRa-SF12-128 pktSize=128
TIME_SYNCED utc=1784975284 offset=1784975133
PHASE_RESULT 10 HF-LoRa-SF12-128 pktSize=128 rx=0 unique=0 lost=1 per=100.0 rssi_avg=0 rssi_min=0 crc_err=0 garbage=0 tx_lat=0.00000 tx_lon=0.00000 sats=0 fix=0 utc=0 tx_fw=none rx_fw=unknown
PHASE_GUARD 500
LORA_CFG path=1 bw=0x0F sf=12
PHASE_START 11 HF-LoRa-SF12-255 pktSize=255
TIME_STATS min=-8000ms max=-7000ms avg=-7333ms corrections=3
PHASE_RESULT 11 HF-LoRa-SF12-255 pktSize=255 rx=0 unique=0 lost=1 per=100.0 rssi_avg=0 rssi_min=0 crc_err=0 garbage=0 tx_lat=0.00000 tx_lon=0.00000 sats=0 fix=0 utc=0 tx_fw=none rx_fw=unknown
PHASE_GUARD 500
PHASE_START 12 HF-FLRC-2600-32 pktSize=32
SYNC_NOT_FOUND first4=EBC63719
SYNC_NOT_FOUND first4=376C6411
SYNC_LOST phase=12 consecutive=3 cached_off=0
SYNC_NOT_FOUND first4=C9964C4B
SYNC_NOT_FOUND first4=498D3E96
SYNC_NOT_FOUND first4=C16AC331
SYNC_NOT_FOUND first4=D7A36E45
SYNC_NOT_FOUND first4=B98ADF8D
PHASE_RESULT 12 HF-FLRC-2600-32 pktSize=32 rx=0 unique=0 lost=100 per=100.0 rssi_avg=0 rssi_min=0 crc_err=0 garbage=7 tx_lat=0.00000 tx_lon=0.00000 sats=0 fix=0 utc=0 tx_fw=none rx_fw=unknown
PHASE_GUARD 500
PHASE_START 13 HF-FLRC-2600-64 pktSize=64
SYNC_NOT_FOUND first4=857A4260
SYNC_NOT_FOUND first4=A75A4204
SYNC_NOT_FOUND first4=A55A4264
SYNC_NOT_FOUND first4=312BE6F5
SYNC_NOT_FOUND first4=8664EA0D
SYNC_NOT_FOUND first4=6B766F77
SYNC_NOT_FOUND first4=A5D29405
SYNC_NOT_FOUND first4=37438991
SYNC_NOT_FOUND first4=88231E60
SYNC_NOT_FOUND first4=18393A39
SYNC_NOT_FOUND first4=A55A4A04
SYNC_NOT_FOUND first4=478E6BC5
SYNC_NOT_FOUND first4=86EF323E
SYNC_NOT_FOUND first4=A55E4225
SYNC_NOT_FOUND first4=51328282
SYNC_NOT_FOUND first4=A55A4324
SYNC_OFFSET phase=13 off=0 prev=-1
APP_CRC_FAIL exp=81AF got=71DC seq=73 syncOff=0 pSz=64
SYNC_NOT_FOUND first4=A6C2EE06
PHASE_RESULT 13 HF-FLRC-2600-64 pktSize=64 rx=0 unique=0 lost=100 per=100.0 rssi_avg=-51 rssi_min=-51 crc_err=1 garbage=17 tx_lat=0.00000 tx_lon=0.00000 sats=0 fix=0 utc=0 tx_fw=none rx_fw=unknown
PHASE_GUARD 500
PHASE_START 14 HF-FLRC-2600-128 pktSize=128
SYNC_NOT_FOUND first4=251E4220
SYNC_OFFSET phase=14 off=0 prev=-1
APP_CRC_FAIL exp=A1CB got=21A5 seq=2445 syncOff=0 pSz=128
APP_CRC_FAIL exp=6DFF got=B972 seq=14 syncOff=0 pSz=128
SYNC_NOT_FOUND first4=A55A4234
SYNC_NOT_FOUND first4=B51BC224
SYNC_NOT_FOUND first4=04E42464
SYNC_LOST phase=14 consecutive=3 cached_off=0
SYNC_NOT_FOUND first4=A5524224
SYNC_NOT_FOUND first4=A47A4224
SYNC_NOT_FOUND first4=A45A4224
SYNC_OFFSET phase=14 off=0 prev=-1
APP_CRC_FAIL exp=1012 got=381B seq=88 syncOff=0 pSz=128
SYNC_NOT_FOUND first4=9CC2C8A5
SYNC_NOT_FOUND first4=4605E104
SYNC_NOT_FOUND first4=25537156
SYNC_LOST phase=14 consecutive=3 cached_off=0
SYNC_NOT_FOUND first4=37C15565
SYNC_NOT_FOUND first4=A15A4224
SYNC_NOT_FOUND first4=A5520224
SYNC_NOT_FOUND first4=AC1A4220
SYNC_NOT_FOUND first4=A15A4224
SYNC_OFFSET phase=14 off=0 prev=-1
APP_CRC_FAIL exp=9677 got=9C6D seq=8750 syncOff=0 pSz=128
SYNC_NOT_FOUND first4=A552422C
APP_CRC_FAIL exp=A639 got=CEBF seq=54 syncOff=0 pSz=128
SYNC_NOT_FOUND first4=A75A4A24
SYNC_NOT_FOUND first4=3A8248EA
SYNC_NOT_FOUND first4=A75B4224
SYNC_LOST phase=14 consecutive=3 cached_off=0
SYNC_NOT_FOUND first4=A55A2224
SYNC_NOT_FOUND first4=A55E4224
SYNC_NOT_FOUND first4=A75A4224
PHASE_RESULT 14 HF-FLRC-2600-128 pktSize=128 rx=0 unique=0 lost=100 per=100.0 rssi_avg=-51 rssi_min=-51 crc_err=5 garbage=22 tx_lat=0.00000 tx_lon=0.00000 sats=0 fix=0 utc=0 tx_fw=none rx_fw=unknown
PHASE_GUARD 500
PHASE_START 15 HF-FLRC-2600-255 pktSize=255
SYNC_NOT_FOUND first4=A55A0214
SYNC_NOT_FOUND first4=A51AC224
SYNC_NOT_FOUND first4=2D1D0CFC
SYNC_OFFSET phase=15 off=0 prev=-1
APP_CRC_FAIL exp=7878 got=78AB seq=21 syncOff=0 pSz=255
SYNC_NOT_FOUND first4=68262E94
SYNC_NOT_FOUND first4=2BE1B5C8
SYNC_NOT_FOUND first4=857A4224
SYNC_LOST phase=15 consecutive=3 cached_off=0
SYNC_NOT_FOUND first4=251A4224
SYNC_OFFSET phase=15 off=0 prev=-1
APP_CRC_FAIL exp=BE20 got=B29E seq=32804 syncOff=0 pSz=255
APP_CRC_FAIL exp=6369 got=7413 seq=56 syncOff=0 pSz=255
SYNC_NOT_FOUND first4=EEDE8F9A
SYNC_NOT_FOUND first4=A55A0224
SYNC_NOT_FOUND first4=FA74B673
SYNC_LOST phase=15 consecutive=3 cached_off=0
SYNC_NOT_FOUND first4=A54A4A2C
SYNC_NOT_FOUND first4=A15AC228
SYNC_NOT_FOUND first4=D29800A0
SYNC_NOT_FOUND first4=4AB40227
SYNC_NOT_FOUND first4=A55A4A24
SYNC_NOT_FOUND first4=255A4A26
SYNC_NOT_FOUND first4=40712270
SYNC_NOT_FOUND first4=A54A4204
SYNC_NOT_FOUND first4=EFB901D3
SYNC_NOT_FOUND first4=A75B4224
SYNC_NOT_FOUND first4=95855165
SYNC_NOT_FOUND first4=A55E4225
SYNC_NOT_FOUND first4=59A2B46A
SYNC_NOT_FOUND first4=3FDBFD79
PHASE_RESULT 15 HF-FLRC-2600-255 pktSize=255 rx=0 unique=0 lost=100 per=100.0 rssi_avg=-51 rssi_min=-52 crc_err=3 garbage=24 tx_lat=0.00000 tx_lon=0.00000 sats=0 fix=0 utc=0 tx_fw=none rx_fw=unknown
PHASE_GUARD 500
PHASE_START 16 HF-FLRC-1300-32 pktSize=32
SYNC_OFFSET phase=16 off=0 prev=-1
TIME_DIFF gps_utc=1784975293 laptop_utc=1784975300 offset=-7
TIME_CORRECT old_offset=1784975133 new_offset=1784975126 delta=-7
FLRC_RAW32: 165 90 66 36 64 68 116 19 16 59 230 245 5 0 1 189 143 100 106 16 0 10 117 110 107 110 111 119 110 29 111 99
PKT rx=1 seq=10 rssi=-51 phase=16 rx_ms=167203 tx_lat=32.63868 tx_lon=-16.94610 sats=5 fix=1 utc=1784975293 tx_fw=unknown
BER seq=10 bits=8 errs=0 ber=0.00e+00
PHASE_RESULT 16 HF-FLRC-1300-32 pktSize=32 rx=1 unique=1 lost=99 per=99.0 rssi_avg=-51 rssi_min=-51 crc_err=0 garbage=0 tx_lat=32.63868 tx_lon=-16.94610 sats=5 fix=1 utc=1784975293 tx_fw=unknown rx_fw=unknown
PHASE_GUARD 500
PHASE_START 12 HF-FLRC-2600-32 pktSize=32
PHASE_RESULT 12 HF-FLRC-2600-32 pktSize=32 rx=0 unique=0 lost=100 per=100.0 rssi_avg=0 rssi_min=0 crc_err=0 garbage=0 tx_lat=0.00000 tx_lon=0.00000 sats=0 fix=0 utc=0 tx_fw=none rx_fw=unknown
PHASE_GUARD 500
PHASE_START 13 HF-FLRC-2600-64 pktSize=64
SYNC_NOT_FOUND first4=96F26C2B
SYNC_NOT_FOUND first4=90DE2378
SYNC_LOST phase=13 consecutive=3 cached_off=0
SYNC_NOT_FOUND first4=AFF4B65D
PHASE_RESULT 13 HF-FLRC-2600-64 pktSize=64 rx=0 unique=0 lost=100 per=100.0 rssi_avg=0 rssi_min=0 crc_err=0 garbage=3 tx_lat=0.00000 tx_lon=0.00000 sats=0 fix=0 utc=0 tx_fw=none rx_fw=unknown
PHASE_GUARD 500
PHASE_START 14 HF-FLRC-2600-128 pktSize=128
SYNC_NOT_FOUND first4=4B882AA9
SYNC_NOT_FOUND first4=C7C88623
SYNC_NOT_FOUND first4=54EEB0AB
SYNC_NOT_FOUND first4=30198D37
SYNC_NOT_FOUND first4=FD5AC86E
SYNC_NOT_FOUND first4=57787979
SYNC_NOT_FOUND first4=E4534BAC
SYNC_NOT_FOUND first4=9DE19EA9
SYNC_NOT_FOUND first4=B89EA479
PHASE_RESULT 14 HF-FLRC-2600-128 pktSize=128 rx=0 unique=0 lost=100 per=100.0 rssi_avg=0 rssi_min=0 crc_err=0 garbage=9 tx_lat=0.00000 tx_lon=0.00000 sats=0 fix=0 utc=0 tx_fw=none rx_fw=unknown
PHASE_GUARD 500
PHASE_START 15 HF-FLRC-2600-255 pktSize=255
TIME_SYNCED utc=1784975305 offset=1784975133
PHASE_RESULT 15 HF-FLRC-2600-255 pktSize=255 rx=0 unique=0 lost=100 per=100.0 rssi_avg=0 rssi_min=0 crc_err=0 garbage=0 tx_lat=0.00000 tx_lon=0.00000 sats=0 fix=0 utc=0 tx_fw=none rx_fw=unknown
PHASE_GUARD 500
PHASE_START 18 HF-FLRC-1300-128 pktSize=128
SYNC_OFFSET phase=18 off=0 prev=-1
APP_CRC_FAIL exp=81C7 got=DEE6 seq=66 syncOff=0 pSz=128
APP_CRC_FAIL exp=7120 got=3820 seq=71 syncOff=0 pSz=128
APP_CRC_FAIL exp=9FD7 got=EAB5 seq=68 syncOff=0 pSz=128
SYNC_NOT_FOUND first4=35455565
SYNC_NOT_FOUND first4=A57A4224
APP_CRC_FAIL exp=3357 got=46C8 seq=584 syncOff=0 pSz=128
APP_CRC_FAIL exp=999D got=536B seq=74 syncOff=0 pSz=128
SYNC_NOT_FOUND first4=0448B217
PHASE_RESULT 18 HF-FLRC-1300-128 pktSize=128 rx=0 unique=0 lost=100 per=100.0 rssi_avg=-52 rssi_min=-52 crc_err=5 garbage=3 tx_lat=0.00000 tx_lon=0.00000 sats=0 fix=0 utc=0 tx_fw=none rx_fw=unknown
PHASE_GUARD 500
PHASE_START 19 HF-FLRC-1300-255 pktSize=255
SYNC_OFFSET phase=19 off=0 prev=-1
APP_CRC_FAIL exp=3D73 got=1167 seq=7 syncOff=0 pSz=255
APP_CRC_FAIL exp=E4A9 got=5BDF seq=8 syncOff=0 pSz=255
APP_CRC_FAIL exp=4DE1 got=1543 seq=10 syncOff=0 pSz=255
APP_CRC_FAIL exp=9A23 got=E081 seq=3 syncOff=0 pSz=255
SYNC_NOT_FOUND first4=686A0898
APP_CRC_FAIL exp=4AED got=D743 seq=16397 syncOff=0 pSz=255
SYNC_NOT_FOUND first4=B55A4224
SYNC_NOT_FOUND first4=A55A4234
APP_CRC_FAIL exp=5EDD got=222D seq=81 syncOff=0 pSz=255
SYNC_NOT_FOUND first4=A55A42A4
APP_CRC_FAIL exp=AA02 got=301F seq=19 syncOff=0 pSz=255
SYNC_NOT_FOUND first4=A5584224
APP_CRC_FAIL exp=7ADC got=0C5E seq=21 syncOff=0 pSz=255
APP_CRC_FAIL exp=12BB got=E66B seq=54 syncOff=0 pSz=255
SYNC_NOT_FOUND first4=A55A42A4
SYNC_NOT_FOUND first4=A55A4324
APP_CRC_FAIL exp=A326 got=4CAF seq=26 syncOff=0 pSz=255
APP_CRC_FAIL exp=73C8 got=7357 seq=12 syncOff=0 pSz=255
SYNC_NOT_FOUND first4=A51A4224
SYNC_NOT_FOUND first4=A55A4624
SYNC_NOT_FOUND first4=A5584664
SYNC_LOST phase=19 consecutive=3 cached_off=0
SYNC_NOT_FOUND first4=A55A6224
SYNC_NOT_FOUND first4=2B5D8A54
SYNC_OFFSET phase=19 off=0 prev=-1
APP_CRC_FAIL exp=80F3 got=1806 seq=34 syncOff=0 pSz=255
SYNC_NOT_FOUND first4=06FE3840
APP_CRC_FAIL exp=5229 got=72B4 seq=4148 syncOff=0 pSz=255
SYNC_NOT_FOUND first4=A55E4204
SYNC_NOT_FOUND first4=A55A4222
SYNC_NOT_FOUND first4=85584204
SYNC_LOST phase=19 consecutive=3 cached_off=0
SYNC_OFFSET phase=19 off=0 prev=-1
APP_CRC_FAIL exp=EDD1 got=EC04 seq=556 syncOff=0 pSz=255
APP_CRC_FAIL exp=1A13 got=8084 seq=45 syncOff=0 pSz=255
SYNC_NOT_FOUND first4=E658EE45
SYNC_NOT_FOUND first4=A75A4224
APP_CRC_FAIL exp=01B4 got=7CBD seq=53 syncOff=0 pSz=255
SYNC_NOT_FOUND first4=A5564224
SYNC_NOT_FOUND first4=D3A3C638
SYNC_NOT_FOUND first4=A51A4024
SYNC_LOST phase=19 consecutive=3 cached_off=0
SYNC_NOT_FOUND first4=E616519F
SYNC_OFFSET phase=19 off=0 prev=-1
APP_CRC_FAIL exp=0BA4 got=5E0B seq=59 syncOff=0 pSz=255
SYNC_NOT_FOUND first4=62A17565
APP_CRC_FAIL exp=64DF got=C33D seq=63 syncOff=0 pSz=255
SYNC_NOT_FOUND first4=251A4224
SYNC_NOT_FOUND first4=A55A0224
SYNC_NOT_FOUND first4=A56A4224
SYNC_LOST phase=19 consecutive=3 cached_off=0
SYNC_NOT_FOUND first4=A55A4226
SYNC_NOT_FOUND first4=35455565
SYNC_OFFSET phase=19 off=0 prev=-1
APP_CRC_FAIL exp=3CFF got=B578 seq=4167 syncOff=0 pSz=255
SYNC_NOT_FOUND first4=1504F4E4
SYNC_NOT_FOUND first4=4C7C8EE2
PHASE_RESULT 19 HF-FLRC-1300-255 pktSize=255 rx=0 unique=0 lost=100 per=100.0 rssi_avg=-52 rssi_min=-52 crc_err=19 garbage=30 tx_lat=0.00000 tx_lon=0.00000 sats=0 fix=0 utc=0 tx_fw=none rx_fw=unknown
PHASE_GUARD 500
PHASE_START 20 HF-FLRC-650-32 pktSize=32
SYNC_NOT_FOUND first4=A55A4204
SYNC_OFFSET phase=20 off=0 prev=-1
TIME_DIFF gps_utc=1784975301 laptop_utc=1784975308 offset=-7
TIME_CORRECT old_offset=1784975133 new_offset=1784975126 delta=-7
FLRC_RAW32: 165 90 66 36 32 67 116 19 240 59 230 245 5 0 1 197 143 100 106 20 0 10 117 110 107 110 111 119 110 29 110 68
PKT rx=1 seq=10 rssi=-52 phase=20 rx_ms=175208 tx_lat=32.63865 tx_lon=-16.94608 sats=5 fix=1 utc=1784975301 tx_fw=unknown
BER seq=10 bits=8 errs=0 ber=0.00e+00
PHASE_RESULT 20 HF-FLRC-650-32 pktSize=32 rx=1 unique=1 lost=99 per=99.0 rssi_avg=-52 rssi_min=-52 crc_err=0 garbage=1 tx_lat=32.63865 tx_lon=-16.94608 sats=5 fix=1 utc=1784975301 tx_fw=unknown rx_fw=unknown
PHASE_GUARD 500
PHASE_START 16 HF-FLRC-1300-32 pktSize=32
PHASE_RESULT 16 HF-FLRC-1300-32 pktSize=32 rx=0 unique=0 lost=100 per=100.0 rssi_avg=0 rssi_min=0 crc_err=0 garbage=0 tx_lat=0.00000 tx_lon=0.00000 sats=0 fix=0 utc=0 tx_fw=none rx_fw=unknown
PHASE_GUARD 500
PHASE_START 17 HF-FLRC-1300-64 pktSize=64
SYNC_NOT_FOUND first4=F6173C4C
SYNC_NOT_FOUND first4=BC2A5609
SYNC_NOT_FOUND first4=24A4C5BB
SYNC_NOT_FOUND first4=A31C31A3
SYNC_NOT_FOUND first4=A4158AEE
PHASE_RESULT 17 HF-FLRC-1300-64 pktSize=64 rx=0 unique=0 lost=100 per=100.0 rssi_avg=0 rssi_min=0 crc_err=0 garbage=5 tx_lat=0.00000 tx_lon=0.00000 sats=0 fix=0 utc=0 tx_fw=none rx_fw=unknown
PHASE_GUARD 500
PHASE_START 18 HF-FLRC-1300-128 pktSize=128
SYNC_NOT_FOUND first4=37F36331
SYNC_NOT_FOUND first4=6BF982AF
SYNC_LOST phase=18 consecutive=3 cached_off=0
PHASE_RESULT 18 HF-FLRC-1300-128 pktSize=128 rx=0 unique=0 lost=100 per=100.0 rssi_avg=0 rssi_min=0 crc_err=0 garbage=2 tx_lat=0.00000 tx_lon=0.00000 sats=0 fix=0 utc=0 tx_fw=none rx_fw=unknown
PHASE_GUARD 500
PHASE_START 19 HF-FLRC-1300-255 pktSize=255
SYNC_NOT_FOUND first4=2D099506
SYNC_LOST phase=19 consecutive=3 cached_off=0
SYNC_NOT_FOUND first4=576F6DA6
SYNC_NOT_FOUND first4=C735702A
SYNC_NOT_FOUND first4=B4A41AE3
SYNC_NOT_FOUND first4=FF0787D6
SYNC_NOT_FOUND first4=A91CA7CB
SYNC_NOT_FOUND first4=E36E8506
SYNC_NOT_FOUND first4=7709C9B0
SYNC_NOT_FOUND first4=E23ABCB3
PHASE_RESULT 19 HF-FLRC-1300-255 pktSize=255 rx=0 unique=0 lost=100 per=100.0 rssi_avg=0 rssi_min=0 crc_err=0 garbage=9 tx_lat=0.00000 tx_lon=0.00000 sats=0 fix=0 utc=0 tx_fw=none rx_fw=unknown
PHASE_GUARD 500
PHASE_START 20 HF-FLRC-650-32 pktSize=32
APP_CRC_FAIL exp=1E1F got=BB57 seq=58 syncOff=0 pSz=32
SYNC_NOT_FOUND first4=95A57565
SYNC_NOT_FOUND first4=D03CE6F5
SYNC_NOT_FOUND first4=93C3774A
SYNC_LOST phase=20 consecutive=3 cached_off=0
SYNC_NOT_FOUND first4=6B6E6F77
SYNC_NOT_FOUND first4=627983B9
SYNC_OFFSET phase=20 off=0 prev=-1
APP_CRC_FAIL exp=1E1F got=4FF0 seq=63 syncOff=0 pSz=32
APP_CRC_FAIL exp=1E1F got=40E3 seq=64 syncOff=0 pSz=32
SYNC_NOT_FOUND first4=95957565
SYNC_NOT_FOUND first4=D03CE6F5
SYNC_NOT_FOUND first4=B828CDBD
SYNC_LOST phase=20 consecutive=3 cached_off=0
SYNC_NOT_FOUND first4=6B6E6F77
SYNC_NOT_FOUND first4=6A7A8A9A
SYNC_OFFSET phase=20 off=0 prev=-1
APP_CRC_FAIL exp=1E1F got=DC0C seq=68 syncOff=0 pSz=32
SYNC_NOT_FOUND first4=1504F4E4
SYNC_NOT_FOUND first4=C03CE6F5
SYNC_NOT_FOUND first4=94847464
SYNC_LOST phase=20 consecutive=3 cached_off=0
SYNC_NOT_FOUND first4=6B6E6F77
SYNC_NOT_FOUND first4=1504F4E4
SYNC_NOT_FOUND first4=EEFF0F1F
SYNC_NOT_FOUND first4=03734524
SYNC_NOT_FOUND first4=6B6E6F77
SYNC_OFFSET phase=20 off=0 prev=-1
APP_CRC_FAIL exp=1E1F got=7EFC seq=72 syncOff=0 pSz=32
SYNC_NOT_FOUND first4=74767072
SYNC_NOT_FOUND first4=1403F3E3
SYNC_NOT_FOUND first4=2297B59A
SYNC_LOST phase=20 consecutive=3 cached_off=0
SYNC_NOT_FOUND first4=1504F4E4
SYNC_NOT_FOUND first4=EEFF0F1F
SYNC_NOT_FOUND first4=8F646A17
SYNC_NOT_FOUND first4=D7468350
SYNC_NOT_FOUND first4=7DDD7BAE
SYNC_NOT_FOUND first4=4C4D58FB
PHASE_RESULT 20 HF-FLRC-650-32 pktSize=32 rx=0 unique=0 lost=100 per=100.0 rssi_avg=-52 rssi_min=-52 crc_err=5 garbage=27 tx_lat=0.00000 tx_lon=0.00000 sats=0 fix=0 utc=0 tx_fw=none rx_fw=unknown
PHASE_GUARD 500
PHASE_START 21 HF-FLRC-650-64 pktSize=64
SYNC_NOT_FOUND first4=BC29840A
SYNC_NOT_FOUND first4=3772438B
SYNC_NOT_FOUND first4=E6FB0EB1
SYNC_NOT_FOUND first4=8DBF9856
SYNC_NOT_FOUND first4=E16F9242
SYNC_NOT_FOUND first4=FA8A447C
SYNC_NOT_FOUND first4=96689E86
SYNC_NOT_FOUND first4=21007F2D
SYNC_NOT_FOUND first4=D7A5C53B
SYNC_NOT_FOUND first4=F474661F
SYNC_NOT_FOUND first4=015874E5
SYNC_NOT_FOUND first4=9D31AFC6
SYNC_NOT_FOUND first4=C8D3EC42
SYNC_NOT_FOUND first4=3B412B6F
SYNC_NOT_FOUND first4=C33FFF3F
SYNC_NOT_FOUND first4=0C3598BD
SYNC_NOT_FOUND first4=C7933C64
SYNC_NOT_FOUND first4=CD8E6603
SYNC_NOT_FOUND first4=38D67046
SYNC_NOT_FOUND first4=551AD04D
PHASE_RESULT 21 HF-FLRC-650-64 pktSize=64 rx=0 unique=0 lost=100 per=100.0 rssi_avg=0 rssi_min=0 crc_err=0 garbage=20 tx_lat=0.00000 tx_lon=0.00000 sats=0 fix=0 utc=0 tx_fw=none rx_fw=unknown
PHASE_GUARD 500
PHASE_START 22 HF-FLRC-650-128 pktSize=128
SYNC_NOT_FOUND first4=7A6A6D6A
SYNC_NOT_FOUND first4=8AE62C42
SYNC_NOT_FOUND first4=507CE104
SYNC_NOT_FOUND first4=D6F91A5E
SYNC_NOT_FOUND first4=B0417BA7
SYNC_NOT_FOUND first4=F06EC3B5
SYNC_NOT_FOUND first4=F670D304
SYNC_NOT_FOUND first4=F62C5A76
SYNC_NOT_FOUND first4=F0A61755
SYNC_NOT_FOUND first4=75DC242D
SYNC_NOT_FOUND first4=3EBC3E9B
SYNC_NOT_FOUND first4=6B1F71A4
SYNC_NOT_FOUND first4=A70322AB
SYNC_NOT_FOUND first4=DFC5F055
SYNC_NOT_FOUND first4=3D496F86
SYNC_NOT_FOUND first4=344B568D
SYNC_NOT_FOUND first4=CA4D8662
SYNC_NOT_FOUND first4=DC7348D9
PHASE_RESULT 22 HF-FLRC-650-128 pktSize=128 rx=0 unique=0 lost=100 per=100.0 rssi_avg=0 rssi_min=0 crc_err=0 garbage=18 tx_lat=0.00000 tx_lon=0.00000 sats=0 fix=0 utc=0 tx_fw=none rx_fw=unknown
PHASE_GUARD 500
PHASE_START 23 HF-FLRC-650-255 pktSize=255
SYNC_NOT_FOUND first4=E6935B0C
SYNC_NOT_FOUND first4=55C017EE
SYNC_NOT_FOUND first4=AF81C0EE
SYNC_NOT_FOUND first4=EC5510F5
SYNC_NOT_FOUND first4=E10F4FC1
SYNC_NOT_FOUND first4=1D5134BE
SYNC_NOT_FOUND first4=C046273B
SYNC_NOT_FOUND first4=7849AB96
SYNC_NOT_FOUND first4=5C3AF560
SYNC_NOT_FOUND first4=60AF8FB6
SYNC_NOT_FOUND first4=F1412EE8
SYNC_NOT_FOUND first4=E67CA940
SYNC_NOT_FOUND first4=A793266D
SYNC_NOT_FOUND first4=78666878
SYNC_NOT_FOUND first4=6D62EF69
SYNC_NOT_FOUND first4=E7C53A04
SYNC_NOT_FOUND first4=4BD78B01
PHASE_RESULT 23 HF-FLRC-650-255 pktSize=255 rx=0 unique=0 lost=100 per=100.0 rssi_avg=0 rssi_min=0 crc_err=0 garbage=17 tx_lat=0.00000 tx_lon=0.00000 sats=0 fix=0 utc=0 tx_fw=none rx_fw=unknown
PHASE_GUARD 500
PHASE_START 24 HF-FLRC-325-32 pktSize=32
SYNC_NOT_FOUND first4=95857565
SYNC_OFFSET phase=24 off=0 prev=-1
APP_CRC_FAIL exp=1E1F got=8C89 seq=59 syncOff=0 pSz=32
SYNC_NOT_FOUND first4=95857565
SYNC_NOT_FOUND first4=F03AE6F5
SYNC_NOT_FOUND first4=6F7F8F9F
SYNC_LOST phase=24 consecutive=3 cached_off=0
SYNC_NOT_FOUND first4=6B6E6F77
SYNC_OFFSET phase=24 off=0 prev=-1
APP_CRC_FAIL exp=1E1F got=FB45 seq=62 syncOff=0 pSz=32
APP_CRC_FAIL exp=1E1F got=1066 seq=63 syncOff=0 pSz=32
SYNC_NOT_FOUND first4=62788A9A
SYNC_NOT_FOUND first4=6E7E8E9E
SYNC_NOT_FOUND first4=31409B5F
SYNC_LOST phase=24 consecutive=3 cached_off=0
SYNC_OFFSET phase=24 off=0 prev=-1
APP_CRC_FAIL exp=1E1F got=23E9 seq=64 syncOff=0 pSz=32
SYNC_NOT_FOUND first4=6A7A8A9A
SYNC_NOT_FOUND first4=F03AE6F5
SYNC_NOT_FOUND first4=1403F3E3
SYNC_LOST phase=24 consecutive=3 cached_off=0
SYNC_NOT_FOUND first4=CE8CAA8B
SYNC_OFFSET phase=24 off=0 prev=-1
APP_CRC_FAIL exp=1E1F got=0EAD seq=67 syncOff=0 pSz=32
APP_CRC_FAIL exp=1E1F got=BF06 seq=68 syncOff=0 pSz=32
SYNC_NOT_FOUND first4=91A47565
APP_CRC_FAIL exp=1E1F got=26B7 seq=69 syncOff=0 pSz=32
APP_CRC_FAIL exp=1E1F got=0BF3 seq=70 syncOff=0 pSz=32
SYNC_NOT_FOUND first4=95857565
APP_CRC_FAIL exp=1E1F got=E0D0 seq=71 syncOff=0 pSz=32
SYNC_NOT_FOUND first4=9585779A
APP_CRC_FAIL exp=1E1F got=7884 seq=72 syncOff=0 pSz=32
SYNC_NOT_FOUND first4=1504F4E4
APP_CRC_FAIL exp=1E1F got=93A7 seq=73 syncOff=0 pSz=32
SYNC_NOT_FOUND first4=1504F4E4
APP_CRC_FAIL exp=1E1F got=628D seq=74 syncOff=0 pSz=32
SYNC_NOT_FOUND first4=9D9E8A98
SYNC_NOT_FOUND first4=E9804CAF
PHASE_RESULT 24 HF-FLRC-325-32 pktSize=32 rx=0 unique=0 lost=100 per=100.0 rssi_avg=-51 rssi_min=-52 crc_err=12 garbage=19 tx_lat=0.00000 tx_lon=0.00000 sats=0 fix=0 utc=0 tx_fw=none rx_fw=unknown
PHASE_GUARD 500
PHASE_START 25 HF-FLRC-325-64 pktSize=64
SYNC_NOT_FOUND first4=7FBB1573
SYNC_NOT_FOUND first4=E383F777
PHASE_RESULT 25 HF-FLRC-325-64 pktSize=64 rx=0 unique=0 lost=100 per=100.0 rssi_avg=0 rssi_min=0 crc_err=0 garbage=2 tx_lat=0.00000 tx_lon=0.00000 sats=0 fix=0 utc=0 tx_fw=none rx_fw=unknown
PHASE_GUARD 500
PHASE_START 26 HF-FLRC-325-128 pktSize=128
SYNC_NOT_FOUND first4=04D61555
SYNC_NOT_FOUND first4=27C006C2
SYNC_NOT_FOUND first4=F615AA02
SYNC_NOT_FOUND first4=7F9EC5BA
SYNC_NOT_FOUND first4=3EBE6B4D
PHASE_RESULT 26 HF-FLRC-325-128 pktSize=128 rx=0 unique=0 lost=100 per=100.0 rssi_avg=0 rssi_min=0 crc_err=0 garbage=5 tx_lat=0.00000 tx_lon=0.00000 sats=0 fix=0 utc=0 tx_fw=none rx_fw=unknown
PHASE_GUARD 500
PHASE_START 27 HF-FLRC-325-255 pktSize=255
SYNC_NOT_FOUND first4=DB188CBE
SYNC_NOT_FOUND first4=CAC9E138
SYNC_NOT_FOUND first4=8AA21EEA
PHASE_RESULT 27 HF-FLRC-325-255 pktSize=255 rx=0 unique=0 lost=100 per=100.0 rssi_avg=0 rssi_min=0 crc_err=0 garbage=3 tx_lat=0.00000 tx_lon=0.00000 sats=0 fix=0 utc=0 tx_fw=none rx_fw=unknown
PHASE_GUARD 500
LORA_CFG path=0 bw=0x05 sf=7
PHASE_START 28 LF-LoRa-SF7-32 pktSize=32
APP_CRC_FAIL exp=1E1F got=A99A seq=7 syncOff=0 pSz=32
APP_CRC_FAIL exp=1E1F got=AD8C seq=8 syncOff=0 pSz=32
APP_CRC_FAIL exp=1E1F got=FBE9 seq=9 syncOff=0 pSz=32
SYNC_NOT_FOUND first4=12759811
APP_CRC_FAIL exp=1E1F got=0146 seq=10 syncOff=0 pSz=32
APP_CRC_FAIL exp=1E1F got=7FD0 seq=11 syncOff=0 pSz=32
PHASE_RESULT 28 LF-LoRa-SF7-32 pktSize=32 rx=0 unique=0 lost=20 per=100.0 rssi_avg=-30 rssi_min=-30 crc_err=5 garbage=1 tx_lat=0.00000 tx_lon=0.00000 sats=0 fix=0 utc=0 tx_fw=none rx_fw=unknown
PHASE_GUARD 500
LORA_CFG path=0 bw=0x05 sf=7
PHASE_START 29 LF-LoRa-SF7-64 pktSize=64
SYNC_NOT_FOUND first4=8752EBD3
APP_CRC_FAIL exp=3E3F got=13FC seq=1 syncOff=0 pSz=64
SYNC_NOT_FOUND first4=8793BCD2
SYNC_NOT_FOUND first4=AFAEF167
APP_CRC_FAIL exp=3E3F got=525C seq=2 syncOff=0 pSz=64
SYNC_NOT_FOUND first4=8752BCD3
SYNC_NOT_FOUND first4=CCF8BD2E
APP_CRC_FAIL exp=3E3F got=6527 seq=3 syncOff=0 pSz=64
SYNC_NOT_FOUND first4=AE43CAEB
SYNC_NOT_FOUND first4=8792BCD2
APP_CRC_FAIL exp=3E3F got=5B6D seq=4 syncOff=0 pSz=64
SYNC_NOT_FOUND first4=3D03F4F0
PHASE_RESULT 29 LF-LoRa-SF7-64 pktSize=64 rx=0 unique=0 lost=20 per=100.0 rssi_avg=-30 rssi_min=-30 crc_err=4 garbage=8 tx_lat=0.00000 tx_lon=0.00000 sats=0 fix=0 utc=0 tx_fw=none rx_fw=unknown
PHASE_GUARD 500
LORA_CFG path=0 bw=0x05 sf=7
PHASE_START 30 LF-LoRa-SF7-128 pktSize=128
SYNC_NOT_FOUND first4=57F5941B
APP_CRC_FAIL exp=7E7F got=C6DA seq=6 syncOff=0 pSz=128
PHASE_RESULT 30 LF-LoRa-SF7-128 pktSize=128 rx=0 unique=0 lost=13 per=100.0 rssi_avg=-30 rssi_min=-30 crc_err=1 garbage=1 tx_lat=0.00000 tx_lon=0.00000 sats=0 fix=0 utc=0 tx_fw=none rx_fw=unknown
PHASE_GUARD 500
LORA_CFG path=0 bw=0x05 sf=7
PHASE_START 31 LF-LoRa-SF7-255 pktSize=255
PHASE_RESULT 31 LF-LoRa-SF7-255 pktSize=255 rx=0 unique=0 lost=7 per=100.0 rssi_avg=0 rssi_min=0 crc_err=0 garbage=0 tx_lat=0.00000 tx_lon=0.00000 sats=0 fix=0 utc=0 tx_fw=none rx_fw=unknown
PHASE_GUARD 500
LORA_CFG path=0 bw=0x05 sf=9
PHASE_START 32 LF-LoRa-SF9-32 pktSize=32
TIME_STATS min=-8000ms max=-7000ms avg=-7200ms corrections=5
APP_CRC_FAIL exp=1E1F got=12CD seq=0 syncOff=0 pSz=32
SYNC_NOT_FOUND first4=FD390B44
APP_CRC_FAIL exp=1E1F got=229D seq=0 syncOff=0 pSz=32
SYNC_NOT_FOUND first4=FD393B44
PHASE_RESULT 32 LF-LoRa-SF9-32 pktSize=32 rx=0 unique=0 lost=7 per=100.0 rssi_avg=-27 rssi_min=-30 crc_err=2 garbage=2 tx_lat=0.00000 tx_lon=0.00000 sats=0 fix=0 utc=0 tx_fw=none rx_fw=unknown
PHASE_GUARD 500
LORA_CFG path=0 bw=0x05 sf=9
PHASE_START 33 LF-LoRa-SF9-64 pktSize=64
=== END Sat Jul 25 10:29:09 AM UTC 2026 ===
