# rx_capture segment start 2026-07-26T10:39:40.680317+00:00
# rotation=1800s
2026-07-26T10:39:40.680370+00:00 TIME_SYNCED utc=1785062379 offset=1785033573
2026-07-26T10:39:45.896660+00:00 TIME_STATS min=-2000ms max=1000ms avg=-89ms corrections=0
2026-07-26T10:39:47.958993+00:00 TIME_SYNCED utc=1785062387 offset=1785033573
2026-07-26T10:39:50.021070+00:00 SYNC_NOT_FOUND first4=E5CEC4BE
2026-07-26T10:39:51.026678+00:00 TIME_SYNCED utc=1785062390 offset=1785033574
2026-07-26T10:39:58.345291+00:00 TIME_SYNCED utc=1785062397 offset=1785033573
2026-07-26T10:39:59.357075+00:00 SYNC_NOT_FOUND first4=77F93460
2026-07-26T10:40:00.368538+00:00 PHASE_RESULT 55 LF-FLRC-325-255 pktSize=255 rx=1373 unique=75 lost=25 per=25.0 rssi_avg=-32 rssi_min=-40 crc_err=25288 garbage=3598 tx_lat=0.00000 tx_lon=0.00000 sats=0 fix=0 utc=1785058573 tx_fw=unknown rx_fw=unknown
PHASE_GUARD 500
LORA_CFG path=1 bw=0x0F sf=7
2026-07-26T10:40:01.373350+00:00 PHASE_START 0 HF-LoRa-SF7-32 pktSize=32
TIME_SYNCED utc=1785062400 offset=1785033573
2026-07-26T10:40:02.384486+00:00 PHASE_RESULT 0 HF-LoRa-SF7-32 pktSize=32 rx=0 unique=0 lost=20 per=100.0 rssi_avg=0 rssi_min=0 crc_err=0 garbage=0 tx_lat=0.00000 tx_lon=0.00000 sats=0 fix=0 utc=0 tx_fw=none rx_fw=unknown
PHASE_GUARD 500
LORA_CFG path=1 bw=0x0F sf=7
PHASE_START 1 HF-LoRa-SF7-64 pktSize=64
2026-07-26T10:40:04.445579+00:00 PHASE_RESULT 1 HF-LoRa-SF7-64 pktSize=64 rx=0 unique=0 lost=20 per=100.0 rssi_avg=0 rssi_min=0 crc_err=0 garbage=0 tx_lat=0.00000 tx_lon=0.00000 sats=0 fix=0 utc=0 tx_fw=none rx_fw=unknown
PHASE_GUARD 500
LORA_CFG path=1 bw=0x0F sf=7
PHASE_START 2 HF-LoRa-SF7-128 pktSize=128
2026-07-26T10:40:06.507619+00:00 PHASE_RESULT 2 HF-LoRa-SF7-128 pktSize=128 rx=0 unique=0 lost=20 per=100.0 rssi_avg=0 rssi_min=0 crc_err=0 garbage=0 tx_lat=0.00000 tx_lon=0.00000 sats=0 fix=0 utc=0 tx_fw=none rx_fw=unknown
PHASE_GUARD 500
LORA_CFG path=1 bw=0x0F sf=7
PHASE_START 3 HF-LoRa-SF7-255 pktSize=255
2026-07-26T10:40:08.572499+00:00 TIME_SYNCED utc=1785062407 offset=1785033573
2026-07-26T10:40:09.585743+00:00 PHASE_RESULT 3 HF-LoRa-SF7-255 pktSize=255 rx=0 unique=0 lost=20 per=100.0 rssi_avg=0 rssi_min=0 crc_err=0 garbage=0 tx_lat=0.00000 tx_lon=0.00000 sats=0 fix=0 utc=0 tx_fw=none rx_fw=unknown
PHASE_GUARD 500
LORA_CFG path=1 bw=0x0F sf=9
PHASE_START 4 HF-LoRa-SF9-32 pktSize=32
2026-07-26T10:40:11.648683+00:00 TIME_SYNCED utc=1785062410 offset=1785033573
PHASE_RESULT 4 HF-LoRa-SF9-32 pktSize=32 rx=0 unique=0 lost=20 per=100.0 rssi_avg=0 rssi_min=0 crc_err=0 garbage=0 tx_lat=0.00000 tx_lon=0.00000 sats=0 fix=0 utc=0 tx_fw=none rx_fw=unknown
PHASE_GUARD 500
LORA_CFG path=1 bw=0x0F sf=9
PHASE_START 5 HF-LoRa-SF9-64 pktSize=64
2026-07-26T10:40:14.762281+00:00 PHASE_RESULT 5 HF-LoRa-SF9-64 pktSize=64 rx=0 unique=0 lost=20 per=100.0 rssi_avg=0 rssi_min=0 crc_err=0 garbage=0 tx_lat=0.00000 tx_lon=0.00000 sats=0 fix=0 utc=0 tx_fw=none rx_fw=unknown
PHASE_GUARD 500
LORA_CFG path=1 bw=0x0F sf=9
PHASE_START 6 HF-LoRa-SF9-128 pktSize=128
2026-07-26T10:40:17.874869+00:00 TIME_SYNCED utc=1785062417 offset=1785033573
2026-07-26T10:40:18.886188+00:00 PHASE_RESULT 6 HF-LoRa-SF9-128 pktSize=128 rx=0 unique=0 lost=13 per=100.0 rssi_avg=0 rssi_min=0 crc_err=0 garbage=0 tx_lat=0.00000 tx_lon=0.00000 sats=0 fix=0 utc=0 tx_fw=none rx_fw=unknown
PHASE_GUARD 500
LORA_CFG path=1 bw=0x0F sf=9
PHASE_START 7 HF-LoRa-SF9-255 pktSize=255
2026-07-26T10:40:21.999250+00:00 TIME_SYNCED utc=1785062420 offset=1785033573
PHASE_RESULT 7 HF-LoRa-SF9-255 pktSize=255 rx=0 unique=0 lost=6 per=100.0 rssi_avg=0 rssi_min=0 crc_err=0 garbage=0 tx_lat=0.00000 tx_lon=0.00000 sats=0 fix=0 utc=0 tx_fw=none rx_fw=unknown
PHASE_GUARD 500
LORA_CFG path=1 bw=0x0F sf=12
PHASE_START 8 HF-LoRa-SF12-32 pktSize=32
2026-07-26T10:40:25.105555+00:00 PHASE_RESULT 8 HF-LoRa-SF12-32 pktSize=32 rx=0 unique=0 lost=2 per=100.0 rssi_avg=0 rssi_min=0 crc_err=0 garbage=0 tx_lat=0.00000 tx_lon=0.00000 sats=0 fix=0 utc=0 tx_fw=none rx_fw=unknown
PHASE_GUARD 500
LORA_CFG path=1 bw=0x0F sf=12
PHASE_START 9 HF-LoRa-SF12-64 pktSize=64
2026-07-26T10:40:28.225403+00:00 PHASE_RESULT 9 HF-LoRa-SF12-64 pktSize=64 rx=0 unique=0 lost=1 per=100.0 rssi_avg=0 rssi_min=0 crc_err=0 garbage=0 tx_lat=0.00000 tx_lon=0.00000 sats=0 fix=0 utc=0 tx_fw=none rx_fw=unknown
PHASE_GUARD 500
LORA_CFG path=1 bw=0x0F sf=12
PHASE_START 10 HF-LoRa-SF12-128 pktSize=128
TIME_SYNCED utc=1785062427 offset=1785033573
2026-07-26T10:40:32.394153+00:00 TIME_SYNCED utc=1785062431 offset=1785033573
PHASE_RESULT 10 HF-LoRa-SF12-128 pktSize=128 rx=0 unique=0 lost=1 per=100.0 rssi_avg=0 rssi_min=0 crc_err=0 garbage=0 tx_lat=0.00000 tx_lon=0.00000 sats=0 fix=0 utc=0 tx_fw=none rx_fw=unknown
PHASE_GUARD 500
LORA_CFG path=1 bw=0x0F sf=12
PHASE_START 11 HF-LoRa-SF12-255 pktSize=255
2026-07-26T10:40:37.610619+00:00 TIME_SYNCED utc=1785062437 offset=1785033573
2026-07-26T10:40:42.826253+00:00 TIME_SYNCED utc=1785062441 offset=1785033573
PHASE_RESULT 11 HF-LoRa-SF12-255 pktSize=255 rx=0 unique=0 lost=1 per=100.0 rssi_avg=0 rssi_min=0 crc_err=0 garbage=0 tx_lat=0.00000 tx_lon=0.00000 sats=0 fix=0 utc=0 tx_fw=none rx_fw=unknown
PHASE_GUARD 500
PHASE_START 12 HF-FLRC-2600-32 pktSize=32
SYNC_NOT_FOUND first4=503A10B1
SYNC_NOT_FOUND first4=40EFC2AF
SYNC_NOT_FOUND first4=1B860B67
SYNC_NOT_FOUND first4=38973A3D
2026-07-26T10:40:43.837092+00:00 SYNC_NOT_FOUND first4=6C23F50E
SYNC_NOT_FOUND first4=388EFF39
SYNC_NOT_FOUND first4=BB36E7C8
SYNC_NOT_FOUND first4=C5CEAE4C
SYNC_NOT_FOUND first4=E6BEDE0E
SYNC_NOT_FOUND first4=F3CD49FD
SYNC_NOT_FOUND first4=51B42960
2026-07-26T10:40:44.851200+00:00 PHASE_RESULT 12 HF-FLRC-2600-32 pktSize=32 rx=0 unique=0 lost=100 per=100.0 rssi_avg=0 rssi_min=0 crc_err=0 garbage=11 tx_lat=0.00000 tx_lon=0.00000 sats=0 fix=0 utc=0 tx_fw=none rx_fw=unknown
PHASE_GUARD 500
PHASE_START 13 HF-FLRC-2600-64 pktSize=64
SYNC_NOT_FOUND first4=238813B8
SYNC_NOT_FOUND first4=12385BB7
SYNC_NOT_FOUND first4=F24B550C
SYNC_LOST phase=13 consecutive=3 cached_off=0
SYNC_NOT_FOUND first4=9758FEA2
SYNC_NOT_FOUND first4=91D0AF89
SYNC_NOT_FOUND first4=FE655AC0
SYNC_NOT_FOUND first4=9C600D0C
2026-07-26T10:40:45.854771+00:00 SYNC_NOT_FOUND first4=6C0AED22
SYNC_NOT_FOUND first4=EF9EA47A
SYNC_NOT_FOUND first4=9B1A80C1
SYNC_NOT_FOUND first4=F9900D0C
SYNC_NOT_FOUND first4=EC9C34F0
SYNC_NOT_FOUND first4=A4D4BBA4
SYNC_NOT_FOUND first4=1526EB9D
SYNC_NOT_FOUND first4=D841424A
2026-07-26T10:40:46.858037+00:00 TIME_STATS min=-2000ms max=1000ms avg=-89ms corrections=0
SYNC_NOT_FOUND first4=B1002BDE
SYNC_NOT_FOUND first4=3B27D516
SYNC_NOT_FOUND first4=E92F5D96
PHASE_RESULT 13 HF-FLRC-2600-64 pktSize=64 rx=0 unique=0 lost=100 per=100.0 rssi_avg=0 rssi_min=0 crc_err=0 garbage=18 tx_lat=0.00000 tx_lon=0.00000 sats=0 fix=0 utc=0 tx_fw=none rx_fw=unknown
PHASE_GUARD 500
PHASE_START 14 HF-FLRC-2600-128 pktSize=128
SYNC_NOT_FOUND first4=3C98F74B
SYNC_NOT_FOUND first4=1263F0E4
SYNC_NOT_FOUND first4=9D66D9FF
SYNC_LOST phase=14 consecutive=3 cached_off=0
SYNC_NOT_FOUND first4=881550E6
SYNC_NOT_FOUND first4=7FCB26F0
SYNC_NOT_FOUND first4=826107FE
SYNC_NOT_FOUND first4=10F6C8F8
2026-07-26T10:40:47.862225+00:00 SYNC_NOT_FOUND first4=73B3FDE7
SYNC_NOT_FOUND first4=59458C93
SYNC_NOT_FOUND first4=06E1C224
SYNC_NOT_FOUND first4=6CC198EA
SYNC_NOT_FOUND first4=AC98F9DF
SYNC_NOT_FOUND first4=4BCBD689
SYNC_NOT_FOUND first4=32D2AD9F
SYNC_NOT_FOUND first4=3C667B60
SYNC_NOT_FOUND first4=29D6A1C0
TIME_SYNCED utc=1785062447 offset=1785033573
2026-07-26T10:40:48.873642+00:00 SYNC_NOT_FOUND first4=A6C5CD20
PHASE_RESULT 14 HF-FLRC-2600-128 pktSize=128 rx=0 unique=0 lost=100 per=100.0 rssi_avg=0 rssi_min=0 crc_err=0 garbage=17 tx_lat=0.00000 tx_lon=0.00000 sats=0 fix=0 utc=0 tx_fw=none rx_fw=unknown
PHASE_GUARD 500
PHASE_START 15 HF-FLRC-2600-255 pktSize=255
SYNC_NOT_FOUND first4=A0CAEABF
SYNC_NOT_FOUND first4=514237F9
2026-07-26T10:40:49.877729+00:00 SYNC_NOT_FOUND first4=BE800088
SYNC_NOT_FOUND first4=CC1CF32B
SYNC_NOT_FOUND first4=DDADB7FD
SYNC_NOT_FOUND first4=755EC17E
SYNC_NOT_FOUND first4=3F02673A
SYNC_NOT_FOUND first4=8EF1B32B
2026-07-26T10:40:50.888006+00:00 PHASE_RESULT 15 HF-FLRC-2600-255 pktSize=255 rx=0 unique=0 lost=100 per=100.0 rssi_avg=0 rssi_min=0 crc_err=0 garbage=8 tx_lat=0.00000 tx_lon=0.00000 sats=0 fix=0 utc=0 tx_fw=none rx_fw=unknown
PHASE_GUARD 500
PHASE_START 16 HF-FLRC-1300-32 pktSize=32
SYNC_NOT_FOUND first4=012259AF
SYNC_NOT_FOUND first4=C8892308
SYNC_NOT_FOUND first4=7B9D8C7B
SYNC_LOST phase=16 consecutive=3 cached_off=0
SYNC_NOT_FOUND first4=29960FF4
2026-07-26T10:40:51.900636+00:00 SYNC_NOT_FOUND first4=95713679
SYNC_NOT_FOUND first4=82D2C975
SYNC_NOT_FOUND first4=58DC357E
2026-07-26T10:40:52.912532+00:00 TIME_SYNCED utc=1785062451 offset=1785033573
PHASE_RESULT 16 HF-FLRC-1300-32 pktSize=32 rx=0 unique=0 lost=100 per=100.0 rssi_avg=0 rssi_min=0 crc_err=0 garbage=7 tx_lat=0.00000 tx_lon=0.00000 sats=0 fix=0 utc=0 tx_fw=none rx_fw=unknown
PHASE_GUARD 500
PHASE_START 17 HF-FLRC-1300-64 pktSize=64
SYNC_NOT_FOUND first4=0C294F65
SYNC_NOT_FOUND first4=DAD11CE4
SYNC_NOT_FOUND first4=6A2A1F76
SYNC_LOST phase=17 consecutive=3 cached_off=0
SYNC_NOT_FOUND first4=4113C775
2026-07-26T10:40:53.916515+00:00 SYNC_NOT_FOUND first4=E96E2321
2026-07-26T10:40:54.929457+00:00 SYNC_NOT_FOUND first4=2133DB3C
PHASE_RESULT 17 HF-FLRC-1300-64 pktSize=64 rx=0 unique=0 lost=100 per=100.0 rssi_avg=0 rssi_min=0 crc_err=0 garbage=6 tx_lat=0.00000 tx_lon=0.00000 sats=0 fix=0 utc=0 tx_fw=none rx_fw=unknown
PHASE_GUARD 500
PHASE_START 18 HF-FLRC-1300-128 pktSize=128
SYNC_NOT_FOUND first4=154FD2A0
SYNC_NOT_FOUND first4=B8B26C11
SYNC_LOST phase=18 consecutive=3 cached_off=0
2026-07-26T10:40:55.941213+00:00 SYNC_NOT_FOUND first4=CF9B5EF9
2026-07-26T10:40:56.952216+00:00 PHASE_RESULT 18 HF-FLRC-1300-128 pktSize=128 rx=0 unique=0 lost=100 per=100.0 rssi_avg=0 rssi_min=0 crc_err=0 garbage=3 tx_lat=0.00000 tx_lon=0.00000 sats=0 fix=0 utc=0 tx_fw=none rx_fw=unknown
PHASE_GUARD 500
PHASE_START 19 HF-FLRC-1300-255 pktSize=255
SYNC_NOT_FOUND first4=907146C2
SYNC_NOT_FOUND first4=DC05BB57
SYNC_LOST phase=19 consecutive=3 cached_off=1
SYNC_NOT_FOUND first4=76714B27
SYNC_NOT_FOUND first4=798DFE14
SYNC_NOT_FOUND first4=69617F38
2026-07-26T10:40:57.963372+00:00 TIME_SYNCED utc=1785062457 offset=1785033573
2026-07-26T10:40:58.980501+00:00 SYNC_NOT_FOUND first4=594A4B16
SYNC_NOT_FOUND first4=85E46D05
PHASE_RESULT 19 HF-FLRC-1300-255 pktSize=255 rx=0 unique=0 lost=100 per=100.0 rssi_avg=0 rssi_min=0 crc_err=0 garbage=7 tx_lat=0.00000 tx_lon=0.00000 sats=0 fix=0 utc=0 tx_fw=none rx_fw=unknown
PHASE_GUARD 500
PHASE_START 20 HF-FLRC-650-32 pktSize=32
SYNC_NOT_FOUND first4=36641D3C
SYNC_NOT_FOUND first4=A7E2E029
SYNC_NOT_FOUND first4=F8853A82
SYNC_NOT_FOUND first4=7F53773B
SYNC_NOT_FOUND first4=6864C466
SYNC_NOT_FOUND first4=A631267F
2026-07-26T10:40:59.984295+00:00 SYNC_NOT_FOUND first4=9733FA6B
SYNC_NOT_FOUND first4=FC7C811A
SYNC_NOT_FOUND first4=E2B79868
SYNC_NOT_FOUND first4=E23219C3
SYNC_NOT_FOUND first4=A8DE610D
SYNC_NOT_FOUND first4=6167A182
SYNC_NOT_FOUND first4=426FBD84
SYNC_NOT_FOUND first4=3DFCAEA7
SYNC_NOT_FOUND first4=843D224D
SYNC_NOT_FOUND first4=4F944447
SYNC_NOT_FOUND first4=E090B87B
SYNC_NOT_FOUND first4=BE0D486B
SYNC_NOT_FOUND first4=FC4C688A
SYNC_NOT_FOUND first4=BE24721B
SYNC_NOT_FOUND first4=5704B51E
SYNC_NOT_FOUND first4=EB2F35BA
SYNC_NOT_FOUND first4=BBCB245B
SYNC_NOT_FOUND first4=8B0B558D
SYNC_NOT_FOUND first4=1AA859BF
SYNC_NOT_FOUND first4=093E7DAB
SYNC_NOT_FOUND first4=DC6F5CB8
2026-07-26T10:41:01.002226+00:00 SYNC_NOT_FOUND first4=F0BB482A
SYNC_NOT_FOUND first4=9EE20121
PHASE_RESULT 20 HF-FLRC-650-32 pktSize=32 rx=0 unique=0 lost=100 per=100.0 rssi_avg=0 rssi_min=0 crc_err=0 garbage=29 tx_lat=0.00000 tx_lon=0.00000 sats=0 fix=0 utc=0 tx_fw=none rx_fw=unknown
PHASE_GUARD 500
PHASE_START 21 HF-FLRC-650-64 pktSize=64
SYNC_NOT_FOUND first4=258F5B52
SYNC_NOT_FOUND first4=0970BB26
SYNC_NOT_FOUND first4=F587D758
SYNC_LOST phase=21 consecutive=3 cached_off=0
SYNC_NOT_FOUND first4=AAFA2728
SYNC_NOT_FOUND first4=EA7A63CB
SYNC_NOT_FOUND first4=9DCB5E04
SYNC_NOT_FOUND first4=A751836B
SYNC_NOT_FOUND first4=2585B1E7
SYNC_NOT_FOUND first4=1218100C
SYNC_NOT_FOUND first4=6060BF15
2026-07-26T10:41:02.013344+00:00 SYNC_NOT_FOUND first4=060A8312
SYNC_NOT_FOUND first4=07243B8D
SYNC_NOT_FOUND first4=7B3578B8
SYNC_NOT_FOUND first4=AFC70FA5
SYNC_NOT_FOUND first4=70CFE759
SYNC_NOT_FOUND first4=4F7AE930
SYNC_NOT_FOUND first4=3FBF59D7
SYNC_NOT_FOUND first4=CE9066FC
SYNC_NOT_FOUND first4=122111A9
SYNC_NOT_FOUND first4=C0A61FE2
SYNC_NOT_FOUND first4=01FD0CF4
SYNC_NOT_FOUND first4=F177253E
SYNC_NOT_FOUND first4=A310CABC
SYNC_NOT_FOUND first4=90AFC0D6
SYNC_NOT_FOUND first4=4CB15E13
SYNC_NOT_FOUND first4=0C1297EC
SYNC_NOT_FOUND first4=57EB1C14
2026-07-26T10:41:03.024747+00:00 TIME_SYNCED utc=1785062462 offset=1785033574
PHASE_RESULT 21 HF-FLRC-650-64 pktSize=64 rx=0 unique=0 lost=100 per=100.0 rssi_avg=0 rssi_min=0 crc_err=0 garbage=27 tx_lat=0.00000 tx_lon=0.00000 sats=0 fix=0 utc=0 tx_fw=none rx_fw=unknown
PHASE_GUARD 500
PHASE_START 22 HF-FLRC-650-128 pktSize=128
SYNC_NOT_FOUND first4=86B057D4
SYNC_NOT_FOUND first4=96C2FB22
SYNC_NOT_FOUND first4=3F1B3774
SYNC_NOT_FOUND first4=3B64CEB0
SYNC_NOT_FOUND first4=3C73DAFD
SYNC_NOT_FOUND first4=0CA1A009
SYNC_NOT_FOUND first4=EBB32F4C
2026-07-26T10:41:04.028139+00:00 SYNC_NOT_FOUND first4=C31E95A3
SYNC_NOT_FOUND first4=F8C025EC
SYNC_NOT_FOUND first4=67B5D9E6
PHASE_RESULT 22 HF-FLRC-650-128 pktSize=128 rx=0 unique=0 lost=100 per=100.0 rssi_avg=0 rssi_min=0 crc_err=0 garbage=10 tx_lat=0.00000 tx_lon=0.00000 sats=0 fix=0 utc=0 tx_fw=none rx_fw=unknown
PHASE_GUARD 500
PHASE_START 23 HF-FLRC-650-255 pktSize=255
SYNC_NOT_FOUND first4=568B9FF5
SYNC_NOT_FOUND first4=1E24884F
SYNC_NOT_FOUND first4=4E5D7492
SYNC_NOT_FOUND first4=A1895313
SYNC_NOT_FOUND first4=D47B8CF9
SYNC_NOT_FOUND first4=6775B22F
2026-07-26T10:41:05.039867+00:00 SYNC_NOT_FOUND first4=E3DE8A26
SYNC_NOT_FOUND first4=C7FE26F2
SYNC_NOT_FOUND first4=DD2A67E4
SYNC_NOT_FOUND first4=CDFC184E
SYNC_NOT_FOUND first4=5102862A
SYNC_NOT_FOUND first4=A3BF2554
SYNC_NOT_FOUND first4=94E508E0
SYNC_NOT_FOUND first4=DFEA8667
SYNC_NOT_FOUND first4=7577C912
SYNC_NOT_FOUND first4=83701B31
2026-07-26T10:41:06.050295+00:00 SYNC_NOT_FOUND first4=A0989351
PHASE_RESULT 23 HF-FLRC-650-255 pktSize=255 rx=0 unique=0 lost=100 per=100.0 rssi_avg=0 rssi_min=0 crc_err=0 garbage=17 tx_lat=0.00000 tx_lon=0.00000 sats=0 fix=0 utc=0 tx_fw=none rx_fw=unknown
PHASE_GUARD 500
PHASE_START 24 HF-FLRC-325-32 pktSize=32
SYNC_NOT_FOUND first4=31236348
2026-07-26T10:41:07.059976+00:00 SYNC_NOT_FOUND first4=B8EEF20E
SYNC_NOT_FOUND first4=248769FD
SYNC_LOST phase=24 consecutive=3 cached_off=0
2026-07-26T10:41:08.072032+00:00 SYNC_NOT_FOUND first4=05856556
PHASE_RESULT 24 HF-FLRC-325-32 pktSize=32 rx=0 unique=0 lost=100 per=100.0 rssi_avg=0 rssi_min=0 crc_err=0 garbage=4 tx_lat=0.00000 tx_lon=0.00000 sats=0 fix=0 utc=0 tx_fw=none rx_fw=unknown
PHASE_GUARD 500
PHASE_START 25 HF-FLRC-325-64 pktSize=64
TIME_SYNCED utc=1785062467 offset=1785033573
PHASE_RESULT 25 HF-FLRC-325-64 pktSize=64 rx=0 unique=0 lost=100 per=100.0 rssi_avg=0 rssi_min=0 crc_err=0 garbage=0 tx_lat=0.00000 tx_lon=0.00000 sats=0 fix=0 utc=0 tx_fw=none rx_fw=unknown
PHASE_GUARD 500
PHASE_START 24 HF-FLRC-325-32 pktSize=32
