=== GPS LOCK MONITOR START Sun Jul 26 02:18:23 AM UTC 2026 ===
02:18:33 | status=V sats=0
02:19:43 | status=V sats=0
02:20:53 | status=V sats=0
02:22:03 | status=V sats=0
02:23:13 | status=V sats=
02:24:15 | status=V sats=
02:25:16 | status= sats=
02:26:26 | status=V sats=
02:27:36 | status=V sats=0
02:28:46 | status=V sats=0
02:29:46 | status= sats=
02:30:50 | status=V sats=
02:32:00 | status=V sats=0
02:33:00 | status= sats=
02:34:00 | status= sats=
02:35:01 | status= sats=
02:36:11 | status=V sats=0
02:37:21 | status=V sats=0
02:38:31 | status=V sats=0
02:39:31 | status= sats=
02:40:31 | status= sats=
02:41:31 | status= sats=
02:42:32 | status= sats=
02:43:32 | status= sats=
02:44:32 | status= sats=
02:45:32 | status= sats=
02:46:33 | status= sats=
02:47:33 | status= sats=
02:48:33 | status= sats=
02:49:33 | status= sats=
02:50:34 | status= sats=
02:51:34 | status= sats=
02:52:34 | status= sats=
02:53:34 | status= sats=
02:54:35 | status= sats=
02:55:35 | status= sats=
02:56:35 | status= sats=
02:57:35 | status= sats=
02:58:36 | status= sats=
02:59:36 | status= sats=
03:00:36 | status= sats=
03:01:36 | status= sats=
03:02:36 | status= sats=
03:03:37 | status= sats=
03:04:37 | status= sats=
03:05:37 | status= sats=
03:06:37 | status= sats=
03:07:38 | status= sats=
03:08:38 | status= sats=
03:09:38 | status= sats=
03:10:38 | status= sats=
03:11:39 | status= sats=
03:12:39 | status= sats=
03:13:39 | status= sats=
03:14:39 | status= sats=
03:15:40 | status= sats=
03:16:40 | status= sats=
03:17:40 | status= sats=
03:18:40 | status= sats=
03:19:41 | status= sats=
03:20:41 | status= sats=
03:21:41 | status= sats=
03:22:41 | status= sats=
03:23:41 | status= sats=
03:24:42 | status= sats=
03:25:42 | status= sats=
03:26:42 | status= sats=
03:27:42 | status= sats=
03:28:43 | status= sats=
03:29:43 | status= sats=
03:30:43 | status= sats=
03:31:43 | status= sats=
03:32:44 | status= sats=
03:33:44 | status= sats=
03:34:44 | status= sats=
03:35:44 | status= sats=
03:36:45 | status= sats=
03:37:45 | status= sats=
03:38:45 | status= sats=
03:39:45 | status= sats=
03:40:46 | status= sats=
03:41:46 | status= sats=
03:42:46 | status= sats=
03:43:46 | status= sats=
03:44:46 | status= sats=
03:45:47 | status= sats=
03:46:47 | status= sats=
03:47:47 | status= sats=
03:48:47 | status= sats=
03:49:48 | status= sats=
03:50:48 | status= sats=
03:51:48 | status= sats=
03:52:48 | status= sats=
03:53:49 | status= sats=
03:54:49 | status= sats=
03:55:49 | status= sats=
03:56:49 | status= sats=
03:57:50 | status= sats=
03:58:50 | status= sats=
03:59:50 | status= sats=
04:00:50 | status= sats=
04:01:51 | status= sats=
04:02:51 | status= sats=
04:03:51 | status= sats=
04:04:51 | status= sats=
04:05:51 | status= sats=
04:06:52 | status= sats=
04:07:52 | status= sats=
04:08:52 | status= sats=
04:09:52 | status= sats=
04:10:53 | status= sats=
04:11:53 | status= sats=
04:12:53 | status= sats=
04:13:53 | status= sats=
04:14:54 | status= sats=
04:15:54 | status= sats=
04:16:54 | status= sats=
04:17:54 | status= sats=
04:18:55 | status= sats=
04:19:55 | status= sats=
=== MONITOR END Sun Jul 26 04:20:55 AM UTC 2026 ===
